Archive member included because of file (symbol)

/Users/william/Applications/openlpc/bin/../lib/gcc/arm-none-eabi/4.5.2/../../../../arm-none-eabi/lib/thumb2/libc.a(lib_a-printf.o)
                              main.o (printf)
/Users/william/Applications/openlpc/bin/../lib/gcc/arm-none-eabi/4.5.2/../../../../arm-none-eabi/lib/thumb2/libc.a(lib_a-vfprintf.o)
                              /Users/william/Applications/openlpc/bin/../lib/gcc/arm-none-eabi/4.5.2/../../../../arm-none-eabi/lib/thumb2/libc.a(lib_a-printf.o) (_vfprintf_r)
/Users/william/Applications/openlpc/bin/../lib/gcc/arm-none-eabi/4.5.2/../../../../arm-none-eabi/lib/thumb2/libc.a(lib_a-wsetup.o)
                              /Users/william/Applications/openlpc/bin/../lib/gcc/arm-none-eabi/4.5.2/../../../../arm-none-eabi/lib/thumb2/libc.a(lib_a-vfprintf.o) (__swsetup_r)
/Users/william/Applications/openlpc/bin/../lib/gcc/arm-none-eabi/4.5.2/../../../../arm-none-eabi/lib/thumb2/libc.a(lib_a-dtoa.o)
                              /Users/william/Applications/openlpc/bin/../lib/gcc/arm-none-eabi/4.5.2/../../../../arm-none-eabi/lib/thumb2/libc.a(lib_a-vfprintf.o) (_dtoa_r)
/Users/william/Applications/openlpc/bin/../lib/gcc/arm-none-eabi/4.5.2/../../../../arm-none-eabi/lib/thumb2/libc.a(lib_a-fflush.o)
                              /Users/william/Applications/openlpc/bin/../lib/gcc/arm-none-eabi/4.5.2/../../../../arm-none-eabi/lib/thumb2/libc.a(lib_a-vfprintf.o) (_fflush_r)
/Users/william/Applications/openlpc/bin/../lib/gcc/arm-none-eabi/4.5.2/../../../../arm-none-eabi/lib/thumb2/libc.a(lib_a-findfp.o)
                              /Users/william/Applications/openlpc/bin/../lib/gcc/arm-none-eabi/4.5.2/../../../../arm-none-eabi/lib/thumb2/libc.a(lib_a-printf.o) (__sinit)
/Users/william/Applications/openlpc/bin/../lib/gcc/arm-none-eabi/4.5.2/../../../../arm-none-eabi/lib/thumb2/libc.a(lib_a-freer.o)
                              /Users/william/Applications/openlpc/bin/../lib/gcc/arm-none-eabi/4.5.2/../../../../arm-none-eabi/lib/thumb2/libc.a(lib_a-wsetup.o) (_free_r)
/Users/william/Applications/openlpc/bin/../lib/gcc/arm-none-eabi/4.5.2/../../../../arm-none-eabi/lib/thumb2/libc.a(lib_a-fwalk.o)
                              /Users/william/Applications/openlpc/bin/../lib/gcc/arm-none-eabi/4.5.2/../../../../arm-none-eabi/lib/thumb2/libc.a(lib_a-findfp.o) (_fwalk)
/Users/william/Applications/openlpc/bin/../lib/gcc/arm-none-eabi/4.5.2/../../../../arm-none-eabi/lib/thumb2/libc.a(lib_a-impure.o)
                              /Users/william/Applications/openlpc/bin/../lib/gcc/arm-none-eabi/4.5.2/../../../../arm-none-eabi/lib/thumb2/libc.a(lib_a-printf.o) (_impure_ptr)
/Users/william/Applications/openlpc/bin/../lib/gcc/arm-none-eabi/4.5.2/../../../../arm-none-eabi/lib/thumb2/libc.a(lib_a-locale.o)
                              /Users/william/Applications/openlpc/bin/../lib/gcc/arm-none-eabi/4.5.2/../../../../arm-none-eabi/lib/thumb2/libc.a(lib_a-vfprintf.o) (_localeconv_r)
/Users/william/Applications/openlpc/bin/../lib/gcc/arm-none-eabi/4.5.2/../../../../arm-none-eabi/lib/thumb2/libc.a(lib_a-makebuf.o)
                              /Users/william/Applications/openlpc/bin/../lib/gcc/arm-none-eabi/4.5.2/../../../../arm-none-eabi/lib/thumb2/libc.a(lib_a-wsetup.o) (__smakebuf_r)
/Users/william/Applications/openlpc/bin/../lib/gcc/arm-none-eabi/4.5.2/../../../../arm-none-eabi/lib/thumb2/libc.a(lib_a-malloc.o)
                              /Users/william/Applications/openlpc/bin/../lib/gcc/arm-none-eabi/4.5.2/../../../../arm-none-eabi/lib/thumb2/libc.a(lib_a-dtoa.o) (malloc)
/Users/william/Applications/openlpc/bin/../lib/gcc/arm-none-eabi/4.5.2/../../../../arm-none-eabi/lib/thumb2/libc.a(lib_a-mallocr.o)
                              /Users/william/Applications/openlpc/bin/../lib/gcc/arm-none-eabi/4.5.2/../../../../arm-none-eabi/lib/thumb2/libc.a(lib_a-findfp.o) (_malloc_r)
/Users/william/Applications/openlpc/bin/../lib/gcc/arm-none-eabi/4.5.2/../../../../arm-none-eabi/lib/thumb2/libc.a(lib_a-memchr.o)
                              /Users/william/Applications/openlpc/bin/../lib/gcc/arm-none-eabi/4.5.2/../../../../arm-none-eabi/lib/thumb2/libc.a(lib_a-vfprintf.o) (memchr)
/Users/william/Applications/openlpc/bin/../lib/gcc/arm-none-eabi/4.5.2/../../../../arm-none-eabi/lib/thumb2/libc.a(lib_a-memcpy.o)
                              /Users/william/Applications/openlpc/bin/../lib/gcc/arm-none-eabi/4.5.2/../../../../arm-none-eabi/lib/thumb2/libc.a(lib_a-dtoa.o) (memcpy)
/Users/william/Applications/openlpc/bin/../lib/gcc/arm-none-eabi/4.5.2/../../../../arm-none-eabi/lib/thumb2/libc.a(lib_a-memset.o)
                              /Users/william/Applications/openlpc/bin/../lib/gcc/arm-none-eabi/4.5.2/../../../../arm-none-eabi/lib/thumb2/libc.a(lib_a-findfp.o) (memset)
/Users/william/Applications/openlpc/bin/../lib/gcc/arm-none-eabi/4.5.2/../../../../arm-none-eabi/lib/thumb2/libc.a(lib_a-mlock.o)
[...]
Memory Configuration

Name             Origin             Length             Attributes
rom              0x00006000         0x0007a000         xr
ram              0x10000000         0x00008000         xrw
ram1             0x2007c000         0x00004000         xrw
ram2             0x20080000         0x00004000         xrw
*default*        0x00000000         0xffffffff

Linker script and memory map

LOAD main.o
LOAD /Users/william/Applications/openlpc/bin/../lib/gcc/arm-none-eabi/4.5.2/../../../../arm-none-eabi/lib/thumb2/libc.a
LOAD /Users/william/Applications/openlpc/bin/../lib/gcc/arm-none-eabi/4.5.2/../../../../arm-none-eabi/lib/thumb2/libm.a
LOAD /Users/william/Applications/openlpc/bin/../lib/gcc/arm-none-eabi/4.5.2/../../../../arm-none-eabi/lib/thumb2/libstartup.lpc17xx.a
LOAD /Users/william/Applications/openlpc/bin/../lib/gcc/arm-none-eabi/4.5.2/../../../../arm-none-eabi/lib/thumb2/liblpc17xx.lpc17xx.a
START GROUP
LOAD /Users/william/Applications/openlpc/bin/../lib/gcc/arm-none-eabi/4.5.2/thumb2/libgcc.a
LOAD /Users/william/Applications/openlpc/bin/../lib/gcc/arm-none-eabi/4.5.2/../../../../arm-none-eabi/lib/thumb2/libc.a
END GROUP
                0x10000618                PROVIDE (__cs3_heap_start, _end)
                0x10008000                PROVIDE (__cs3_heap_end, (__cs3_region_start_ram + __cs3_region_size_ram))
                0x00000001                PROVIDE (__cs3_region_num, ((__cs3_regions_end - __cs3_regions) / 0x14))
                0x10008000                PROVIDE (__cs3_stack, (__cs3_region_start_ram + __cs3_region_size_ram))
                0x10007ffc                _stack_top = 0x10007ffc
                0x00006000                . = 0x6000

.text           0x00006000     0x7718
 CREATE_OBJECT_SYMBOLS
                0x00006000                __cs3_region_start_rom = .
 *(.cs3.region-head.rom)
                0x00006001                ASSERT ((. == __cs3_region_start_rom), .cs3.region-head.rom not permitted)
 *(.vectors)
 .vectors       0x00006000       0xcc /Users/william/Applications/openlpc/bin/../lib/gcc/arm-none-eabi/4.5.2/../../../../arm-none-eabi/lib/thumb2/libstartup.lpc17xx.a(startup_LPC17xx.o)
                0x00006000                _vectors
 *(.reset)
 .reset         0x000060cc       0x44 /Users/william/Applications/openlpc/bin/../lib/gcc/arm-none-eabi/4.5.2/../../../../arm-none-eabi/lib/thumb2/libstartup.lpc17xx.a(startup_LPC17xx.o)
                0x000060cc                Reset_Handler
 *(.text.cs3.init)
 *(.text .text.* .gnu.linkonce.t.*)
 .text          0x00006110      0xc08 main.o
                0x00006110                ext_adc_setup
                0x0000617c                ui_setup
                0x000061d4                ui_set
                0x00006250                servo_steer
                0x000062a4                servo_setup
                0x000062f8                motor_speed
                0x00006340                digipot_setup
                0x000063d4                motor_brake
                0x0000641c                rgb_set
                0x00006484                rgb_setup
                0x000064cc                mux_setup
                0x000064fc                mux_set
                0x0000651c                motor_setup
                0x000065a8                EINT3_IRQHandler
                0x000065d8                set_pot
                0x00006614                main
                0x00006b14                I2C2_IRQHandler
 .text          0x00006d18        0x0 /Users/william/Applications/openlpc/bin/../lib/gcc/arm-none-eabi/4.5.2/../../../../arm-none-eabi/lib/thumb2/libc.a(lib_a-printf.o)
 .text._printf_r
                0x00006d18       0x26 /Users/william/Applications/openlpc/bin/../lib/gcc/arm-none-eabi/4.5.2/../../../../arm-none-eabi/lib/thumb2/libc.a(lib_a-printf.o)
                0x00006d18                _printf_r
 *fill*         0x00006d3e        0x2 00
 .text.printf   0x00006d40       0x30 /Users/william/Applications/openlpc/bin/../lib/gcc/arm-none-eabi/4.5.2/../../../../arm-none-eabi/lib/thumb2/libc.a(lib_a-printf.o)
                0x00006d40                printf
 .text          0x00006d70        0x0 /Users/william/Applications/openlpc/bin/../lib/gcc/arm-none-eabi/4.5.2/../../../../arm-none-eabi/lib/thumb2/libc.a(lib_a-vfprintf.o)
 .text._vfprintf_r
                0x00006d70     0x11d4 /Users/william/Applications/openlpc/bin/../lib/gcc/arm-none-eabi/4.5.2/../../../../arm-none-eabi/lib/thumb2/libc.a(lib_a-vfprintf.o)
                0x00006d70                _vfprintf_r
 .text.vfprintf
                0x00007f44       0x1c /Users/william/Applications/openlpc/bin/../lib/gcc/arm-none-eabi/4.5.2/../../../../arm-none-eabi/lib/thumb2/libc.a(lib_a-vfprintf.o)
                0x00007f44                vfprintf
 .text          0x00007f60        0x0 /Users/william/Applications/openlpc/bin/../lib/gcc/arm-none-eabi/4.5.2/../../../../arm-none-eabi/lib/thumb2/libc.a(lib_a-wsetup.o)
 .text.__swsetup_r
                0x00007f60       0xdc /Users/william/Applications/openlpc/bin/../lib/gcc/arm-none-eabi/4.5.2/../../../../arm-none-eabi/lib/thumb2/libc.a(lib_a-wsetup.o)
                0x00007f60                __swsetup_r
 .text          0x0000803c        0x0 /Users/william/Applications/openlpc/bin/../lib/gcc/arm-none-eabi/4.5.2/../../../../arm-none-eabi/lib/thumb2/libc.a(lib_a-dtoa.o)
 .text.quorem   0x0000803c      0x124 /Users/william/Applications/openlpc/bin/../lib/gcc/arm-none-eabi/4.5.2/../../../../arm-none-eabi/lib/thumb2/libc.a(lib_a-dtoa.o)
 .text._dtoa_r  0x00008160      0xc08 /Users/william/Applications/openlpc/bin/../lib/gcc/arm-none-eabi/4.5.2/../../../../arm-none-eabi/lib/thumb2/libc.a(lib_a-dtoa.o)
                0x00008160                _dtoa_r
 .text          0x00008d68        0x0 /Users/william/Applications/openlpc/bin/../lib/gcc/arm-none-eabi/4.5.2/../../../../arm-none-eabi/lib/thumb2/libc.a(lib_a-fflush.o)
 .text._fflush_r
                0x00008d68      0x174 /Users/william/Applications/openlpc/bin/../lib/gcc/arm-none-eabi/4.5.2/../../../../arm-none-eabi/lib/thumb2/libc.a(lib_a-fflush.o)
                0x00008d68                _fflush_r
 .text.fflush   0x00008edc       0x24 /Users/william/Applications/openlpc/bin/../lib/gcc/arm-none-eabi/4.5.2/../../../../arm-none-eabi/lib/thumb2/libc.a(lib_a-fflush.o)
                0x00008edc                fflush
 .text          0x00008f00        0x0 /Users/william/Applications/openlpc/bin/../lib/gcc/arm-none-eabi/4.5.2/../../../../arm-none-eabi/lib/thumb2/libc.a(lib_a-findfp.o)
 .text.__fp_lock
                0x00008f00        0x4 /Users/william/Applications/openlpc/bin/../lib/gcc/arm-none-eabi/4.5.2/../../../../arm-none-eabi/lib/thumb2/libc.a(lib_a-findfp.o)
 .text.__fp_unlock
                0x00008f04        0x4 /Users/william/Applications/openlpc/bin/../lib/gcc/arm-none-eabi/4.5.2/../../../../arm-none-eabi/lib/thumb2/libc.a(lib_a-findfp.o)
 .text._cleanup_r
                0x00008f08        0xc /Users/william/Applications/openlpc/bin/../lib/gcc/arm-none-eabi/4.5.2/../../../../arm-none-eabi/lib/thumb2/libc.a(lib_a-findfp.o)
                0x00008f08                _cleanup_r
 .text.std.clone.0
                0x00008f14       0x48 /Users/william/Applications/openlpc/bin/../lib/gcc/arm-none-eabi/4.5.2/../../../../arm-none-eabi/lib/thumb2/libc.a(lib_a-findfp.o)
 .text.__sfmoreglue
                0x00008f5c       0x28 /Users/william/Applications/openlpc/bin/../lib/gcc/arm-none-eabi/4.5.2/../../../../arm-none-eabi/lib/thumb2/libc.a(lib_a-findfp.o)
                0x00008f5c                __sfmoreglue
 .text._cleanup
                0x00008f84        0xc /Users/william/Applications/openlpc/bin/../lib/gcc/arm-none-eabi/4.5.2/../../../../arm-none-eabi/lib/thumb2/libc.a(lib_a-findfp.o)
                0x00008f84                _cleanup
 .text.__sinit  0x00008f90       0x5c /Users/william/Applications/openlpc/bin/../lib/gcc/arm-none-eabi/4.5.2/../../../../arm-none-eabi/lib/thumb2/libc.a(lib_a-findfp.o)
                0x00008f90                __sinit
 .text.__sfp    0x00008fec       0x78 /Users/william/Applications/openlpc/bin/../lib/gcc/arm-none-eabi/4.5.2/../../../../arm-none-eabi/lib/thumb2/libc.a(lib_a-findfp.o)
                0x00008fec                __sfp
 .text.__sfp_lock_acquire
                0x00009064        0x2 /Users/william/Applications/openlpc/bin/../lib/gcc/arm-none-eabi/4.5.2/../../../../arm-none-eabi/lib/thumb2/libc.a(lib_a-findfp.o)
                0x00009064                __sfp_lock_acquire
 .text.__sfp_lock_release
                0x00009066        0x2 /Users/william/Applications/openlpc/bin/../lib/gcc/arm-none-eabi/4.5.2/../../../../arm-none-eabi/lib/thumb2/libc.a(lib_a-findfp.o)
                0x00009066                __sfp_lock_release
 .text.__sinit_lock_acquire
                0x00009068        0x2 /Users/william/Applications/openlpc/bin/../lib/gcc/arm-none-eabi/4.5.2/../../../../arm-none-eabi/lib/thumb2/libc.a(lib_a-findfp.o)
                0x00009068                __sinit_lock_acquire
 .text.__sinit_lock_release
                0x0000906a        0x2 /Users/william/Applications/openlpc/bin/../lib/gcc/arm-none-eabi/4.5.2/../../../../arm-none-eabi/lib/thumb2/libc.a(lib_a-findfp.o)
                0x0000906a                __sinit_lock_release
 .text.__fp_lock_all
                0x0000906c       0x14 /Users/william/Applications/openlpc/bin/../lib/gcc/arm-none-eabi/4.5.2/../../../../arm-none-eabi/lib/thumb2/libc.a(lib_a-findfp.o)
                0x0000906c                __fp_lock_all
 .text.__fp_unlock_all
                0x00009080       0x14 /Users/william/Applications/openlpc/bin/../lib/gcc/arm-none-eabi/4.5.2/../../../../arm-none-eabi/lib/thumb2/libc.a(lib_a-findfp.o)
                0x00009080                __fp_unlock_all
 .text          0x00009094        0x0 /Users/william/Applications/openlpc/bin/../lib/gcc/arm-none-eabi/4.5.2/../../../../arm-none-eabi/lib/thumb2/libc.a(lib_a-freer.o)
 .text._malloc_trim_r
                0x00009094       0x98 /Users/william/Applications/openlpc/bin/../lib/gcc/arm-none-eabi/4.5.2/../../../../arm-none-eabi/lib/thumb2/libc.a(lib_a-freer.o)
                0x00009094                _malloc_trim_r
 .text._free_r  0x0000912c      0x180 /Users/william/Applications/openlpc/bin/../lib/gcc/arm-none-eabi/4.5.2/../../../../arm-none-eabi/lib/thumb2/libc.a(lib_a-freer.o)
                0x0000912c                _free_r
 .text          0x000092ac        0x0 /Users/william/Applications/openlpc/bin/../lib/gcc/arm-none-eabi/4.5.2/../../../../arm-none-eabi/lib/thumb2/libc.a(lib_a-fwalk.o)
 .text._fwalk   0x000092ac       0x44 /Users/william/Applications/openlpc/bin/../lib/gcc/arm-none-eabi/4.5.2/../../../../arm-none-eabi/lib/thumb2/libc.a(lib_a-fwalk.o)
                0x000092ac                _fwalk
 .text._fwalk_reent
                0x000092f0       0x48 /Users/william/Applications/openlpc/bin/../lib/gcc/arm-none-eabi/4.5.2/../../../../arm-none-eabi/lib/thumb2/libc.a(lib_a-fwalk.o)
                0x000092f0                _fwalk_reent
 .text          0x00009338        0x0 /Users/william/Applications/openlpc/bin/../lib/gcc/arm-none-eabi/4.5.2/../../../../arm-none-eabi/lib/thumb2/libc.a(lib_a-impure.o)
 .text          0x00009338        0x0 /Users/william/Applications/openlpc/bin/../lib/gcc/arm-none-eabi/4.5.2/../../../../arm-none-eabi/lib/thumb2/libc.a(lib_a-locale.o)
 .text._setlocale_r
                0x00009338       0x44 /Users/william/Applications/openlpc/bin/../lib/gcc/arm-none-eabi/4.5.2/../../../../arm-none-eabi/lib/thumb2/libc.a(lib_a-locale.o)
                0x00009338                _setlocale_r
 .text.__locale_charset
                0x0000937c        0x8 /Users/william/Applications/openlpc/bin/../lib/gcc/arm-none-eabi/4.5.2/../../../../arm-none-eabi/lib/thumb2/libc.a(lib_a-locale.o)
                0x0000937c                __locale_charset
 .text.__locale_mb_cur_max
                0x00009384        0xc /Users/william/Applications/openlpc/bin/../lib/gcc/arm-none-eabi/4.5.2/../../../../arm-none-eabi/lib/thumb2/libc.a(lib_a-locale.o)
                0x00009384                __locale_mb_cur_max
 .text.__locale_msgcharset
                0x00009390        0x8 /Users/william/Applications/openlpc/bin/../lib/gcc/arm-none-eabi/4.5.2/../../../../arm-none-eabi/lib/thumb2/libc.a(lib_a-locale.o)
                0x00009390                __locale_msgcharset
 .text.__locale_cjk_lang
                0x00009398        0x4 /Users/william/Applications/openlpc/bin/../lib/gcc/arm-none-eabi/4.5.2/../../../../arm-none-eabi/lib/thumb2/libc.a(lib_a-locale.o)
                0x00009398                __locale_cjk_lang
 .text._localeconv_r
                0x0000939c        0x8 /Users/william/Applications/openlpc/bin/../lib/gcc/arm-none-eabi/4.5.2/../../../../arm-none-eabi/lib/thumb2/libc.a(lib_a-locale.o)
                0x0000939c                _localeconv_r
 .text.setlocale
                0x000093a4       0x14 /Users/william/Applications/openlpc/bin/../lib/gcc/arm-none-eabi/4.5.2/../../../../arm-none-eabi/lib/thumb2/libc.a(lib_a-locale.o)
                0x000093a4                setlocale
 .text.localeconv
                0x000093b8        0x8 /Users/william/Applications/openlpc/bin/../lib/gcc/arm-none-eabi/4.5.2/../../../../arm-none-eabi/lib/thumb2/libc.a(lib_a-locale.o)
                0x000093b8                localeconv
 .text          0x000093c0        0x0 /Users/william/Applications/openlpc/bin/../lib/gcc/arm-none-eabi/4.5.2/../../../../arm-none-eabi/lib/thumb2/libc.a(lib_a-makebuf.o)
 .text.__smakebuf_r
                0x000093c0       0xe0 /Users/william/Applications/openlpc/bin/../lib/gcc/arm-none-eabi/4.5.2/../../../../arm-none-eabi/lib/thumb2/libc.a(lib_a-makebuf.o)
                0x000093c0                __smakebuf_r
 .text          0x000094a0        0x0 /Users/william/Applications/openlpc/bin/../lib/gcc/arm-none-eabi/4.5.2/../../../../arm-none-eabi/lib/thumb2/libc.a(lib_a-malloc.o)
 .text.malloc   0x000094a0       0x10 /Users/william/Applications/openlpc/bin/../lib/gcc/arm-none-eabi/4.5.2/../../../../arm-none-eabi/lib/thumb2/libc.a(lib_a-malloc.o)
                0x000094a0                malloc
 .text.free     0x000094b0       0x10 /Users/william/Applications/openlpc/bin/../lib/gcc/arm-none-eabi/4.5.2/../../../../arm-none-eabi/lib/thumb2/libc.a(lib_a-malloc.o)
                0x000094b0                free
 .text          0x000094c0        0x0 /Users/william/Applications/openlpc/bin/../lib/gcc/arm-none-eabi/4.5.2/../../../../arm-none-eabi/lib/thumb2/libc.a(lib_a-mallocr.o)
 .text._malloc_r
                0x000094c0      0x418 /Users/william/Applications/openlpc/bin/../lib/gcc/arm-none-eabi/4.5.2/../../../../arm-none-eabi/lib/thumb2/libc.a(lib_a-mallocr.o)
                0x000094c0                _malloc_r
 .text          0x000098d8        0x0 /Users/william/Applications/openlpc/bin/../lib/gcc/arm-none-eabi/4.5.2/../../../../arm-none-eabi/lib/thumb2/libc.a(lib_a-memchr.o)
 .text.memchr   0x000098d8       0x1c /Users/william/Applications/openlpc/bin/../lib/gcc/arm-none-eabi/4.5.2/../../../../arm-none-eabi/lib/thumb2/libc.a(lib_a-memchr.o)
                0x000098d8                memchr
 .text          0x000098f4        0x0 /Users/william/Applications/openlpc/bin/../lib/gcc/arm-none-eabi/4.5.2/../../../../arm-none-eabi/lib/thumb2/libc.a(lib_a-memcpy.o)
 .text.memcpy   0x000098f4       0x16 /Users/william/Applications/openlpc/bin/../lib/gcc/arm-none-eabi/4.5.2/../../../../arm-none-eabi/lib/thumb2/libc.a(lib_a-memcpy.o)
                0x000098f4                memcpy
 .text          0x0000990a        0x0 /Users/william/Applications/openlpc/bin/../lib/gcc/arm-none-eabi/4.5.2/../../../../arm-none-eabi/lib/thumb2/libc.a(lib_a-memset.o)
 .text.memset   0x0000990a       0x10 /Users/william/Applications/openlpc/bin/../lib/gcc/arm-none-eabi/4.5.2/../../../../arm-none-eabi/lib/thumb2/libc.a(lib_a-memset.o)
                0x0000990a                memset
 .text          0x0000991a        0x0 /Users/william/Applications/openlpc/bin/../lib/gcc/arm-none-eabi/4.5.2/../../../../arm-none-eabi/lib/thumb2/libc.a(lib_a-mlock.o)
 .text.__malloc_lock
                0x0000991a        0x2 /Users/william/Applications/openlpc/bin/../lib/gcc/arm-none-eabi/4.5.2/../../../../arm-none-eabi/lib/thumb2/libc.a(lib_a-mlock.o)
                0x0000991a                __malloc_lock
 .text.__malloc_unlock
                0x0000991c        0x2 /Users/william/Applications/openlpc/bin/../lib/gcc/arm-none-eabi/4.5.2/../../../../arm-none-eabi/lib/thumb2/libc.a(lib_a-mlock.o)
                0x0000991c                __malloc_unlock
 .text          0x0000991e        0x0 /Users/william/Applications/openlpc/bin/../lib/gcc/arm-none-eabi/4.5.2/../../../../arm-none-eabi/lib/thumb2/libc.a(lib_a-mprec.o)
 .text._Balloc  0x0000991e       0x62 /Users/william/Applications/openlpc/bin/../lib/gcc/arm-none-eabi/4.5.2/../../../../arm-none-eabi/lib/thumb2/libc.a(lib_a-mprec.o)
                0x0000991e                _Balloc
 .text._Bfree   0x00009980       0x2e /Users/william/Applications/openlpc/bin/../lib/gcc/arm-none-eabi/4.5.2/../../../../arm-none-eabi/lib/thumb2/libc.a(lib_a-mprec.o)
                0x00009980                _Bfree
 .text.__multadd
                0x000099ae       0x7c /Users/william/Applications/openlpc/bin/../lib/gcc/arm-none-eabi/4.5.2/../../../../arm-none-eabi/lib/thumb2/libc.a(lib_a-mprec.o)
                0x000099ae                __multadd
 .text.__s2b    0x00009a2a       0x7c /Users/william/Applications/openlpc/bin/../lib/gcc/arm-none-eabi/4.5.2/../../../../arm-none-eabi/lib/thumb2/libc.a(lib_a-mprec.o)
                0x00009a2a                __s2b
 .text.__hi0bits
                0x00009aa6       0x40 /Users/william/Applications/openlpc/bin/../lib/gcc/arm-none-eabi/4.5.2/../../../../arm-none-eabi/lib/thumb2/libc.a(lib_a-mprec.o)
                0x00009aa6                __hi0bits
 .text.__lo0bits
                0x00009ae6       0x64 /Users/william/Applications/openlpc/bin/../lib/gcc/arm-none-eabi/4.5.2/../../../../arm-none-eabi/lib/thumb2/libc.a(lib_a-mprec.o)
                0x00009ae6                __lo0bits
 .text.__i2b    0x00009b4a       0x12 /Users/william/Applications/openlpc/bin/../lib/gcc/arm-none-eabi/4.5.2/../../../../arm-none-eabi/lib/thumb2/libc.a(lib_a-mprec.o)
                0x00009b4a                __i2b
 .text.__multiply
                0x00009b5c      0x124 /Users/william/Applications/openlpc/bin/../lib/gcc/arm-none-eabi/4.5.2/../../../../arm-none-eabi/lib/thumb2/libc.a(lib_a-mprec.o)
                0x00009b5c                __multiply
 .text.__pow5mult
                0x00009c80       0xa4 /Users/william/Applications/openlpc/bin/../lib/gcc/arm-none-eabi/4.5.2/../../../../arm-none-eabi/lib/thumb2/libc.a(lib_a-mprec.o)
                0x00009c80                __pow5mult
 .text.__lshift
                0x00009d24       0x98 /Users/william/Applications/openlpc/bin/../lib/gcc/arm-none-eabi/4.5.2/../../../../arm-none-eabi/lib/thumb2/libc.a(lib_a-mprec.o)
                0x00009d24                __lshift
 .text.__mcmp   0x00009dbc       0x3a /Users/william/Applications/openlpc/bin/../lib/gcc/arm-none-eabi/4.5.2/../../../../arm-none-eabi/lib/thumb2/libc.a(lib_a-mprec.o)
                0x00009dbc                __mcmp
 .text.__mdiff  0x00009df6       0xc6 /Users/william/Applications/openlpc/bin/../lib/gcc/arm-none-eabi/4.5.2/../../../../arm-none-eabi/lib/thumb2/libc.a(lib_a-mprec.o)
                0x00009df6                __mdiff
 .text.__ulp    0x00009ebc       0x40 /Users/william/Applications/openlpc/bin/../lib/gcc/arm-none-eabi/4.5.2/../../../../arm-none-eabi/lib/thumb2/libc.a(lib_a-mprec.o)
                0x00009ebc                __ulp
 .text.__b2d    0x00009efc       0xa4 /Users/william/Applications/openlpc/bin/../lib/gcc/arm-none-eabi/4.5.2/../../../../arm-none-eabi/lib/thumb2/libc.a(lib_a-mprec.o)
                0x00009efc                __b2d
 .text.__d2b    0x00009fa0       0xbc /Users/william/Applications/openlpc/bin/../lib/gcc/arm-none-eabi/4.5.2/../../../../arm-none-eabi/lib/thumb2/libc.a(lib_a-mprec.o)
                0x00009fa0                __d2b
 .text.__ratio  0x0000a05c       0x46 /Users/william/Applications/openlpc/bin/../lib/gcc/arm-none-eabi/4.5.2/../../../../arm-none-eabi/lib/thumb2/libc.a(lib_a-mprec.o)
                0x0000a05c                __ratio
 *fill*         0x0000a0a2        0x2 00
 .text._mprec_log10
                0x0000a0a4       0x34 /Users/william/Applications/openlpc/bin/../lib/gcc/arm-none-eabi/4.5.2/../../../../arm-none-eabi/lib/thumb2/libc.a(lib_a-mprec.o)
                0x0000a0a4                _mprec_log10
 .text.__copybits
                0x0000a0d8       0x32 /Users/william/Applications/openlpc/bin/../lib/gcc/arm-none-eabi/4.5.2/../../../../arm-none-eabi/lib/thumb2/libc.a(lib_a-mprec.o)
                0x0000a0d8                __copybits
 .text.__any_on
                0x0000a10a       0x4a /Users/william/Applications/openlpc/bin/../lib/gcc/arm-none-eabi/4.5.2/../../../../arm-none-eabi/lib/thumb2/libc.a(lib_a-mprec.o)
                0x0000a10a                __any_on
 .text          0x0000a154        0x0 /Users/william/Applications/openlpc/bin/../lib/gcc/arm-none-eabi/4.5.2/../../../../arm-none-eabi/lib/thumb2/libc.a(lib_a-s_fpclassify.o)
 .text.__fpclassifyd
                0x0000a154       0x64 /Users/william/Applications/openlpc/bin/../lib/gcc/arm-none-eabi/4.5.2/../../../../arm-none-eabi/lib/thumb2/libc.a(lib_a-s_fpclassify.o)
                0x0000a154                __fpclassifyd
 .text          0x0000a1b8        0x0 /Users/william/Applications/openlpc/bin/../lib/gcc/arm-none-eabi/4.5.2/../../../../arm-none-eabi/lib/thumb2/libc.a(lib_a-sbrkr.o)
 .text._sbrk_r  0x0000a1b8       0x24 /Users/william/Applications/openlpc/bin/../lib/gcc/arm-none-eabi/4.5.2/../../../../arm-none-eabi/lib/thumb2/libc.a(lib_a-sbrkr.o)
                0x0000a1b8                _sbrk_r
 .text          0x0000a1dc        0x0 /Users/william/Applications/openlpc/bin/../lib/gcc/arm-none-eabi/4.5.2/../../../../arm-none-eabi/lib/thumb2/libc.a(lib_a-stdio.o)
 .text.__sread  0x0000a1dc       0x22 /Users/william/Applications/openlpc/bin/../lib/gcc/arm-none-eabi/4.5.2/../../../../arm-none-eabi/lib/thumb2/libc.a(lib_a-stdio.o)
                0x0000a1dc                __sread
 .text.__seofread
                0x0000a1fe        0x4 /Users/william/Applications/openlpc/bin/../lib/gcc/arm-none-eabi/4.5.2/../../../../arm-none-eabi/lib/thumb2/libc.a(lib_a-stdio.o)
                0x0000a1fe                __seofread
 .text.__swrite
                0x0000a202       0x3a /Users/william/Applications/openlpc/bin/../lib/gcc/arm-none-eabi/4.5.2/../../../../arm-none-eabi/lib/thumb2/libc.a(lib_a-stdio.o)
                0x0000a202                __swrite
 .text.__sseek  0x0000a23c       0x26 /Users/william/Applications/openlpc/bin/../lib/gcc/arm-none-eabi/4.5.2/../../../../arm-none-eabi/lib/thumb2/libc.a(lib_a-stdio.o)
                0x0000a23c                __sseek
 .text.__sclose
                0x0000a262        0x8 /Users/william/Applications/openlpc/bin/../lib/gcc/arm-none-eabi/4.5.2/../../../../arm-none-eabi/lib/thumb2/libc.a(lib_a-stdio.o)
                0x0000a262                __sclose
 .text          0x0000a26a        0x0 /Users/william/Applications/openlpc/bin/../lib/gcc/arm-none-eabi/4.5.2/../../../../arm-none-eabi/lib/thumb2/libc.a(lib_a-strcmp.o)
 .text.strcmp   0x0000a26a       0x16 /Users/william/Applications/openlpc/bin/../lib/gcc/arm-none-eabi/4.5.2/../../../../arm-none-eabi/lib/thumb2/libc.a(lib_a-strcmp.o)
                0x0000a26a                strcmp
 .text          0x0000a280        0x0 /Users/william/Applications/openlpc/bin/../lib/gcc/arm-none-eabi/4.5.2/../../../../arm-none-eabi/lib/thumb2/libc.a(lib_a-strlen.o)
 .text.strlen   0x0000a280       0x10 /Users/william/Applications/openlpc/bin/../lib/gcc/arm-none-eabi/4.5.2/../../../../arm-none-eabi/lib/thumb2/libc.a(lib_a-strlen.o)
                0x0000a280                strlen
 .text          0x0000a290        0x0 /Users/william/Applications/openlpc/bin/../lib/gcc/arm-none-eabi/4.5.2/../../../../arm-none-eabi/lib/thumb2/libc.a(lib_a-vfiprintf.o)
 .text.__sprint_r
                0x0000a290       0x74 /Users/william/Applications/openlpc/bin/../lib/gcc/arm-none-eabi/4.5.2/../../../../arm-none-eabi/lib/thumb2/libc.a(lib_a-vfiprintf.o)
                0x0000a290                __sprint_r
 .text._vfiprintf_r
                0x0000a304      0x918 /Users/william/Applications/openlpc/bin/../lib/gcc/arm-none-eabi/4.5.2/../../../../arm-none-eabi/lib/thumb2/libc.a(lib_a-vfiprintf.o)
                0x0000a304                _vfiprintf_r
 .text.vfiprintf
                0x0000ac1c       0x1c /Users/william/Applications/openlpc/bin/../lib/gcc/arm-none-eabi/4.5.2/../../../../arm-none-eabi/lib/thumb2/libc.a(lib_a-vfiprintf.o)
                0x0000ac1c                vfiprintf
 .text          0x0000ac38        0x0 /Users/william/Applications/openlpc/bin/../lib/gcc/arm-none-eabi/4.5.2/../../../../arm-none-eabi/lib/thumb2/libc.a(lib_a-writer.o)
 .text._write_r
                0x0000ac38       0x28 /Users/william/Applications/openlpc/bin/../lib/gcc/arm-none-eabi/4.5.2/../../../../arm-none-eabi/lib/thumb2/libc.a(lib_a-writer.o)
                0x0000ac38                _write_r
 .text          0x0000ac60        0x0 /Users/william/Applications/openlpc/bin/../lib/gcc/arm-none-eabi/4.5.2/../../../../arm-none-eabi/lib/thumb2/libc.a(lib_a-callocr.o)
 .text._calloc_r
                0x0000ac60       0x58 /Users/william/Applications/openlpc/bin/../lib/gcc/arm-none-eabi/4.5.2/../../../../arm-none-eabi/lib/thumb2/libc.a(lib_a-callocr.o)
                0x0000ac60                _calloc_r
 .text          0x0000acb8        0x0 /Users/william/Applications/openlpc/bin/../lib/gcc/arm-none-eabi/4.5.2/../../../../arm-none-eabi/lib/thumb2/libc.a(lib_a-closer.o)
 .text._close_r
                0x0000acb8       0x24 /Users/william/Applications/openlpc/bin/../lib/gcc/arm-none-eabi/4.5.2/../../../../arm-none-eabi/lib/thumb2/libc.a(lib_a-closer.o)
                0x0000acb8                _close_r
 .text          0x0000acdc        0x0 /Users/william/Applications/openlpc/bin/../lib/gcc/arm-none-eabi/4.5.2/../../../../arm-none-eabi/lib/thumb2/libc.a(lib_a-fclose.o)
 .text._fclose_r
                0x0000acdc       0xac /Users/william/Applications/openlpc/bin/../lib/gcc/arm-none-eabi/4.5.2/../../../../arm-none-eabi/lib/thumb2/libc.a(lib_a-fclose.o)
                0x0000acdc                _fclose_r
 .text.fclose   0x0000ad88       0x10 /Users/william/Applications/openlpc/bin/../lib/gcc/arm-none-eabi/4.5.2/../../../../arm-none-eabi/lib/thumb2/libc.a(lib_a-fclose.o)
                0x0000ad88                fclose
 .text          0x0000ad98        0x0 /Users/william/Applications/openlpc/bin/../lib/gcc/arm-none-eabi/4.5.2/../../../../arm-none-eabi/lib/thumb2/libc.a(lib_a-fputwc.o)
 .text._fputwc_r
                0x0000ad98       0xbe /Users/william/Applications/openlpc/bin/../lib/gcc/arm-none-eabi/4.5.2/../../../../arm-none-eabi/lib/thumb2/libc.a(lib_a-fputwc.o)
                0x0000ad98                _fputwc_r
 *fill*         0x0000ae56        0x2 00
 .text.fputwc   0x0000ae58       0x54 /Users/william/Applications/openlpc/bin/../lib/gcc/arm-none-eabi/4.5.2/../../../../arm-none-eabi/lib/thumb2/libc.a(lib_a-fputwc.o)
                0x0000ae58                fputwc
 .text          0x0000aeac        0x0 /Users/william/Applications/openlpc/bin/../lib/gcc/arm-none-eabi/4.5.2/../../../../arm-none-eabi/lib/thumb2/libc.a(lib_a-fstatr.o)
 .text._fstat_r
                0x0000aeac       0x24 /Users/william/Applications/openlpc/bin/../lib/gcc/arm-none-eabi/4.5.2/../../../../arm-none-eabi/lib/thumb2/libc.a(lib_a-fstatr.o)
                0x0000aeac                _fstat_r
 .text          0x0000aed0        0x0 /Users/william/Applications/openlpc/bin/../lib/gcc/arm-none-eabi/4.5.2/../../../../arm-none-eabi/lib/thumb2/libc.a(lib_a-fvwrite.o)
 .text.__sfvwrite_r
                0x0000aed0      0x296 /Users/william/Applications/openlpc/bin/../lib/gcc/arm-none-eabi/4.5.2/../../../../arm-none-eabi/lib/thumb2/libc.a(lib_a-fvwrite.o)
                0x0000aed0                __sfvwrite_r
 .text          0x0000b166        0x0 /Users/william/Applications/openlpc/bin/../lib/gcc/arm-none-eabi/4.5.2/../../../../arm-none-eabi/lib/thumb2/libc.a(lib_a-isattyr.o)
 *fill*         0x0000b166        0x2 00
 .text._isatty_r
                0x0000b168       0x24 /Users/william/Applications/openlpc/bin/../lib/gcc/arm-none-eabi/4.5.2/../../../../arm-none-eabi/lib/thumb2/libc.a(lib_a-isattyr.o)
                0x0000b168                _isatty_r
 .text          0x0000b18c        0x0 /Users/william/Applications/openlpc/bin/../lib/gcc/arm-none-eabi/4.5.2/../../../../arm-none-eabi/lib/thumb2/libc.a(lib_a-lseekr.o)
 .text._lseek_r
                0x0000b18c       0x28 /Users/william/Applications/openlpc/bin/../lib/gcc/arm-none-eabi/4.5.2/../../../../arm-none-eabi/lib/thumb2/libc.a(lib_a-lseekr.o)
                0x0000b18c                _lseek_r
 .text          0x0000b1b4        0x0 /Users/william/Applications/openlpc/bin/../lib/gcc/arm-none-eabi/4.5.2/../../../../arm-none-eabi/lib/thumb2/libc.a(lib_a-memmove.o)
 .text.memmove  0x0000b1b4       0x30 /Users/william/Applications/openlpc/bin/../lib/gcc/arm-none-eabi/4.5.2/../../../../arm-none-eabi/lib/thumb2/libc.a(lib_a-memmove.o)
                0x0000b1b4                memmove
 .text          0x0000b1e4        0x0 /Users/william/Applications/openlpc/bin/../lib/gcc/arm-none-eabi/4.5.2/../../../../arm-none-eabi/lib/thumb2/libc.a(lib_a-readr.o)
 .text._read_r  0x0000b1e4       0x28 /Users/william/Applications/openlpc/bin/../lib/gcc/arm-none-eabi/4.5.2/../../../../arm-none-eabi/lib/thumb2/libc.a(lib_a-readr.o)
                0x0000b1e4                _read_r
 .text          0x0000b20c        0x0 /Users/william/Applications/openlpc/bin/../lib/gcc/arm-none-eabi/4.5.2/../../../../arm-none-eabi/lib/thumb2/libc.a(lib_a-reallocr.o)
 .text._realloc_r
                0x0000b20c      0x2f8 /Users/william/Applications/openlpc/bin/../lib/gcc/arm-none-eabi/4.5.2/../../../../arm-none-eabi/lib/thumb2/libc.a(lib_a-reallocr.o)
                0x0000b20c                _realloc_r
 .text          0x0000b504        0x0 /Users/william/Applications/openlpc/bin/../lib/gcc/arm-none-eabi/4.5.2/../../../../arm-none-eabi/lib/thumb2/libc.a(lib_a-reent.o)
 .text.cleanup_glue
                0x0000b504       0x1a /Users/william/Applications/openlpc/bin/../lib/gcc/arm-none-eabi/4.5.2/../../../../arm-none-eabi/lib/thumb2/libc.a(lib_a-reent.o)
                0x0000b504                cleanup_glue
 *fill*         0x0000b51e        0x2 00
 .text._reclaim_reent
                0x0000b520       0xb4 /Users/william/Applications/openlpc/bin/../lib/gcc/arm-none-eabi/4.5.2/../../../../arm-none-eabi/lib/thumb2/libc.a(lib_a-reent.o)
                0x0000b520                _reclaim_reent
 .text._wrapup_reent
                0x0000b5d4       0x34 /Users/william/Applications/openlpc/bin/../lib/gcc/arm-none-eabi/4.5.2/../../../../arm-none-eabi/lib/thumb2/libc.a(lib_a-reent.o)
                0x0000b5d4                _wrapup_reent
 .text          0x0000b608        0x0 /Users/william/Applications/openlpc/bin/../lib/gcc/arm-none-eabi/4.5.2/../../../../arm-none-eabi/lib/thumb2/libc.a(lib_a-wbuf.o)
 .text.__swbuf_r
                0x0000b608       0xcc /Users/william/Applications/openlpc/bin/../lib/gcc/arm-none-eabi/4.5.2/../../../../arm-none-eabi/lib/thumb2/libc.a(lib_a-wbuf.o)
                0x0000b608                __swbuf_r
 .text.__swbuf  0x0000b6d4       0x14 /Users/william/Applications/openlpc/bin/../lib/gcc/arm-none-eabi/4.5.2/../../../../arm-none-eabi/lib/thumb2/libc.a(lib_a-wbuf.o)
                0x0000b6d4                __swbuf
 .text          0x0000b6e8        0x0 /Users/william/Applications/openlpc/bin/../lib/gcc/arm-none-eabi/4.5.2/../../../../arm-none-eabi/lib/thumb2/libc.a(lib_a-wcrtomb.o)
 .text._wcrtomb_r
                0x0000b6e8       0x50 /Users/william/Applications/openlpc/bin/../lib/gcc/arm-none-eabi/4.5.2/../../../../arm-none-eabi/lib/thumb2/libc.a(lib_a-wcrtomb.o)
                0x0000b6e8                _wcrtomb_r
 .text.wcrtomb  0x0000b738       0x1c /Users/william/Applications/openlpc/bin/../lib/gcc/arm-none-eabi/4.5.2/../../../../arm-none-eabi/lib/thumb2/libc.a(lib_a-wcrtomb.o)
                0x0000b738                wcrtomb
 .text          0x0000b754        0x0 /Users/william/Applications/openlpc/bin/../lib/gcc/arm-none-eabi/4.5.2/../../../../arm-none-eabi/lib/thumb2/libc.a(lib_a-wctomb_r.o)
 .text.__ascii_wctomb
                0x0000b754       0x1a /Users/william/Applications/openlpc/bin/../lib/gcc/arm-none-eabi/4.5.2/../../../../arm-none-eabi/lib/thumb2/libc.a(lib_a-wctomb_r.o)
                0x0000b754                __ascii_wctomb
 *fill*         0x0000b76e        0x2 00
 .text._wctomb_r
                0x0000b770       0x2c /Users/william/Applications/openlpc/bin/../lib/gcc/arm-none-eabi/4.5.2/../../../../arm-none-eabi/lib/thumb2/libc.a(lib_a-wctomb_r.o)
                0x0000b770                _wctomb_r
 .text          0x0000b79c      0x104 /Users/william/Applications/openlpc/bin/../lib/gcc/arm-none-eabi/4.5.2/../../../../arm-none-eabi/lib/thumb2/libstartup.lpc17xx.a(syscalls.o)
                0x0000b79c                _sbrk
                0x0000b7c0                _read
                0x0000b80c                _write
 .text          0x0000b8a0        0x4 /Users/william/Applications/openlpc/bin/../lib/gcc/arm-none-eabi/4.5.2/../../../../arm-none-eabi/lib/thumb2/libstartup.lpc17xx.a(startup_LPC17xx.o)
                0x0000b8a0                SysTick_Handler
                0x0000b8a2                RIT_IRQHandler
                0x0000b8a2                I2C0_IRQHandler
                0x0000b8a2                USBActivity_IRQHandler
                0x0000b8a2                PWM1_IRQHandler
                0x0000b8a2                I2C1_IRQHandler
                0x0000b8a2                EINT2_IRQHandler
                0x0000b8a2                UART1_IRQHandler
                0x0000b8a2                CANActivity_IRQHandler
                0x0000b8a2                UART0_IRQHandler
                0x0000b8a2                PLL0_IRQHandler
                0x0000b8a2                CAN_IRQHandler
                0x0000b8a2                PLL1_IRQHandler
                0x0000b8a2                SSP0_IRQHandler
                0x0000b8a2                I2S_IRQHandler
                0x0000b8a2                RTC_IRQHandler
                0x0000b8a2                TIMER0_IRQHandler
                0x0000b8a2                SPI_IRQHandler
                0x0000b8a2                EINT1_IRQHandler
                0x0000b8a2                TIMER1_IRQHandler
                0x0000b8a2                UART2_IRQHandler
                0x0000b8a2                Default_Handler
                0x0000b8a2                ADC_IRQHandler
                0x0000b8a2                SSP1_IRQHandler
                0x0000b8a2                BOD_IRQHandler
                0x0000b8a2                WDT_IRQHandler
                0x0000b8a2                QEI_IRQHandler
                0x0000b8a2                EINT0_IRQHandler
                0x0000b8a2                DMA_IRQHandler
                0x0000b8a2                UART3_IRQHandler
                0x0000b8a2                MCPWM_IRQHandler
                0x0000b8a2                TIMER2_IRQHandler
                0x0000b8a2                ENET_IRQHandler
 .text          0x0000b8a4       0x20 /Users/william/Applications/openlpc/bin/../lib/gcc/arm-none-eabi/4.5.2/../../../../arm-none-eabi/lib/thumb2/libstartup.lpc17xx.a(stubs.o)
                0x0000b8a4                _open
                0x0000b8a8                __write
                0x0000b8ac                __read
                0x0000b8b0                _close
                0x0000b8b4                _lseek
                0x0000b8b8                _fstat
                0x0000b8bc                _isatty
                0x0000b8c0                ioctl
 .text          0x0000b8c4        0x8 /Users/william/Applications/openlpc/bin/../lib/gcc/arm-none-eabi/4.5.2/../../../../arm-none-eabi/lib/thumb2/libstartup.lpc17xx.a(system_LPC17xx.o)
                0x0000b8c4                SystemCoreClockUpdate
                0x0000b8c8                SystemInit
 .text          0x0000b8cc      0x264 /Users/william/Applications/openlpc/bin/../lib/gcc/arm-none-eabi/4.5.2/../../../../arm-none-eabi/lib/thumb2/liblpc17xx.lpc17xx.a(openlpc.o)
                0x0000b980                openlpc_init
                0x0000b9e4                millis
                0x0000b9fc                submillis
                0x0000ba08                delay_subms
                0x0000ba34                delay_ms
                0x0000ba3c                set_interval
                0x0000ba40                clear_interval
                0x0000bb0c                TIMER3_IRQHandler
                0x0000bb28                set_timeout
                0x0000bb2c                clear_timeout
 .text          0x0000bb30      0x278 /Users/william/Applications/openlpc/bin/../lib/gcc/arm-none-eabi/4.5.2/thumb2/libgcc.a(_udivsi3.o)
                0x0000bb30                __udivsi3
                0x0000bb30                __aeabi_uidiv
                0x0000bd8c                __aeabi_uidivmod
 .text          0x0000bda8      0x2b0 /Users/william/Applications/openlpc/bin/../lib/gcc/arm-none-eabi/4.5.2/thumb2/libgcc.a(_divsi3.o)
                0x0000bda8                __aeabi_idiv
                0x0000bda8                __divsi3
                0x0000c03c                __aeabi_idivmod
 .text          0x0000c058        0x4 /Users/william/Applications/openlpc/bin/../lib/gcc/arm-none-eabi/4.5.2/thumb2/libgcc.a(_dvmd_tls.o)
                0x0000c058                __aeabi_ldiv0
                0x0000c058                __aeabi_idiv0
 .text          0x0000c05c      0x370 /Users/william/Applications/openlpc/bin/../lib/gcc/arm-none-eabi/4.5.2/thumb2/libgcc.a(_arm_addsubdf3.o)
                0x0000c05c                __aeabi_drsub
                0x0000c064                __subdf3
                0x0000c064                __aeabi_dsub
                0x0000c068                __aeabi_dadd
                0x0000c068                __adddf3
                0x0000c2e0                __aeabi_ui2d
                0x0000c2e0                __floatunsidf
                0x0000c300                __floatsidf
                0x0000c300                __aeabi_i2d
                0x0000c324                __extendsfdf2
                0x0000c324                __aeabi_f2d
                0x0000c360                __aeabi_ul2d
                0x0000c360                __floatundidf
                0x0000c370                __aeabi_l2d
                0x0000c370                __floatdidf
 .text          0x0000c3cc      0x424 /Users/william/Applications/openlpc/bin/../lib/gcc/arm-none-eabi/4.5.2/thumb2/libgcc.a(_arm_muldivdf3.o)
                0x0000c3cc                __aeabi_dmul
                0x0000c3cc                __muldf3
                0x0000c620                __aeabi_ddiv
                0x0000c620                __divdf3
 .text          0x0000c7f0      0x110 /Users/william/Applications/openlpc/bin/../lib/gcc/arm-none-eabi/4.5.2/thumb2/libgcc.a(_arm_cmpdf2.o)
                0x0000c7f0                __gtdf2
                0x0000c7f0                __gedf2
                0x0000c7f8                __ltdf2
                0x0000c7f8                __ledf2
                0x0000c800                __eqdf2
                0x0000c800                __nedf2
                0x0000c800                __cmpdf2
                0x0000c87c                __aeabi_cdrcmple
                0x0000c88c                __aeabi_cdcmple
                0x0000c88c                __aeabi_cdcmpeq
                0x0000c89c                __aeabi_dcmpeq
                0x0000c8b0                __aeabi_dcmplt
                0x0000c8c4                __aeabi_dcmple
                0x0000c8d8                __aeabi_dcmpge
                0x0000c8ec                __aeabi_dcmpgt
 .text          0x0000c900       0x50 /Users/william/Applications/openlpc/bin/../lib/gcc/arm-none-eabi/4.5.2/thumb2/libgcc.a(_arm_fixdfsi.o)
                0x0000c900                __fixdfsi
                0x0000c900                __aeabi_d2iz
 .text          0x0000c950       0x40 /Users/william/Applications/openlpc/bin/../lib/gcc/arm-none-eabi/4.5.2/thumb2/libgcc.a(_arm_fixunsdfsi.o)
                0x0000c950                __fixunsdfsi
                0x0000c950                __aeabi_d2uiz
 .text          0x0000c990       0xa0 /Users/william/Applications/openlpc/bin/../lib/gcc/arm-none-eabi/4.5.2/thumb2/libgcc.a(_arm_truncdfsf2.o)
                0x0000c990                __aeabi_d2f
                0x0000c990                __truncdfsf2
 .text          0x0000ca30      0x21c /Users/william/Applications/openlpc/bin/../lib/gcc/arm-none-eabi/4.5.2/thumb2/libgcc.a(_arm_addsubsf3.o)
                0x0000ca30                __aeabi_frsub
                0x0000ca38                __aeabi_fsub
                0x0000ca38                __subsf3
                0x0000ca3c                __aeabi_fadd
                0x0000ca3c                __addsf3
                0x0000cb9c                __aeabi_ui2f
                0x0000cb9c                __floatunsisf
                0x0000cba4                __floatsisf
                0x0000cba4                __aeabi_i2f
                0x0000cbc0                __aeabi_ul2f
                0x0000cbc0                __floatundisf
                0x0000cbd0                __aeabi_l2f
                0x0000cbd0                __floatdisf
 .text          0x0000cc4c      0x2a0 /Users/william/Applications/openlpc/bin/../lib/gcc/arm-none-eabi/4.5.2/thumb2/libgcc.a(_arm_muldivsf3.o)
                0x0000cc4c                __mulsf3
                0x0000cc4c                __aeabi_fmul
                0x0000cdb4                __divsf3
                0x0000cdb4                __aeabi_fdiv
 .text          0x0000ceec       0xec /Users/william/Applications/openlpc/bin/../lib/gcc/arm-none-eabi/4.5.2/thumb2/libgcc.a(_arm_cmpsf2.o)
                0x0000ceec                __gesf2
                0x0000ceec                __gtsf2
                0x0000cef4                __ltsf2
                0x0000cef4                __lesf2
                0x0000cefc                __nesf2
                0x0000cefc                __eqsf2
                0x0000cefc                __cmpsf2
                0x0000cf5c                __aeabi_cfrcmple
                0x0000cf64                __aeabi_cfcmpeq
                0x0000cf64                __aeabi_cfcmple
                0x0000cf74                __aeabi_fcmpeq
                0x0000cf88                __aeabi_fcmplt
                0x0000cf9c                __aeabi_fcmple
                0x0000cfb0                __aeabi_fcmpge
                0x0000cfc4                __aeabi_fcmpgt
 .text          0x0000cfd8       0x4c /Users/william/Applications/openlpc/bin/../lib/gcc/arm-none-eabi/4.5.2/thumb2/libgcc.a(_arm_fixsfsi.o)
                0x0000cfd8                __fixsfsi
                0x0000cfd8                __aeabi_f2iz
 .text          0x0000d024       0x2c /Users/william/Applications/openlpc/bin/../lib/gcc/arm-none-eabi/4.5.2/thumb2/libgcc.a(_aeabi_uldivmod.o)
                0x0000d024                __aeabi_uldivmod
 .text          0x0000d050       0x60 /Users/william/Applications/openlpc/bin/../lib/gcc/arm-none-eabi/4.5.2/thumb2/libgcc.a(bpabi.o)
                0x0000d050                __gnu_ldivmod_helper
                0x0000d080                __gnu_uldivmod_helper
 .text          0x0000d0b0      0x360 /Users/william/Applications/openlpc/bin/../lib/gcc/arm-none-eabi/4.5.2/thumb2/libgcc.a(_divdi3.o)
                0x0000d0b0                __divdi3
 .text          0x0000d410      0x308 /Users/william/Applications/openlpc/bin/../lib/gcc/arm-none-eabi/4.5.2/thumb2/libgcc.a(_udivdi3.o)
                0x0000d410                __udivdi3
 *(.plt)
 *(.gnu.warning)
 *(.glue_7t)
 .glue_7t       0x00000000        0x0 linker stubs
 *(.glue_7)
 .glue_7        0x00000000        0x0 linker stubs
 *(.vfp11_veneer)
 .vfp11_veneer  0x00000000        0x0 linker stubs
 *(.ARM.extab* .gnu.linkonce.armextab.*)
 .ARM.extab.reset
                0x0000d718        0x0 /Users/william/Applications/openlpc/bin/../lib/gcc/arm-none-eabi/4.5.2/../../../../arm-none-eabi/lib/thumb2/libstartup.lpc17xx.a(startup_LPC17xx.o)
 .ARM.extab     0x0000d718        0x0 /Users/william/Applications/openlpc/bin/../lib/gcc/arm-none-eabi/4.5.2/thumb2/libgcc.a(_divdi3.o)
 .ARM.extab     0x0000d718        0x0 /Users/william/Applications/openlpc/bin/../lib/gcc/arm-none-eabi/4.5.2/thumb2/libgcc.a(_udivdi3.o)
 *(.gcc_except_table)

.v4_bx          0x0000d718        0x0
 .v4_bx         0x00000000        0x0 linker stubs

.eh_frame_hdr
 *(.eh_frame_hdr)

.eh_frame
 *(.eh_frame)
                0x0000d718                PROVIDE (__exidx_start, .)

.ARM.exidx      0x0000d718        0x8
 *(.ARM.exidx* .gnu.linkonce.armexidx.*)
 .ARM.exidx.reset
                0x0000d718        0x8 /Users/william/Applications/openlpc/bin/../lib/gcc/arm-none-eabi/4.5.2/../../../../arm-none-eabi/lib/thumb2/libstartup.lpc17xx.a(startup_LPC17xx.o)
 .ARM.exidx     0x0000d720        0x0 /Users/william/Applications/openlpc/bin/../lib/gcc/arm-none-eabi/4.5.2/thumb2/libgcc.a(_divdi3.o)
                                  0x8 (size before relaxing)
 .ARM.exidx     0x0000d720        0x0 /Users/william/Applications/openlpc/bin/../lib/gcc/arm-none-eabi/4.5.2/thumb2/libgcc.a(_udivdi3.o)
                                  0x8 (size before relaxing)
                0x0000d720                PROVIDE (__exidx_end, .)

.rodata         0x0000d720      0x2e0
 *(.rodata .rodata.* .gnu.linkonce.r.*)
 .rodata.str1.4
                0x0000d720       0xac main.o
 .rodata.blanks.6613
                0x0000d7cc       0x10 /Users/william/Applications/openlpc/bin/../lib/gcc/arm-none-eabi/4.5.2/../../../../arm-none-eabi/lib/thumb2/libc.a(lib_a-vfprintf.o)
 .rodata.str1.1
                0x0000d7dc       0x34 /Users/william/Applications/openlpc/bin/../lib/gcc/arm-none-eabi/4.5.2/../../../../arm-none-eabi/lib/thumb2/libc.a(lib_a-vfprintf.o)
 .rodata.zeroes.6614
                0x0000d810       0x10 /Users/william/Applications/openlpc/bin/../lib/gcc/arm-none-eabi/4.5.2/../../../../arm-none-eabi/lib/thumb2/libc.a(lib_a-vfprintf.o)
 .rodata.str1.1
                0x0000d820        0xd /Users/william/Applications/openlpc/bin/../lib/gcc/arm-none-eabi/4.5.2/../../../../arm-none-eabi/lib/thumb2/libc.a(lib_a-dtoa.o)
                                  0xf (size before relaxing)
 *fill*         0x0000d82d        0x3 00
 .rodata.__sf_fake_stdin
                0x0000d830       0x20 /Users/william/Applications/openlpc/bin/../lib/gcc/arm-none-eabi/4.5.2/../../../../arm-none-eabi/lib/thumb2/libc.a(lib_a-findfp.o)
                0x0000d830                __sf_fake_stdin
 .rodata.__sf_fake_stdout
                0x0000d850       0x20 /Users/william/Applications/openlpc/bin/../lib/gcc/arm-none-eabi/4.5.2/../../../../arm-none-eabi/lib/thumb2/libc.a(lib_a-findfp.o)
                0x0000d850                __sf_fake_stdout
 .rodata.__sf_fake_stderr
                0x0000d870       0x20 /Users/william/Applications/openlpc/bin/../lib/gcc/arm-none-eabi/4.5.2/../../../../arm-none-eabi/lib/thumb2/libc.a(lib_a-findfp.o)
                0x0000d870                __sf_fake_stderr
 .rodata.str1.1
                0x0000d890        0x2 /Users/william/Applications/openlpc/bin/../lib/gcc/arm-none-eabi/4.5.2/../../../../arm-none-eabi/lib/thumb2/libc.a(lib_a-impure.o)
 *fill*         0x0000d892        0x2 00
 .rodata._global_impure_ptr
                0x0000d894        0x4 /Users/william/Applications/openlpc/bin/../lib/gcc/arm-none-eabi/4.5.2/../../../../arm-none-eabi/lib/thumb2/libc.a(lib_a-impure.o)
                0x0000d894                _global_impure_ptr
 .rodata.str1.1
                0x0000d898        0x8 /Users/william/Applications/openlpc/bin/../lib/gcc/arm-none-eabi/4.5.2/../../../../arm-none-eabi/lib/thumb2/libc.a(lib_a-locale.o)
                                  0xb (size before relaxing)
 .rodata.p05.5124
                0x0000d8a0        0xc /Users/william/Applications/openlpc/bin/../lib/gcc/arm-none-eabi/4.5.2/../../../../arm-none-eabi/lib/thumb2/libc.a(lib_a-mprec.o)
 *fill*         0x0000d8ac        0x4 00
 .rodata.__mprec_tens
                0x0000d8b0       0xc8 /Users/william/Applications/openlpc/bin/../lib/gcc/arm-none-eabi/4.5.2/../../../../arm-none-eabi/lib/thumb2/libc.a(lib_a-mprec.o)
                0x0000d8b0                __mprec_tens
 .rodata.__mprec_bigtens
                0x0000d978       0x28 /Users/william/Applications/openlpc/bin/../lib/gcc/arm-none-eabi/4.5.2/../../../../arm-none-eabi/lib/thumb2/libc.a(lib_a-mprec.o)
                0x0000d978                __mprec_bigtens
 .rodata.__mprec_tinytens
                0x0000d9a0       0x28 /Users/william/Applications/openlpc/bin/../lib/gcc/arm-none-eabi/4.5.2/../../../../arm-none-eabi/lib/thumb2/libc.a(lib_a-mprec.o)
                0x0000d9a0                __mprec_tinytens
 .rodata.blanks.6556
                0x0000d9c8       0x10 /Users/william/Applications/openlpc/bin/../lib/gcc/arm-none-eabi/4.5.2/../../../../arm-none-eabi/lib/thumb2/libc.a(lib_a-vfiprintf.o)
 .rodata.str1.1
                0x00000000       0x22 /Users/william/Applications/openlpc/bin/../lib/gcc/arm-none-eabi/4.5.2/../../../../arm-none-eabi/lib/thumb2/libc.a(lib_a-vfiprintf.o)
 .rodata.zeroes.6557
                0x0000d9d8       0x10 /Users/william/Applications/openlpc/bin/../lib/gcc/arm-none-eabi/4.5.2/../../../../arm-none-eabi/lib/thumb2/libc.a(lib_a-vfiprintf.o)
                0x0000d9e8                . = ALIGN (0x4)
 *(.init)
                0x0000d9e8                . = ALIGN (0x4)
                0x0000d9e8                __preinit_array_start = .
 *(.preinit_array)
                0x0000d9e8                __preinit_array_end = .
                0x0000d9e8                . = ALIGN (0x4)
                0x0000d9e8                __init_array_start = .
 *(SORT(.init_array.*))
 *(.init_array)
                0x0000d9e8                __init_array_end = .
                0x0000d9e8                . = ALIGN (0x4)
 *(.fini)
                0x0000d9e8                . = ALIGN (0x4)
                0x0000d9e8                __fini_array_start = .
 *(.fini_array)
 *(SORT(.fini_array.*))
                0x0000d9e8                __fini_array_end = .
                0x0000d9e8                . = ALIGN (0x4)
 *crtbegin.o(.ctors)
 *(EXCLUDE_FILE(*crtend.o) .ctors)
 *(SORT(.ctors.*))
 *crtend.o(.ctors)
                0x0000d9e8                . = ALIGN (0x4)
 *crtbegin.o(.dtors)
 *(EXCLUDE_FILE(*crtend.o) .dtors)
 *(SORT(.dtors.*))
 *crtend.o(.dtors)
                0x0000d9e8                . = ALIGN (0x4)
                0x0000d9e8                __cs3_regions = .
                0x0000d9e8        0x4 LONG 0x0
                0x0000d9ec        0x4 LONG 0xda00 __cs3_region_init_ram
                0x0000d9f0        0x4 LONG 0x10000000 __cs3_region_start_ram
                0x0000d9f4        0x4 LONG 0x598 __cs3_region_init_size_ram
                0x0000d9f8        0x4 LONG 0x80 __cs3_region_zero_size_ram
                0x0000d9fc                __cs3_regions_end = .
                0x0000da00                . = ALIGN (0x8)
 *fill*         0x0000d9fc        0x4 00
 *(.rom)
 *(.rom.b .bss.rom)
                0x0000da00                _etext = .
                0x00080000                __cs3_region_end_rom = (__cs3_region_start_rom + 0x7a000)
                0x0007a000                __cs3_region_size_rom = 0x7a000

.data           0x10000000      0x598 load address 0x0000da00
                0x10000000                _data = .
                0x10000000                __cs3_region_start_ram = .
 *(.cs3.region-head.ram)
 *(.jcr)
 *(.got.plt)
 *(.got)
 *(.shdata)
 *(.data .data.* .gnu.linkonce.d.*)
 .data          0x10000000        0x8 main.o
                0x10000000                pause
                0x10000004                catch
 .data          0x10000008        0x0 /Users/william/Applications/openlpc/bin/../lib/gcc/arm-none-eabi/4.5.2/../../../../arm-none-eabi/lib/thumb2/libc.a(lib_a-printf.o)
 .data          0x10000008        0x0 /Users/william/Applications/openlpc/bin/../lib/gcc/arm-none-eabi/4.5.2/../../../../arm-none-eabi/lib/thumb2/libc.a(lib_a-vfprintf.o)
 .data          0x10000008        0x0 /Users/william/Applications/openlpc/bin/../lib/gcc/arm-none-eabi/4.5.2/../../../../arm-none-eabi/lib/thumb2/libc.a(lib_a-wsetup.o)
 .data          0x10000008        0x0 /Users/william/Applications/openlpc/bin/../lib/gcc/arm-none-eabi/4.5.2/../../../../arm-none-eabi/lib/thumb2/libc.a(lib_a-dtoa.o)
 .data          0x10000008        0x0 /Users/william/Applications/openlpc/bin/../lib/gcc/arm-none-eabi/4.5.2/../../../../arm-none-eabi/lib/thumb2/libc.a(lib_a-fflush.o)
 .data          0x10000008        0x0 /Users/william/Applications/openlpc/bin/../lib/gcc/arm-none-eabi/4.5.2/../../../../arm-none-eabi/lib/thumb2/libc.a(lib_a-findfp.o)
 .data          0x10000008        0x0 /Users/william/Applications/openlpc/bin/../lib/gcc/arm-none-eabi/4.5.2/../../../../arm-none-eabi/lib/thumb2/libc.a(lib_a-freer.o)
 .data          0x10000008        0x0 /Users/william/Applications/openlpc/bin/../lib/gcc/arm-none-eabi/4.5.2/../../../../arm-none-eabi/lib/thumb2/libc.a(lib_a-fwalk.o)
 .data          0x10000008        0x0 /Users/william/Applications/openlpc/bin/../lib/gcc/arm-none-eabi/4.5.2/../../../../arm-none-eabi/lib/thumb2/libc.a(lib_a-impure.o)
 .data.impure_data
                0x10000008       0xf0 /Users/william/Applications/openlpc/bin/../lib/gcc/arm-none-eabi/4.5.2/../../../../arm-none-eabi/lib/thumb2/libc.a(lib_a-impure.o)
 .data._impure_ptr
                0x100000f8        0x4 /Users/william/Applications/openlpc/bin/../lib/gcc/arm-none-eabi/4.5.2/../../../../arm-none-eabi/lib/thumb2/libc.a(lib_a-impure.o)
                0x100000f8                _impure_ptr
 .data          0x100000fc        0x0 /Users/william/Applications/openlpc/bin/../lib/gcc/arm-none-eabi/4.5.2/../../../../arm-none-eabi/lib/thumb2/libc.a(lib_a-locale.o)
 .data.lc_message_charset
                0x100000fc       0x20 /Users/william/Applications/openlpc/bin/../lib/gcc/arm-none-eabi/4.5.2/../../../../arm-none-eabi/lib/thumb2/libc.a(lib_a-locale.o)
 .data.lconv    0x1000011c       0x38 /Users/william/Applications/openlpc/bin/../lib/gcc/arm-none-eabi/4.5.2/../../../../arm-none-eabi/lib/thumb2/libc.a(lib_a-locale.o)
 .data.lc_ctype_charset
                0x10000154       0x20 /Users/william/Applications/openlpc/bin/../lib/gcc/arm-none-eabi/4.5.2/../../../../arm-none-eabi/lib/thumb2/libc.a(lib_a-locale.o)
 .data.__mb_cur_max
                0x10000174        0x4 /Users/william/Applications/openlpc/bin/../lib/gcc/arm-none-eabi/4.5.2/../../../../arm-none-eabi/lib/thumb2/libc.a(lib_a-locale.o)
                0x10000174                __mb_cur_max
 .data          0x10000178        0x0 /Users/william/Applications/openlpc/bin/../lib/gcc/arm-none-eabi/4.5.2/../../../../arm-none-eabi/lib/thumb2/libc.a(lib_a-makebuf.o)
 .data          0x10000178        0x0 /Users/william/Applications/openlpc/bin/../lib/gcc/arm-none-eabi/4.5.2/../../../../arm-none-eabi/lib/thumb2/libc.a(lib_a-malloc.o)
 .data          0x10000178        0x0 /Users/william/Applications/openlpc/bin/../lib/gcc/arm-none-eabi/4.5.2/../../../../arm-none-eabi/lib/thumb2/libc.a(lib_a-mallocr.o)
 .data.__malloc_av_
                0x10000178      0x408 /Users/william/Applications/openlpc/bin/../lib/gcc/arm-none-eabi/4.5.2/../../../../arm-none-eabi/lib/thumb2/libc.a(lib_a-mallocr.o)
                0x10000178                __malloc_av_
 .data.__malloc_trim_threshold
                0x10000580        0x4 /Users/william/Applications/openlpc/bin/../lib/gcc/arm-none-eabi/4.5.2/../../../../arm-none-eabi/lib/thumb2/libc.a(lib_a-mallocr.o)
                0x10000580                __malloc_trim_threshold
 .data.__malloc_sbrk_base
                0x10000584        0x4 /Users/william/Applications/openlpc/bin/../lib/gcc/arm-none-eabi/4.5.2/../../../../arm-none-eabi/lib/thumb2/libc.a(lib_a-mallocr.o)
                0x10000584                __malloc_sbrk_base
 .data          0x10000588        0x0 /Users/william/Applications/openlpc/bin/../lib/gcc/arm-none-eabi/4.5.2/../../../../arm-none-eabi/lib/thumb2/libc.a(lib_a-memchr.o)
 .data          0x10000588        0x0 /Users/william/Applications/openlpc/bin/../lib/gcc/arm-none-eabi/4.5.2/../../../../arm-none-eabi/lib/thumb2/libc.a(lib_a-memcpy.o)
 .data          0x10000588        0x0 /Users/william/Applications/openlpc/bin/../lib/gcc/arm-none-eabi/4.5.2/../../../../arm-none-eabi/lib/thumb2/libc.a(lib_a-memset.o)
 .data          0x10000588        0x0 /Users/william/Applications/openlpc/bin/../lib/gcc/arm-none-eabi/4.5.2/../../../../arm-none-eabi/lib/thumb2/libc.a(lib_a-mlock.o)
 .data          0x10000588        0x0 /Users/william/Applications/openlpc/bin/../lib/gcc/arm-none-eabi/4.5.2/../../../../arm-none-eabi/lib/thumb2/libc.a(lib_a-mprec.o)
 .data          0x10000588        0x0 /Users/william/Applications/openlpc/bin/../lib/gcc/arm-none-eabi/4.5.2/../../../../arm-none-eabi/lib/thumb2/libc.a(lib_a-s_fpclassify.o)
 .data          0x10000588        0x0 /Users/william/Applications/openlpc/bin/../lib/gcc/arm-none-eabi/4.5.2/../../../../arm-none-eabi/lib/thumb2/libc.a(lib_a-sbrkr.o)
 .data          0x10000588        0x0 /Users/william/Applications/openlpc/bin/../lib/gcc/arm-none-eabi/4.5.2/../../../../arm-none-eabi/lib/thumb2/libc.a(lib_a-stdio.o)
 .data          0x10000588        0x0 /Users/william/Applications/openlpc/bin/../lib/gcc/arm-none-eabi/4.5.2/../../../../arm-none-eabi/lib/thumb2/libc.a(lib_a-strcmp.o)
 .data          0x10000588        0x0 /Users/william/Applications/openlpc/bin/../lib/gcc/arm-none-eabi/4.5.2/../../../../arm-none-eabi/lib/thumb2/libc.a(lib_a-strlen.o)
 .data          0x10000588        0x0 /Users/william/Applications/openlpc/bin/../lib/gcc/arm-none-eabi/4.5.2/../../../../arm-none-eabi/lib/thumb2/libc.a(lib_a-vfiprintf.o)
 .data          0x10000588        0x0 /Users/william/Applications/openlpc/bin/../lib/gcc/arm-none-eabi/4.5.2/../../../../arm-none-eabi/lib/thumb2/libc.a(lib_a-writer.o)
 .data          0x10000588        0x0 /Users/william/Applications/openlpc/bin/../lib/gcc/arm-none-eabi/4.5.2/../../../../arm-none-eabi/lib/thumb2/libc.a(lib_a-callocr.o)
 .data          0x10000588        0x0 /Users/william/Applications/openlpc/bin/../lib/gcc/arm-none-eabi/4.5.2/../../../../arm-none-eabi/lib/thumb2/libc.a(lib_a-closer.o)
 .data          0x10000588        0x0 /Users/william/Applications/openlpc/bin/../lib/gcc/arm-none-eabi/4.5.2/../../../../arm-none-eabi/lib/thumb2/libc.a(lib_a-fclose.o)
 .data          0x10000588        0x0 /Users/william/Applications/openlpc/bin/../lib/gcc/arm-none-eabi/4.5.2/../../../../arm-none-eabi/lib/thumb2/libc.a(lib_a-fputwc.o)
 .data          0x10000588        0x0 /Users/william/Applications/openlpc/bin/../lib/gcc/arm-none-eabi/4.5.2/../../../../arm-none-eabi/lib/thumb2/libc.a(lib_a-fstatr.o)
 .data          0x10000588        0x0 /Users/william/Applications/openlpc/bin/../lib/gcc/arm-none-eabi/4.5.2/../../../../arm-none-eabi/lib/thumb2/libc.a(lib_a-fvwrite.o)
 .data          0x10000588        0x0 /Users/william/Applications/openlpc/bin/../lib/gcc/arm-none-eabi/4.5.2/../../../../arm-none-eabi/lib/thumb2/libc.a(lib_a-isattyr.o)
 .data          0x10000588        0x0 /Users/william/Applications/openlpc/bin/../lib/gcc/arm-none-eabi/4.5.2/../../../../arm-none-eabi/lib/thumb2/libc.a(lib_a-lseekr.o)
 .data          0x10000588        0x0 /Users/william/Applications/openlpc/bin/../lib/gcc/arm-none-eabi/4.5.2/../../../../arm-none-eabi/lib/thumb2/libc.a(lib_a-memmove.o)
 .data          0x10000588        0x0 /Users/william/Applications/openlpc/bin/../lib/gcc/arm-none-eabi/4.5.2/../../../../arm-none-eabi/lib/thumb2/libc.a(lib_a-readr.o)
 .data          0x10000588        0x0 /Users/william/Applications/openlpc/bin/../lib/gcc/arm-none-eabi/4.5.2/../../../../arm-none-eabi/lib/thumb2/libc.a(lib_a-reallocr.o)
 .data          0x10000588        0x0 /Users/william/Applications/openlpc/bin/../lib/gcc/arm-none-eabi/4.5.2/../../../../arm-none-eabi/lib/thumb2/libc.a(lib_a-reent.o)
 .data          0x10000588        0x0 /Users/william/Applications/openlpc/bin/../lib/gcc/arm-none-eabi/4.5.2/../../../../arm-none-eabi/lib/thumb2/libc.a(lib_a-wbuf.o)
 .data          0x10000588        0x0 /Users/william/Applications/openlpc/bin/../lib/gcc/arm-none-eabi/4.5.2/../../../../arm-none-eabi/lib/thumb2/libc.a(lib_a-wcrtomb.o)
 .data          0x10000588        0x0 /Users/william/Applications/openlpc/bin/../lib/gcc/arm-none-eabi/4.5.2/../../../../arm-none-eabi/lib/thumb2/libc.a(lib_a-wctomb_r.o)
 .data.__wctomb
                0x10000588        0x4 /Users/william/Applications/openlpc/bin/../lib/gcc/arm-none-eabi/4.5.2/../../../../arm-none-eabi/lib/thumb2/libc.a(lib_a-wctomb_r.o)
                0x10000588                __wctomb
 .data          0x1000058c        0x4 /Users/william/Applications/openlpc/bin/../lib/gcc/arm-none-eabi/4.5.2/../../../../arm-none-eabi/lib/thumb2/libstartup.lpc17xx.a(syscalls.o)
 .data          0x10000590        0x0 /Users/william/Applications/openlpc/bin/../lib/gcc/arm-none-eabi/4.5.2/../../../../arm-none-eabi/lib/thumb2/libstartup.lpc17xx.a(startup_LPC17xx.o)
 .data          0x10000590        0x0 /Users/william/Applications/openlpc/bin/../lib/gcc/arm-none-eabi/4.5.2/../../../../arm-none-eabi/lib/thumb2/libstartup.lpc17xx.a(stubs.o)
 .data          0x10000590        0x4 /Users/william/Applications/openlpc/bin/../lib/gcc/arm-none-eabi/4.5.2/../../../../arm-none-eabi/lib/thumb2/libstartup.lpc17xx.a(system_LPC17xx.o)
                0x10000590                SystemCoreClock
 .data          0x10000594        0x0 /Users/william/Applications/openlpc/bin/../lib/gcc/arm-none-eabi/4.5.2/../../../../arm-none-eabi/lib/thumb2/liblpc17xx.lpc17xx.a(openlpc.o)
 .data          0x10000594        0x0 /Users/william/Applications/openlpc/bin/../lib/gcc/arm-none-eabi/4.5.2/thumb2/libgcc.a(_udivsi3.o)
 .data          0x10000594        0x0 /Users/william/Applications/openlpc/bin/../lib/gcc/arm-none-eabi/4.5.2/thumb2/libgcc.a(_divsi3.o)
 .data          0x10000594        0x0 /Users/william/Applications/openlpc/bin/../lib/gcc/arm-none-eabi/4.5.2/thumb2/libgcc.a(_dvmd_tls.o)
 .data          0x10000594        0x0 /Users/william/Applications/openlpc/bin/../lib/gcc/arm-none-eabi/4.5.2/thumb2/libgcc.a(_arm_addsubdf3.o)
 .data          0x10000594        0x0 /Users/william/Applications/openlpc/bin/../lib/gcc/arm-none-eabi/4.5.2/thumb2/libgcc.a(_arm_muldivdf3.o)
 .data          0x10000594        0x0 /Users/william/Applications/openlpc/bin/../lib/gcc/arm-none-eabi/4.5.2/thumb2/libgcc.a(_arm_cmpdf2.o)
 .data          0x10000594        0x0 /Users/william/Applications/openlpc/bin/../lib/gcc/arm-none-eabi/4.5.2/thumb2/libgcc.a(_arm_fixdfsi.o)
 .data          0x10000594        0x0 /Users/william/Applications/openlpc/bin/../lib/gcc/arm-none-eabi/4.5.2/thumb2/libgcc.a(_arm_fixunsdfsi.o)
 .data          0x10000594        0x0 /Users/william/Applications/openlpc/bin/../lib/gcc/arm-none-eabi/4.5.2/thumb2/libgcc.a(_arm_truncdfsf2.o)
 .data          0x10000594        0x0 /Users/william/Applications/openlpc/bin/../lib/gcc/arm-none-eabi/4.5.2/thumb2/libgcc.a(_arm_addsubsf3.o)
 .data          0x10000594        0x0 /Users/william/Applications/openlpc/bin/../lib/gcc/arm-none-eabi/4.5.2/thumb2/libgcc.a(_arm_muldivsf3.o)
 .data          0x10000594        0x0 /Users/william/Applications/openlpc/bin/../lib/gcc/arm-none-eabi/4.5.2/thumb2/libgcc.a(_arm_cmpsf2.o)
 .data          0x10000594        0x0 /Users/william/Applications/openlpc/bin/../lib/gcc/arm-none-eabi/4.5.2/thumb2/libgcc.a(_arm_fixsfsi.o)
 .data          0x10000594        0x0 /Users/william/Applications/openlpc/bin/../lib/gcc/arm-none-eabi/4.5.2/thumb2/libgcc.a(_aeabi_uldivmod.o)
 .data          0x10000594        0x0 /Users/william/Applications/openlpc/bin/../lib/gcc/arm-none-eabi/4.5.2/thumb2/libgcc.a(bpabi.o)
 .data          0x10000594        0x0 /Users/william/Applications/openlpc/bin/../lib/gcc/arm-none-eabi/4.5.2/thumb2/libgcc.a(_divdi3.o)
 .data          0x10000594        0x0 /Users/william/Applications/openlpc/bin/../lib/gcc/arm-none-eabi/4.5.2/thumb2/libgcc.a(_udivdi3.o)
                0x10000598                . = ALIGN (0x8)
 *fill*         0x10000594        0x4 00
 *(.ram)
                0x10000598                _edata = .

.bss            0x10000598       0x80 load address 0x0000df98
                0x10000598                _bss = .
 *(.shbss)
 *(.bss .bss.* .gnu.linkonce.b.*)
 .bss           0x10000598       0x14 main.o
                0x10000598                debounce
                0x1000059c                i2c_resistor
                0x100005a0                i2c_wiper
                0x100005a4                i2c_address
                0x100005a8                state
 .bss           0x100005ac        0x0 /Users/william/Applications/openlpc/bin/../lib/gcc/arm-none-eabi/4.5.2/../../../../arm-none-eabi/lib/thumb2/libc.a(lib_a-printf.o)
 .bss           0x100005ac        0x0 /Users/william/Applications/openlpc/bin/../lib/gcc/arm-none-eabi/4.5.2/../../../../arm-none-eabi/lib/thumb2/libc.a(lib_a-vfprintf.o)
 .bss           0x100005ac        0x0 /Users/william/Applications/openlpc/bin/../lib/gcc/arm-none-eabi/4.5.2/../../../../arm-none-eabi/lib/thumb2/libc.a(lib_a-wsetup.o)
 .bss           0x100005ac        0x0 /Users/william/Applications/openlpc/bin/../lib/gcc/arm-none-eabi/4.5.2/../../../../arm-none-eabi/lib/thumb2/libc.a(lib_a-dtoa.o)
 .bss           0x100005ac        0x0 /Users/william/Applications/openlpc/bin/../lib/gcc/arm-none-eabi/4.5.2/../../../../arm-none-eabi/lib/thumb2/libc.a(lib_a-fflush.o)
 .bss           0x100005ac        0x0 /Users/william/Applications/openlpc/bin/../lib/gcc/arm-none-eabi/4.5.2/../../../../arm-none-eabi/lib/thumb2/libc.a(lib_a-findfp.o)
 .bss           0x100005ac        0x0 /Users/william/Applications/openlpc/bin/../lib/gcc/arm-none-eabi/4.5.2/../../../../arm-none-eabi/lib/thumb2/libc.a(lib_a-freer.o)
 .bss           0x100005ac        0x0 /Users/william/Applications/openlpc/bin/../lib/gcc/arm-none-eabi/4.5.2/../../../../arm-none-eabi/lib/thumb2/libc.a(lib_a-fwalk.o)
 .bss           0x100005ac        0x0 /Users/william/Applications/openlpc/bin/../lib/gcc/arm-none-eabi/4.5.2/../../../../arm-none-eabi/lib/thumb2/libc.a(lib_a-impure.o)
 .bss           0x100005ac        0x0 /Users/william/Applications/openlpc/bin/../lib/gcc/arm-none-eabi/4.5.2/../../../../arm-none-eabi/lib/thumb2/libc.a(lib_a-locale.o)
 .bss._PathLocale
                0x100005ac        0x4 /Users/william/Applications/openlpc/bin/../lib/gcc/arm-none-eabi/4.5.2/../../../../arm-none-eabi/lib/thumb2/libc.a(lib_a-locale.o)
                0x100005ac                _PathLocale
 .bss.__nlocale_changed
                0x100005b0        0x4 /Users/william/Applications/openlpc/bin/../lib/gcc/arm-none-eabi/4.5.2/../../../../arm-none-eabi/lib/thumb2/libc.a(lib_a-locale.o)
                0x100005b0                __nlocale_changed
 .bss.__mlocale_changed
                0x100005b4        0x4 /Users/william/Applications/openlpc/bin/../lib/gcc/arm-none-eabi/4.5.2/../../../../arm-none-eabi/lib/thumb2/libc.a(lib_a-locale.o)
                0x100005b4                __mlocale_changed
 .bss           0x100005b8        0x0 /Users/william/Applications/openlpc/bin/../lib/gcc/arm-none-eabi/4.5.2/../../../../arm-none-eabi/lib/thumb2/libc.a(lib_a-makebuf.o)
 .bss           0x100005b8        0x0 /Users/william/Applications/openlpc/bin/../lib/gcc/arm-none-eabi/4.5.2/../../../../arm-none-eabi/lib/thumb2/libc.a(lib_a-malloc.o)
 .bss           0x100005b8        0x0 /Users/william/Applications/openlpc/bin/../lib/gcc/arm-none-eabi/4.5.2/../../../../arm-none-eabi/lib/thumb2/libc.a(lib_a-mallocr.o)
 .bss.__malloc_max_total_mem
                0x100005b8        0x4 /Users/william/Applications/openlpc/bin/../lib/gcc/arm-none-eabi/4.5.2/../../../../arm-none-eabi/lib/thumb2/libc.a(lib_a-mallocr.o)
                0x100005b8                __malloc_max_total_mem
 .bss.__malloc_max_sbrked_mem
                0x100005bc        0x4 /Users/william/Applications/openlpc/bin/../lib/gcc/arm-none-eabi/4.5.2/../../../../arm-none-eabi/lib/thumb2/libc.a(lib_a-mallocr.o)
                0x100005bc                __malloc_max_sbrked_mem
 .bss.__malloc_top_pad
                0x100005c0        0x4 /Users/william/Applications/openlpc/bin/../lib/gcc/arm-none-eabi/4.5.2/../../../../arm-none-eabi/lib/thumb2/libc.a(lib_a-mallocr.o)
                0x100005c0                __malloc_top_pad
 .bss.__malloc_current_mallinfo
                0x100005c4       0x28 /Users/william/Applications/openlpc/bin/../lib/gcc/arm-none-eabi/4.5.2/../../../../arm-none-eabi/lib/thumb2/libc.a(lib_a-mallocr.o)
                0x100005c4                __malloc_current_mallinfo
 .bss           0x100005ec        0x0 /Users/william/Applications/openlpc/bin/../lib/gcc/arm-none-eabi/4.5.2/../../../../arm-none-eabi/lib/thumb2/libc.a(lib_a-memchr.o)
 .bss           0x100005ec        0x0 /Users/william/Applications/openlpc/bin/../lib/gcc/arm-none-eabi/4.5.2/../../../../arm-none-eabi/lib/thumb2/libc.a(lib_a-memcpy.o)
 .bss           0x100005ec        0x0 /Users/william/Applications/openlpc/bin/../lib/gcc/arm-none-eabi/4.5.2/../../../../arm-none-eabi/lib/thumb2/libc.a(lib_a-memset.o)
 .bss           0x100005ec        0x0 /Users/william/Applications/openlpc/bin/../lib/gcc/arm-none-eabi/4.5.2/../../../../arm-none-eabi/lib/thumb2/libc.a(lib_a-mlock.o)
 .bss           0x100005ec        0x0 /Users/william/Applications/openlpc/bin/../lib/gcc/arm-none-eabi/4.5.2/../../../../arm-none-eabi/lib/thumb2/libc.a(lib_a-mprec.o)
 .bss           0x100005ec        0x0 /Users/william/Applications/openlpc/bin/../lib/gcc/arm-none-eabi/4.5.2/../../../../arm-none-eabi/lib/thumb2/libc.a(lib_a-s_fpclassify.o)
 .bss           0x100005ec        0x0 /Users/william/Applications/openlpc/bin/../lib/gcc/arm-none-eabi/4.5.2/../../../../arm-none-eabi/lib/thumb2/libc.a(lib_a-sbrkr.o)
 .bss           0x100005ec        0x0 /Users/william/Applications/openlpc/bin/../lib/gcc/arm-none-eabi/4.5.2/../../../../arm-none-eabi/lib/thumb2/libc.a(lib_a-stdio.o)
 .bss           0x100005ec        0x0 /Users/william/Applications/openlpc/bin/../lib/gcc/arm-none-eabi/4.5.2/../../../../arm-none-eabi/lib/thumb2/libc.a(lib_a-strcmp.o)
 .bss           0x100005ec        0x0 /Users/william/Applications/openlpc/bin/../lib/gcc/arm-none-eabi/4.5.2/../../../../arm-none-eabi/lib/thumb2/libc.a(lib_a-strlen.o)
 .bss           0x100005ec        0x0 /Users/william/Applications/openlpc/bin/../lib/gcc/arm-none-eabi/4.5.2/../../../../arm-none-eabi/lib/thumb2/libc.a(lib_a-vfiprintf.o)
 .bss           0x100005ec        0x0 /Users/william/Applications/openlpc/bin/../lib/gcc/arm-none-eabi/4.5.2/../../../../arm-none-eabi/lib/thumb2/libc.a(lib_a-writer.o)
 .bss           0x100005ec        0x0 /Users/william/Applications/openlpc/bin/../lib/gcc/arm-none-eabi/4.5.2/../../../../arm-none-eabi/lib/thumb2/libc.a(lib_a-callocr.o)
 .bss           0x100005ec        0x0 /Users/william/Applications/openlpc/bin/../lib/gcc/arm-none-eabi/4.5.2/../../../../arm-none-eabi/lib/thumb2/libc.a(lib_a-closer.o)
 .bss           0x100005ec        0x0 /Users/william/Applications/openlpc/bin/../lib/gcc/arm-none-eabi/4.5.2/../../../../arm-none-eabi/lib/thumb2/libc.a(lib_a-fclose.o)
 .bss           0x100005ec        0x0 /Users/william/Applications/openlpc/bin/../lib/gcc/arm-none-eabi/4.5.2/../../../../arm-none-eabi/lib/thumb2/libc.a(lib_a-fputwc.o)
 .bss           0x100005ec        0x0 /Users/william/Applications/openlpc/bin/../lib/gcc/arm-none-eabi/4.5.2/../../../../arm-none-eabi/lib/thumb2/libc.a(lib_a-fstatr.o)
 .bss           0x100005ec        0x0 /Users/william/Applications/openlpc/bin/../lib/gcc/arm-none-eabi/4.5.2/../../../../arm-none-eabi/lib/thumb2/libc.a(lib_a-fvwrite.o)
 .bss           0x100005ec        0x0 /Users/william/Applications/openlpc/bin/../lib/gcc/arm-none-eabi/4.5.2/../../../../arm-none-eabi/lib/thumb2/libc.a(lib_a-isattyr.o)
 .bss           0x100005ec        0x0 /Users/william/Applications/openlpc/bin/../lib/gcc/arm-none-eabi/4.5.2/../../../../arm-none-eabi/lib/thumb2/libc.a(lib_a-lseekr.o)
 .bss           0x100005ec        0x0 /Users/william/Applications/openlpc/bin/../lib/gcc/arm-none-eabi/4.5.2/../../../../arm-none-eabi/lib/thumb2/libc.a(lib_a-memmove.o)
 .bss           0x100005ec        0x0 /Users/william/Applications/openlpc/bin/../lib/gcc/arm-none-eabi/4.5.2/../../../../arm-none-eabi/lib/thumb2/libc.a(lib_a-readr.o)
 .bss           0x100005ec        0x0 /Users/william/Applications/openlpc/bin/../lib/gcc/arm-none-eabi/4.5.2/../../../../arm-none-eabi/lib/thumb2/libc.a(lib_a-reallocr.o)
 .bss           0x100005ec        0x0 /Users/william/Applications/openlpc/bin/../lib/gcc/arm-none-eabi/4.5.2/../../../../arm-none-eabi/lib/thumb2/libc.a(lib_a-reent.o)
 .bss           0x100005ec        0x0 /Users/william/Applications/openlpc/bin/../lib/gcc/arm-none-eabi/4.5.2/../../../../arm-none-eabi/lib/thumb2/libc.a(lib_a-wbuf.o)
 .bss           0x100005ec        0x0 /Users/william/Applications/openlpc/bin/../lib/gcc/arm-none-eabi/4.5.2/../../../../arm-none-eabi/lib/thumb2/libc.a(lib_a-wcrtomb.o)
 .bss           0x100005ec        0x0 /Users/william/Applications/openlpc/bin/../lib/gcc/arm-none-eabi/4.5.2/../../../../arm-none-eabi/lib/thumb2/libc.a(lib_a-wctomb_r.o)
 .bss           0x100005ec        0x4 /Users/william/Applications/openlpc/bin/../lib/gcc/arm-none-eabi/4.5.2/../../../../arm-none-eabi/lib/thumb2/libstartup.lpc17xx.a(syscalls.o)
 .bss           0x100005f0        0x0 /Users/william/Applications/openlpc/bin/../lib/gcc/arm-none-eabi/4.5.2/../../../../arm-none-eabi/lib/thumb2/libstartup.lpc17xx.a(startup_LPC17xx.o)
 .bss           0x100005f0        0x0 /Users/william/Applications/openlpc/bin/../lib/gcc/arm-none-eabi/4.5.2/../../../../arm-none-eabi/lib/thumb2/libstartup.lpc17xx.a(stubs.o)
 .bss           0x100005f0        0x0 /Users/william/Applications/openlpc/bin/../lib/gcc/arm-none-eabi/4.5.2/../../../../arm-none-eabi/lib/thumb2/libstartup.lpc17xx.a(system_LPC17xx.o)
 .bss           0x100005f0       0x24 /Users/william/Applications/openlpc/bin/../lib/gcc/arm-none-eabi/4.5.2/../../../../arm-none-eabi/lib/thumb2/liblpc17xx.lpc17xx.a(openlpc.o)
 .bss           0x10000614        0x0 /Users/william/Applications/openlpc/bin/../lib/gcc/arm-none-eabi/4.5.2/thumb2/libgcc.a(_udivsi3.o)
 .bss           0x10000614        0x0 /Users/william/Applications/openlpc/bin/../lib/gcc/arm-none-eabi/4.5.2/thumb2/libgcc.a(_divsi3.o)
 .bss           0x10000614        0x0 /Users/william/Applications/openlpc/bin/../lib/gcc/arm-none-eabi/4.5.2/thumb2/libgcc.a(_dvmd_tls.o)
 .bss           0x10000614        0x0 /Users/william/Applications/openlpc/bin/../lib/gcc/arm-none-eabi/4.5.2/thumb2/libgcc.a(_arm_addsubdf3.o)
 .bss           0x10000614        0x0 /Users/william/Applications/openlpc/bin/../lib/gcc/arm-none-eabi/4.5.2/thumb2/libgcc.a(_arm_muldivdf3.o)
 .bss           0x10000614        0x0 /Users/william/Applications/openlpc/bin/../lib/gcc/arm-none-eabi/4.5.2/thumb2/libgcc.a(_arm_cmpdf2.o)
 .bss           0x10000614        0x0 /Users/william/Applications/openlpc/bin/../lib/gcc/arm-none-eabi/4.5.2/thumb2/libgcc.a(_arm_fixdfsi.o)
 .bss           0x10000614        0x0 /Users/william/Applications/openlpc/bin/../lib/gcc/arm-none-eabi/4.5.2/thumb2/libgcc.a(_arm_fixunsdfsi.o)
 .bss           0x10000614        0x0 /Users/william/Applications/openlpc/bin/../lib/gcc/arm-none-eabi/4.5.2/thumb2/libgcc.a(_arm_truncdfsf2.o)
 .bss           0x10000614        0x0 /Users/william/Applications/openlpc/bin/../lib/gcc/arm-none-eabi/4.5.2/thumb2/libgcc.a(_arm_addsubsf3.o)
 .bss           0x10000614        0x0 /Users/william/Applications/openlpc/bin/../lib/gcc/arm-none-eabi/4.5.2/thumb2/libgcc.a(_arm_muldivsf3.o)
 .bss           0x10000614        0x0 /Users/william/Applications/openlpc/bin/../lib/gcc/arm-none-eabi/4.5.2/thumb2/libgcc.a(_arm_cmpsf2.o)
 .bss           0x10000614        0x0 /Users/william/Applications/openlpc/bin/../lib/gcc/arm-none-eabi/4.5.2/thumb2/libgcc.a(_arm_fixsfsi.o)
 .bss           0x10000614        0x0 /Users/william/Applications/openlpc/bin/../lib/gcc/arm-none-eabi/4.5.2/thumb2/libgcc.a(_aeabi_uldivmod.o)
 .bss           0x10000614        0x0 /Users/william/Applications/openlpc/bin/../lib/gcc/arm-none-eabi/4.5.2/thumb2/libgcc.a(bpabi.o)
 .bss           0x10000614        0x0 /Users/william/Applications/openlpc/bin/../lib/gcc/arm-none-eabi/4.5.2/thumb2/libgcc.a(_divdi3.o)
 .bss           0x10000614        0x0 /Users/william/Applications/openlpc/bin/../lib/gcc/arm-none-eabi/4.5.2/thumb2/libgcc.a(_udivdi3.o)
 *(COMMON)
 COMMON         0x10000614        0x4 /Users/william/Applications/openlpc/bin/../lib/gcc/arm-none-eabi/4.5.2/../../../../arm-none-eabi/lib/thumb2/libc.a(lib_a-reent.o)
                0x10000614                errno
                0x10000618                . = ALIGN (0x8)
 *(.ram.b .bss.ram)
                0x10000618                _end = .
                0x10000618                __end = .
                0x10008000                __cs3_region_end_ram = (__cs3_region_start_ram + 0x8000)
                0x00008000                __cs3_region_size_ram = 0x8000
                0x0000da00                __cs3_region_init_ram = LOADADDR (.data)
                0x00000598                __cs3_region_init_size_ram = (_edata - ADDR (.data))
                0x00000080                __cs3_region_zero_size_ram = (_end - _edata)

.stab
 *(.stab)

.stabstr
 *(.stabstr)

.debug
 *(.debug)

.line
 *(.line)

.debug_srcinfo
 *(.debug_srcinfo)

.debug_sfnames
 *(.debug_sfnames)

.comment        0x00000000       0x3c
 .comment       0x00000000       0x2a main.o
                                 0x2b (size before relaxing)
 .comment       0x00000000       0x2b /Users/william/Applications/openlpc/bin/../lib/gcc/arm-none-eabi/4.5.2/../../../../arm-none-eabi/lib/thumb2/libc.a(lib_a-printf.o)
 .comment       0x00000000       0x2b /Users/william/Applications/openlpc/bin/../lib/gcc/arm-none-eabi/4.5.2/../../../../arm-none-eabi/lib/thumb2/libc.a(lib_a-vfprintf.o)
 .comment       0x00000000       0x2b /Users/william/Applications/openlpc/bin/../lib/gcc/arm-none-eabi/4.5.2/../../../../arm-none-eabi/lib/thumb2/libc.a(lib_a-wsetup.o)
 .comment       0x00000000       0x2b /Users/william/Applications/openlpc/bin/../lib/gcc/arm-none-eabi/4.5.2/../../../../arm-none-eabi/lib/thumb2/libc.a(lib_a-dtoa.o)
 .comment       0x00000000       0x2b /Users/william/Applications/openlpc/bin/../lib/gcc/arm-none-eabi/4.5.2/../../../../arm-none-eabi/lib/thumb2/libc.a(lib_a-fflush.o)
 .comment       0x00000000       0x2b /Users/william/Applications/openlpc/bin/../lib/gcc/arm-none-eabi/4.5.2/../../../../arm-none-eabi/lib/thumb2/libc.a(lib_a-findfp.o)
 .comment       0x00000000       0x2b /Users/william/Applications/openlpc/bin/../lib/gcc/arm-none-eabi/4.5.2/../../../../arm-none-eabi/lib/thumb2/libc.a(lib_a-freer.o)
 .comment       0x00000000       0x2b /Users/william/Applications/openlpc/bin/../lib/gcc/arm-none-eabi/4.5.2/../../../../arm-none-eabi/lib/thumb2/libc.a(lib_a-fwalk.o)
 .comment       0x00000000       0x2b /Users/william/Applications/openlpc/bin/../lib/gcc/arm-none-eabi/4.5.2/../../../../arm-none-eabi/lib/thumb2/libc.a(lib_a-impure.o)
 .comment       0x00000000       0x2b /Users/william/Applications/openlpc/bin/../lib/gcc/arm-none-eabi/4.5.2/../../../../arm-none-eabi/lib/thumb2/libc.a(lib_a-locale.o)
 .comment       0x00000000       0x2b /Users/william/Applications/openlpc/bin/../lib/gcc/arm-none-eabi/4.5.2/../../../../arm-none-eabi/lib/thumb2/libc.a(lib_a-makebuf.o)
 .comment       0x00000000       0x2b /Users/william/Applications/openlpc/bin/../lib/gcc/arm-none-eabi/4.5.2/../../../../arm-none-eabi/lib/thumb2/libc.a(lib_a-malloc.o)
 .comment       0x00000000       0x2b /Users/william/Applications/openlpc/bin/../lib/gcc/arm-none-eabi/4.5.2/../../../../arm-none-eabi/lib/thumb2/libc.a(lib_a-mallocr.o)
 .comment       0x00000000       0x2b /Users/william/Applications/openlpc/bin/../lib/gcc/arm-none-eabi/4.5.2/../../../../arm-none-eabi/lib/thumb2/libc.a(lib_a-memchr.o)
 .comment       0x00000000       0x2b /Users/william/Applications/openlpc/bin/../lib/gcc/arm-none-eabi/4.5.2/../../../../arm-none-eabi/lib/thumb2/libc.a(lib_a-memcpy.o)
 .comment       0x00000000       0x2b /Users/william/Applications/openlpc/bin/../lib/gcc/arm-none-eabi/4.5.2/../../../../arm-none-eabi/lib/thumb2/libc.a(lib_a-memset.o)
 .comment       0x00000000       0x2b /Users/william/Applications/openlpc/bin/../lib/gcc/arm-none-eabi/4.5.2/../../../../arm-none-eabi/lib/thumb2/libc.a(lib_a-mlock.o)
 .comment       0x00000000       0x2b /Users/william/Applications/openlpc/bin/../lib/gcc/arm-none-eabi/4.5.2/../../../../arm-none-eabi/lib/thumb2/libc.a(lib_a-mprec.o)
 .comment       0x00000000       0x2b /Users/william/Applications/openlpc/bin/../lib/gcc/arm-none-eabi/4.5.2/../../../../arm-none-eabi/lib/thumb2/libc.a(lib_a-s_fpclassify.o)
 .comment       0x00000000       0x2b /Users/william/Applications/openlpc/bin/../lib/gcc/arm-none-eabi/4.5.2/../../../../arm-none-eabi/lib/thumb2/libc.a(lib_a-sbrkr.o)
 .comment       0x00000000       0x2b /Users/william/Applications/openlpc/bin/../lib/gcc/arm-none-eabi/4.5.2/../../../../arm-none-eabi/lib/thumb2/libc.a(lib_a-stdio.o)
 .comment       0x00000000       0x2b /Users/william/Applications/openlpc/bin/../lib/gcc/arm-none-eabi/4.5.2/../../../../arm-none-eabi/lib/thumb2/libc.a(lib_a-strcmp.o)
 .comment       0x00000000       0x2b /Users/william/Applications/openlpc/bin/../lib/gcc/arm-none-eabi/4.5.2/../../../../arm-none-eabi/lib/thumb2/libc.a(lib_a-strlen.o)
 .comment       0x00000000       0x2b /Users/william/Applications/openlpc/bin/../lib/gcc/arm-none-eabi/4.5.2/../../../../arm-none-eabi/lib/thumb2/libc.a(lib_a-vfiprintf.o)
 .comment       0x00000000       0x2b /Users/william/Applications/openlpc/bin/../lib/gcc/arm-none-eabi/4.5.2/../../../../arm-none-eabi/lib/thumb2/libc.a(lib_a-writer.o)
 .comment       0x00000000       0x2b /Users/william/Applications/openlpc/bin/../lib/gcc/arm-none-eabi/4.5.2/../../../../arm-none-eabi/lib/thumb2/libc.a(lib_a-callocr.o)
 .comment       0x00000000       0x2b /Users/william/Applications/openlpc/bin/../lib/gcc/arm-none-eabi/4.5.2/../../../../arm-none-eabi/lib/thumb2/libc.a(lib_a-closer.o)
 .comment       0x00000000       0x2b /Users/william/Applications/openlpc/bin/../lib/gcc/arm-none-eabi/4.5.2/../../../../arm-none-eabi/lib/thumb2/libc.a(lib_a-fclose.o)
 .comment       0x00000000       0x2b /Users/william/Applications/openlpc/bin/../lib/gcc/arm-none-eabi/4.5.2/../../../../arm-none-eabi/lib/thumb2/libc.a(lib_a-fputwc.o)
 .comment       0x00000000       0x2b /Users/william/Applications/openlpc/bin/../lib/gcc/arm-none-eabi/4.5.2/../../../../arm-none-eabi/lib/thumb2/libc.a(lib_a-fstatr.o)
 .comment       0x00000000       0x2b /Users/william/Applications/openlpc/bin/../lib/gcc/arm-none-eabi/4.5.2/../../../../arm-none-eabi/lib/thumb2/libc.a(lib_a-fvwrite.o)
 .comment       0x00000000       0x2b /Users/william/Applications/openlpc/bin/../lib/gcc/arm-none-eabi/4.5.2/../../../../arm-none-eabi/lib/thumb2/libc.a(lib_a-isattyr.o)
 .comment       0x00000000       0x2b /Users/william/Applications/openlpc/bin/../lib/gcc/arm-none-eabi/4.5.2/../../../../arm-none-eabi/lib/thumb2/libc.a(lib_a-lseekr.o)
 .comment       0x00000000       0x2b /Users/william/Applications/openlpc/bin/../lib/gcc/arm-none-eabi/4.5.2/../../../../arm-none-eabi/lib/thumb2/libc.a(lib_a-memmove.o)
 .comment       0x00000000       0x2b /Users/william/Applications/openlpc/bin/../lib/gcc/arm-none-eabi/4.5.2/../../../../arm-none-eabi/lib/thumb2/libc.a(lib_a-readr.o)
 .comment       0x00000000       0x2b /Users/william/Applications/openlpc/bin/../lib/gcc/arm-none-eabi/4.5.2/../../../../arm-none-eabi/lib/thumb2/libc.a(lib_a-reallocr.o)
 .comment       0x00000000       0x2b /Users/william/Applications/openlpc/bin/../lib/gcc/arm-none-eabi/4.5.2/../../../../arm-none-eabi/lib/thumb2/libc.a(lib_a-reent.o)
 .comment       0x00000000       0x2b /Users/william/Applications/openlpc/bin/../lib/gcc/arm-none-eabi/4.5.2/../../../../arm-none-eabi/lib/thumb2/libc.a(lib_a-wbuf.o)
 .comment       0x00000000       0x2b /Users/william/Applications/openlpc/bin/../lib/gcc/arm-none-eabi/4.5.2/../../../../arm-none-eabi/lib/thumb2/libc.a(lib_a-wcrtomb.o)
 .comment       0x00000000       0x2b /Users/william/Applications/openlpc/bin/../lib/gcc/arm-none-eabi/4.5.2/../../../../arm-none-eabi/lib/thumb2/libc.a(lib_a-wctomb_r.o)
 .comment       0x0000002a       0x12 /Users/william/Applications/openlpc/bin/../lib/gcc/arm-none-eabi/4.5.2/../../../../arm-none-eabi/lib/thumb2/libstartup.lpc17xx.a(syscalls.o)
 .comment       0x00000000       0x2b /Users/william/Applications/openlpc/bin/../lib/gcc/arm-none-eabi/4.5.2/../../../../arm-none-eabi/lib/thumb2/libstartup.lpc17xx.a(system_LPC17xx.o)
 .comment       0x00000000       0x2b /Users/william/Applications/openlpc/bin/../lib/gcc/arm-none-eabi/4.5.2/../../../../arm-none-eabi/lib/thumb2/liblpc17xx.lpc17xx.a(openlpc.o)
 .comment       0x00000000       0x2b /Users/william/Applications/openlpc/bin/../lib/gcc/arm-none-eabi/4.5.2/thumb2/libgcc.a(bpabi.o)
 .comment       0x00000000       0x2b /Users/william/Applications/openlpc/bin/../lib/gcc/arm-none-eabi/4.5.2/thumb2/libgcc.a(_divdi3.o)
 .comment       0x00000000       0x2b /Users/william/Applications/openlpc/bin/../lib/gcc/arm-none-eabi/4.5.2/thumb2/libgcc.a(_udivdi3.o)

.debug_aranges  0x00000000      0x220
 *(.debug_aranges)
 .debug_aranges
                0x00000000       0x20 /Users/william/Applications/openlpc/bin/../lib/gcc/arm-none-eabi/4.5.2/thumb2/libgcc.a(_udivsi3.o)
 .debug_aranges
                0x00000020       0x20 /Users/william/Applications/openlpc/bin/../lib/gcc/arm-none-eabi/4.5.2/thumb2/libgcc.a(_divsi3.o)
 .debug_aranges
                0x00000040       0x20 /Users/william/Applications/openlpc/bin/../lib/gcc/arm-none-eabi/4.5.2/thumb2/libgcc.a(_dvmd_tls.o)
 .debug_aranges
                0x00000060       0x20 /Users/william/Applications/openlpc/bin/../lib/gcc/arm-none-eabi/4.5.2/thumb2/libgcc.a(_arm_addsubdf3.o)
 .debug_aranges
                0x00000080       0x20 /Users/william/Applications/openlpc/bin/../lib/gcc/arm-none-eabi/4.5.2/thumb2/libgcc.a(_arm_muldivdf3.o)
 .debug_aranges
                0x000000a0       0x20 /Users/william/Applications/openlpc/bin/../lib/gcc/arm-none-eabi/4.5.2/thumb2/libgcc.a(_arm_cmpdf2.o)
 .debug_aranges
                0x000000c0       0x20 /Users/william/Applications/openlpc/bin/../lib/gcc/arm-none-eabi/4.5.2/thumb2/libgcc.a(_arm_fixdfsi.o)
 .debug_aranges
                0x000000e0       0x20 /Users/william/Applications/openlpc/bin/../lib/gcc/arm-none-eabi/4.5.2/thumb2/libgcc.a(_arm_fixunsdfsi.o)
 .debug_aranges
                0x00000100       0x20 /Users/william/Applications/openlpc/bin/../lib/gcc/arm-none-eabi/4.5.2/thumb2/libgcc.a(_arm_truncdfsf2.o)
 .debug_aranges
                0x00000120       0x20 /Users/william/Applications/openlpc/bin/../lib/gcc/arm-none-eabi/4.5.2/thumb2/libgcc.a(_arm_addsubsf3.o)
 .debug_aranges
                0x00000140       0x20 /Users/william/Applications/openlpc/bin/../lib/gcc/arm-none-eabi/4.5.2/thumb2/libgcc.a(_arm_muldivsf3.o)
 .debug_aranges
                0x00000160       0x20 /Users/william/Applications/openlpc/bin/../lib/gcc/arm-none-eabi/4.5.2/thumb2/libgcc.a(_arm_cmpsf2.o)
 .debug_aranges
                0x00000180       0x20 /Users/william/Applications/openlpc/bin/../lib/gcc/arm-none-eabi/4.5.2/thumb2/libgcc.a(_arm_fixsfsi.o)
 .debug_aranges
                0x000001a0       0x20 /Users/william/Applications/openlpc/bin/../lib/gcc/arm-none-eabi/4.5.2/thumb2/libgcc.a(_aeabi_uldivmod.o)
 .debug_aranges
                0x000001c0       0x20 /Users/william/Applications/openlpc/bin/../lib/gcc/arm-none-eabi/4.5.2/thumb2/libgcc.a(bpabi.o)
 .debug_aranges
                0x000001e0       0x20 /Users/william/Applications/openlpc/bin/../lib/gcc/arm-none-eabi/4.5.2/thumb2/libgcc.a(_divdi3.o)
 .debug_aranges
                0x00000200       0x20 /Users/william/Applications/openlpc/bin/../lib/gcc/arm-none-eabi/4.5.2/thumb2/libgcc.a(_udivdi3.o)

.debug_pubnames
                0x00000000       0x84
 *(.debug_pubnames)
 .debug_pubnames
                0x00000000       0x45 /Users/william/Applications/openlpc/bin/../lib/gcc/arm-none-eabi/4.5.2/thumb2/libgcc.a(bpabi.o)
 .debug_pubnames
                0x00000045       0x1f /Users/william/Applications/openlpc/bin/../lib/gcc/arm-none-eabi/4.5.2/thumb2/libgcc.a(_divdi3.o)
 .debug_pubnames
                0x00000064       0x20 /Users/william/Applications/openlpc/bin/../lib/gcc/arm-none-eabi/4.5.2/thumb2/libgcc.a(_udivdi3.o)

.debug_info     0x00000000     0x1773
 *(.debug_info .gnu.linkonce.wi.*)
 .debug_info    0x00000000       0xb2 /Users/william/Applications/openlpc/bin/../lib/gcc/arm-none-eabi/4.5.2/thumb2/libgcc.a(_udivsi3.o)
 .debug_info    0x000000b2       0xb2 /Users/william/Applications/openlpc/bin/../lib/gcc/arm-none-eabi/4.5.2/thumb2/libgcc.a(_divsi3.o)
 .debug_info    0x00000164       0xb2 /Users/william/Applications/openlpc/bin/../lib/gcc/arm-none-eabi/4.5.2/thumb2/libgcc.a(_dvmd_tls.o)
 .debug_info    0x00000216       0xb1 /Users/william/Applications/openlpc/bin/../lib/gcc/arm-none-eabi/4.5.2/thumb2/libgcc.a(_arm_addsubdf3.o)
 .debug_info    0x000002c7       0xb1 /Users/william/Applications/openlpc/bin/../lib/gcc/arm-none-eabi/4.5.2/thumb2/libgcc.a(_arm_muldivdf3.o)
 .debug_info    0x00000378       0xb1 /Users/william/Applications/openlpc/bin/../lib/gcc/arm-none-eabi/4.5.2/thumb2/libgcc.a(_arm_cmpdf2.o)
 .debug_info    0x00000429       0xb1 /Users/william/Applications/openlpc/bin/../lib/gcc/arm-none-eabi/4.5.2/thumb2/libgcc.a(_arm_fixdfsi.o)
 .debug_info    0x000004da       0xb1 /Users/william/Applications/openlpc/bin/../lib/gcc/arm-none-eabi/4.5.2/thumb2/libgcc.a(_arm_fixunsdfsi.o)
 .debug_info    0x0000058b       0xb1 /Users/william/Applications/openlpc/bin/../lib/gcc/arm-none-eabi/4.5.2/thumb2/libgcc.a(_arm_truncdfsf2.o)
 .debug_info    0x0000063c       0xb1 /Users/william/Applications/openlpc/bin/../lib/gcc/arm-none-eabi/4.5.2/thumb2/libgcc.a(_arm_addsubsf3.o)
 .debug_info    0x000006ed       0xb1 /Users/william/Applications/openlpc/bin/../lib/gcc/arm-none-eabi/4.5.2/thumb2/libgcc.a(_arm_muldivsf3.o)
 .debug_info    0x0000079e       0xb1 /Users/william/Applications/openlpc/bin/../lib/gcc/arm-none-eabi/4.5.2/thumb2/libgcc.a(_arm_cmpsf2.o)
 .debug_info    0x0000084f       0xb1 /Users/william/Applications/openlpc/bin/../lib/gcc/arm-none-eabi/4.5.2/thumb2/libgcc.a(_arm_fixsfsi.o)
 .debug_info    0x00000900       0xac /Users/william/Applications/openlpc/bin/../lib/gcc/arm-none-eabi/4.5.2/thumb2/libgcc.a(_aeabi_uldivmod.o)
 .debug_info    0x000009ac       0xf0 /Users/william/Applications/openlpc/bin/../lib/gcc/arm-none-eabi/4.5.2/thumb2/libgcc.a(bpabi.o)
 .debug_info    0x00000a9c      0x68c /Users/william/Applications/openlpc/bin/../lib/gcc/arm-none-eabi/4.5.2/thumb2/libgcc.a(_divdi3.o)
 .debug_info    0x00001128      0x64b /Users/william/Applications/openlpc/bin/../lib/gcc/arm-none-eabi/4.5.2/thumb2/libgcc.a(_udivdi3.o)

.debug_abbrev   0x00000000      0x43b
 *(.debug_abbrev)
 .debug_abbrev  0x00000000       0x14 /Users/william/Applications/openlpc/bin/../lib/gcc/arm-none-eabi/4.5.2/thumb2/libgcc.a(_udivsi3.o)
 .debug_abbrev  0x00000014       0x14 /Users/william/Applications/openlpc/bin/../lib/gcc/arm-none-eabi/4.5.2/thumb2/libgcc.a(_divsi3.o)
 .debug_abbrev  0x00000028       0x14 /Users/william/Applications/openlpc/bin/../lib/gcc/arm-none-eabi/4.5.2/thumb2/libgcc.a(_dvmd_tls.o)
 .debug_abbrev  0x0000003c       0x14 /Users/william/Applications/openlpc/bin/../lib/gcc/arm-none-eabi/4.5.2/thumb2/libgcc.a(_arm_addsubdf3.o)
 .debug_abbrev  0x00000050       0x14 /Users/william/Applications/openlpc/bin/../lib/gcc/arm-none-eabi/4.5.2/thumb2/libgcc.a(_arm_muldivdf3.o)
 .debug_abbrev  0x00000064       0x14 /Users/william/Applications/openlpc/bin/../lib/gcc/arm-none-eabi/4.5.2/thumb2/libgcc.a(_arm_cmpdf2.o)
 .debug_abbrev  0x00000078       0x14 /Users/william/Applications/openlpc/bin/../lib/gcc/arm-none-eabi/4.5.2/thumb2/libgcc.a(_arm_fixdfsi.o)
 .debug_abbrev  0x0000008c       0x14 /Users/william/Applications/openlpc/bin/../lib/gcc/arm-none-eabi/4.5.2/thumb2/libgcc.a(_arm_fixunsdfsi.o)
 .debug_abbrev  0x000000a0       0x14 /Users/william/Applications/openlpc/bin/../lib/gcc/arm-none-eabi/4.5.2/thumb2/libgcc.a(_arm_truncdfsf2.o)
 .debug_abbrev  0x000000b4       0x14 /Users/william/Applications/openlpc/bin/../lib/gcc/arm-none-eabi/4.5.2/thumb2/libgcc.a(_arm_addsubsf3.o)
 .debug_abbrev  0x000000c8       0x14 /Users/william/Applications/openlpc/bin/../lib/gcc/arm-none-eabi/4.5.2/thumb2/libgcc.a(_arm_muldivsf3.o)
 .debug_abbrev  0x000000dc       0x14 /Users/william/Applications/openlpc/bin/../lib/gcc/arm-none-eabi/4.5.2/thumb2/libgcc.a(_arm_cmpsf2.o)
 .debug_abbrev  0x000000f0       0x14 /Users/william/Applications/openlpc/bin/../lib/gcc/arm-none-eabi/4.5.2/thumb2/libgcc.a(_arm_fixsfsi.o)
 .debug_abbrev  0x00000104       0x14 /Users/william/Applications/openlpc/bin/../lib/gcc/arm-none-eabi/4.5.2/thumb2/libgcc.a(_aeabi_uldivmod.o)
 .debug_abbrev  0x00000118       0x6e /Users/william/Applications/openlpc/bin/../lib/gcc/arm-none-eabi/4.5.2/thumb2/libgcc.a(bpabi.o)
 .debug_abbrev  0x00000186      0x162 /Users/william/Applications/openlpc/bin/../lib/gcc/arm-none-eabi/4.5.2/thumb2/libgcc.a(_divdi3.o)
 .debug_abbrev  0x000002e8      0x153 /Users/william/Applications/openlpc/bin/../lib/gcc/arm-none-eabi/4.5.2/thumb2/libgcc.a(_udivdi3.o)

.debug_line     0x00000000      0xe3e
 *(.debug_line)
 .debug_line    0x00000000       0x85 /Users/william/Applications/openlpc/bin/../lib/gcc/arm-none-eabi/4.5.2/thumb2/libgcc.a(_udivsi3.o)
 .debug_line    0x00000085       0x96 /Users/william/Applications/openlpc/bin/../lib/gcc/arm-none-eabi/4.5.2/thumb2/libgcc.a(_divsi3.o)
 .debug_line    0x0000011b       0x62 /Users/william/Applications/openlpc/bin/../lib/gcc/arm-none-eabi/4.5.2/thumb2/libgcc.a(_dvmd_tls.o)
 .debug_line    0x0000017d      0x1fe /Users/william/Applications/openlpc/bin/../lib/gcc/arm-none-eabi/4.5.2/thumb2/libgcc.a(_arm_addsubdf3.o)