Archive member included because of file (symbol)

/Users/william/Applications/openlpc/bin/../lib/gcc/arm-none-eabi/4.5.2/../../../../arm-none-eabi/lib/thumb2/libc.a(lib_a-printf.o)
                              main.o (printf)
/Users/william/Applications/openlpc/bin/../lib/gcc/arm-none-eabi/4.5.2/../../../../arm-none-eabi/lib/thumb2/libc.a(lib_a-vfprintf.o)
                              /Users/william/Applications/openlpc/bin/../lib/gcc/arm-none-eabi/4.5.2/../../../../arm-none-eabi/lib/thumb2/libc.a(lib_a-printf.o) (_vfprintf_r)
/Users/william/Applications/openlpc/bin/../lib/gcc/arm-none-eabi/4.5.2/../../../../arm-none-eabi/lib/thumb2/libc.a(lib_a-wsetup.o)
                              /Users/william/Applications/openlpc/bin/../lib/gcc/arm-none-eabi/4.5.2/../../../../arm-none-eabi/lib/thumb2/libc.a(lib_a-vfprintf.o) (__swsetup_r)
/Users/william/Applications/openlpc/bin/../lib/gcc/arm-none-eabi/4.5.2/../../../../arm-none-eabi/lib/thumb2/libc.a(lib_a-dtoa.o)
                              /Users/william/Applications/openlpc/bin/../lib/gcc/arm-none-eabi/4.5.2/../../../../arm-none-eabi/lib/thumb2/libc.a(lib_a-vfprintf.o) (_dtoa_r)
/Users/william/Applications/openlpc/bin/../lib/gcc/arm-none-eabi/4.5.2/../../../../arm-none-eabi/lib/thumb2/libc.a(lib_a-fflush.o)
                              /Users/william/Applications/openlpc/bin/../lib/gcc/arm-none-eabi/4.5.2/../../../../arm-none-eabi/lib/thumb2/libc.a(lib_a-vfprintf.o) (_fflush_r)
/Users/william/Applications/openlpc/bin/../lib/gcc/arm-none-eabi/4.5.2/../../../../arm-none-eabi/lib/thumb2/libc.a(lib_a-findfp.o)
                              /Users/william/Applications/openlpc/bin/../lib/gcc/arm-none-eabi/4.5.2/../../../../arm-none-eabi/lib/thumb2/libc.a(lib_a-printf.o) (__sinit)
/Users/william/Applications/openlpc/bin/../lib/gcc/arm-none-eabi/4.5.2/../../../../arm-none-eabi/lib/thumb2/libc.a(lib_a-freer.o)
                              /Users/william/Applications/openlpc/bin/../lib/gcc/arm-none-eabi/4.5.2/../../../../arm-none-eabi/lib/thumb2/libc.a(lib_a-wsetup.o) (_free_r)
/Users/william/Applications/openlpc/bin/../lib/gcc/arm-none-eabi/4.5.2/../../../../arm-none-eabi/lib/thumb2/libc.a(lib_a-fwalk.o)
                              /Users/william/Applications/openlpc/bin/../lib/gcc/arm-none-eabi/4.5.2/../../../../arm-none-eabi/lib/thumb2/libc.a(lib_a-findfp.o) (_fwalk)
/Users/william/Applications/openlpc/bin/../lib/gcc/arm-none-eabi/4.5.2/../../../../arm-none-eabi/lib/thumb2/libc.a(lib_a-impure.o)
                              /Users/william/Applications/openlpc/bin/../lib/gcc/arm-none-eabi/4.5.2/../../../../arm-none-eabi/lib/thumb2/libc.a(lib_a-printf.o) (_impure_ptr)
/Users/william/Applications/openlpc/bin/../lib/gcc/arm-none-eabi/4.5.2/../../../../arm-none-eabi/lib/thumb2/libc.a(lib_a-locale.o)
                              /Users/william/Applications/openlpc/bin/../lib/gcc/arm-none-eabi/4.5.2/../../../../arm-none-eabi/lib/thumb2/libc.a(lib_a-vfprintf.o) (_localeconv_r)
/Users/william/Applications/openlpc/bin/../lib/gcc/arm-none-eabi/4.5.2/../../../../arm-none-eabi/lib/thumb2/libc.a(lib_a-makebuf.o)
                              /Users/william/Applications/openlpc/bin/../lib/gcc/arm-none-eabi/4.5.2/../../../../arm-none-eabi/lib/thumb2/libc.a(lib_a-wsetup.o) (__smakebuf_r)
/Users/william/Applications/openlpc/bin/../lib/gcc/arm-none-eabi/4.5.2/../../../../arm-none-eabi/lib/thumb2/libc.a(lib_a-malloc.o)
                              /Users/william/Applications/openlpc/bin/../lib/gcc/arm-none-eabi/4.5.2/../../../../arm-none-eabi/lib/thumb2/libc.a(lib_a-dtoa.o) (malloc)
/Users/william/Applications/openlpc/bin/../lib/gcc/arm-none-eabi/4.5.2/../../../../arm-none-eabi/lib/thumb2/libc.a(lib_a-mallocr.o)
                              /Users/william/Applications/openlpc/bin/../lib/gcc/arm-none-eabi/4.5.2/../../../../arm-none-eabi/lib/thumb2/libc.a(lib_a-findfp.o) (_malloc_r)
/Users/william/Applications/openlpc/bin/../lib/gcc/arm-none-eabi/4.5.2/../../../../arm-none-eabi/lib/thumb2/libc.a(lib_a-memchr.o)
                              /Users/william/Applications/openlpc/bin/../lib/gcc/arm-none-eabi/4.5.2/../../../../arm-none-eabi/lib/thumb2/libc.a(lib_a-vfprintf.o) (memchr)
/Users/william/Applications/openlpc/bin/../lib/gcc/arm-none-eabi/4.5.2/../../../../arm-none-eabi/lib/thumb2/libc.a(lib_a-memcpy.o)
                              /Users/william/Applications/openlpc/bin/../lib/gcc/arm-none-eabi/4.5.2/../../../../arm-none-eabi/lib/thumb2/libc.a(lib_a-dtoa.o) (memcpy)
/Users/william/Applications/openlpc/bin/../lib/gcc/arm-none-eabi/4.5.2/../../../../arm-none-eabi/lib/thumb2/libc.a(lib_a-memset.o)
                              /Users/william/Applications/openlpc/bin/../lib/gcc/arm-none-eabi/4.5.2/../../../../arm-none-eabi/lib/thumb2/libc.a(lib_a-findfp.o) (memset)
/Users/william/Applications/openlpc/bin/../lib/gcc/arm-none-eabi/4.5.2/../../../../arm-none-eabi/lib/thumb2/libc.a(lib_a-mlock.o)
[...]
Memory Configuration

Name             Origin             Length             Attributes
rom              0x00006000         0x0007a000         xr
ram              0x10000000         0x00008000         xrw
ram1             0x2007c000         0x00004000         xrw
ram2             0x20080000         0x00004000         xrw
*default*        0x00000000         0xffffffff

Linker script and memory map

LOAD main.o
LOAD /Users/william/Applications/openlpc/bin/../lib/gcc/arm-none-eabi/4.5.2/../../../../arm-none-eabi/lib/thumb2/libc.a
LOAD /Users/william/Applications/openlpc/bin/../lib/gcc/arm-none-eabi/4.5.2/../../../../arm-none-eabi/lib/thumb2/libm.a
LOAD /Users/william/Applications/openlpc/bin/../lib/gcc/arm-none-eabi/4.5.2/../../../../arm-none-eabi/lib/thumb2/libstartup.lpc17xx.a
LOAD /Users/william/Applications/openlpc/bin/../lib/gcc/arm-none-eabi/4.5.2/../../../../arm-none-eabi/lib/thumb2/liblpc17xx.lpc17xx.a
START GROUP
LOAD /Users/william/Applications/openlpc/bin/../lib/gcc/arm-none-eabi/4.5.2/thumb2/libgcc.a
LOAD /Users/william/Applications/openlpc/bin/../lib/gcc/arm-none-eabi/4.5.2/../../../../arm-none-eabi/lib/thumb2/libc.a
END GROUP
                0x10000618                PROVIDE (__cs3_heap_start, _end)
                0x10008000                PROVIDE (__cs3_heap_end, (__cs3_region_start_ram + __cs3_region_size_ram))
                0x00000001                PROVIDE (__cs3_region_num, ((__cs3_regions_end - __cs3_regions) / 0x14))
                0x10008000                PROVIDE (__cs3_stack, (__cs3_region_start_ram + __cs3_region_size_ram))
                0x10007ffc                _stack_top = 0x10007ffc
                0x00006000                . = 0x6000

.text           0x00006000     0x76f8
 CREATE_OBJECT_SYMBOLS
                0x00006000                __cs3_region_start_rom = .
 *(.cs3.region-head.rom)
                0x00006001                ASSERT ((. == __cs3_region_start_rom), .cs3.region-head.rom not permitted)
 *(.vectors)
 .vectors       0x00006000       0xcc /Users/william/Applications/openlpc/bin/../lib/gcc/arm-none-eabi/4.5.2/../../../../arm-none-eabi/lib/thumb2/libstartup.lpc17xx.a(startup_LPC17xx.o)
                0x00006000                _vectors
 *(.reset)
 .reset         0x000060cc       0x44 /Users/william/Applications/openlpc/bin/../lib/gcc/arm-none-eabi/4.5.2/../../../../arm-none-eabi/lib/thumb2/libstartup.lpc17xx.a(startup_LPC17xx.o)
                0x000060cc                Reset_Handler
 *(.text.cs3.init)
 *(.text .text.* .gnu.linkonce.t.*)
 .text          0x00006110      0xbe8 main.o
                0x00006110                ext_adc_setup
                0x0000617c                ui_setup
                0x000061d4                ui_set
                0x00006250                servo_steer
                0x000062a4                servo_setup
                0x000062f8                motor_speed
                0x00006340                digipot_setup
                0x000063d4                motor_brake
                0x0000641c                rgb_set
                0x00006484                rgb_setup
                0x000064cc                mux_setup
                0x000064fc                mux_set
                0x0000651c                motor_setup
                0x000065a8                EINT3_IRQHandler
                0x000065d8                set_pot
                0x00006614                main
                0x00006af4                I2C2_IRQHandler
 .text          0x00006cf8        0x0 /Users/william/Applications/openlpc/bin/../lib/gcc/arm-none-eabi/4.5.2/../../../../arm-none-eabi/lib/thumb2/libc.a(lib_a-printf.o)
 .text._printf_r
                0x00006cf8       0x26 /Users/william/Applications/openlpc/bin/../lib/gcc/arm-none-eabi/4.5.2/../../../../arm-none-eabi/lib/thumb2/libc.a(lib_a-printf.o)
                0x00006cf8                _printf_r
 *fill*         0x00006d1e        0x2 00
 .text.printf   0x00006d20       0x30 /Users/william/Applications/openlpc/bin/../lib/gcc/arm-none-eabi/4.5.2/../../../../arm-none-eabi/lib/thumb2/libc.a(lib_a-printf.o)
                0x00006d20                printf
 .text          0x00006d50        0x0 /Users/william/Applications/openlpc/bin/../lib/gcc/arm-none-eabi/4.5.2/../../../../arm-none-eabi/lib/thumb2/libc.a(lib_a-vfprintf.o)
 .text._vfprintf_r
                0x00006d50     0x11d4 /Users/william/Applications/openlpc/bin/../lib/gcc/arm-none-eabi/4.5.2/../../../../arm-none-eabi/lib/thumb2/libc.a(lib_a-vfprintf.o)
                0x00006d50                _vfprintf_r
 .text.vfprintf
                0x00007f24       0x1c /Users/william/Applications/openlpc/bin/../lib/gcc/arm-none-eabi/4.5.2/../../../../arm-none-eabi/lib/thumb2/libc.a(lib_a-vfprintf.o)
                0x00007f24                vfprintf
 .text          0x00007f40        0x0 /Users/william/Applications/openlpc/bin/../lib/gcc/arm-none-eabi/4.5.2/../../../../arm-none-eabi/lib/thumb2/libc.a(lib_a-wsetup.o)
 .text.__swsetup_r
                0x00007f40       0xdc /Users/william/Applications/openlpc/bin/../lib/gcc/arm-none-eabi/4.5.2/../../../../arm-none-eabi/lib/thumb2/libc.a(lib_a-wsetup.o)
                0x00007f40                __swsetup_r
 .text          0x0000801c        0x0 /Users/william/Applications/openlpc/bin/../lib/gcc/arm-none-eabi/4.5.2/../../../../arm-none-eabi/lib/thumb2/libc.a(lib_a-dtoa.o)
 .text.quorem   0x0000801c      0x124 /Users/william/Applications/openlpc/bin/../lib/gcc/arm-none-eabi/4.5.2/../../../../arm-none-eabi/lib/thumb2/libc.a(lib_a-dtoa.o)
 .text._dtoa_r  0x00008140      0xc08 /Users/william/Applications/openlpc/bin/../lib/gcc/arm-none-eabi/4.5.2/../../../../arm-none-eabi/lib/thumb2/libc.a(lib_a-dtoa.o)
                0x00008140                _dtoa_r
 .text          0x00008d48        0x0 /Users/william/Applications/openlpc/bin/../lib/gcc/arm-none-eabi/4.5.2/../../../../arm-none-eabi/lib/thumb2/libc.a(lib_a-fflush.o)
 .text._fflush_r
                0x00008d48      0x174 /Users/william/Applications/openlpc/bin/../lib/gcc/arm-none-eabi/4.5.2/../../../../arm-none-eabi/lib/thumb2/libc.a(lib_a-fflush.o)
                0x00008d48                _fflush_r
 .text.fflush   0x00008ebc       0x24 /Users/william/Applications/openlpc/bin/../lib/gcc/arm-none-eabi/4.5.2/../../../../arm-none-eabi/lib/thumb2/libc.a(lib_a-fflush.o)
                0x00008ebc                fflush
 .text          0x00008ee0        0x0 /Users/william/Applications/openlpc/bin/../lib/gcc/arm-none-eabi/4.5.2/../../../../arm-none-eabi/lib/thumb2/libc.a(lib_a-findfp.o)
 .text.__fp_lock
                0x00008ee0        0x4 /Users/william/Applications/openlpc/bin/../lib/gcc/arm-none-eabi/4.5.2/../../../../arm-none-eabi/lib/thumb2/libc.a(lib_a-findfp.o)
 .text.__fp_unlock
                0x00008ee4        0x4 /Users/william/Applications/openlpc/bin/../lib/gcc/arm-none-eabi/4.5.2/../../../../arm-none-eabi/lib/thumb2/libc.a(lib_a-findfp.o)
 .text._cleanup_r
                0x00008ee8        0xc /Users/william/Applications/openlpc/bin/../lib/gcc/arm-none-eabi/4.5.2/../../../../arm-none-eabi/lib/thumb2/libc.a(lib_a-findfp.o)
                0x00008ee8                _cleanup_r
 .text.std.clone.0
                0x00008ef4       0x48 /Users/william/Applications/openlpc/bin/../lib/gcc/arm-none-eabi/4.5.2/../../../../arm-none-eabi/lib/thumb2/libc.a(lib_a-findfp.o)
 .text.__sfmoreglue
                0x00008f3c       0x28 /Users/william/Applications/openlpc/bin/../lib/gcc/arm-none-eabi/4.5.2/../../../../arm-none-eabi/lib/thumb2/libc.a(lib_a-findfp.o)
                0x00008f3c                __sfmoreglue
 .text._cleanup
                0x00008f64        0xc /Users/william/Applications/openlpc/bin/../lib/gcc/arm-none-eabi/4.5.2/../../../../arm-none-eabi/lib/thumb2/libc.a(lib_a-findfp.o)
                0x00008f64                _cleanup
 .text.__sinit  0x00008f70       0x5c /Users/william/Applications/openlpc/bin/../lib/gcc/arm-none-eabi/4.5.2/../../../../arm-none-eabi/lib/thumb2/libc.a(lib_a-findfp.o)
                0x00008f70                __sinit
 .text.__sfp    0x00008fcc       0x78 /Users/william/Applications/openlpc/bin/../lib/gcc/arm-none-eabi/4.5.2/../../../../arm-none-eabi/lib/thumb2/libc.a(lib_a-findfp.o)
                0x00008fcc                __sfp
 .text.__sfp_lock_acquire
                0x00009044        0x2 /Users/william/Applications/openlpc/bin/../lib/gcc/arm-none-eabi/4.5.2/../../../../arm-none-eabi/lib/thumb2/libc.a(lib_a-findfp.o)
                0x00009044                __sfp_lock_acquire
 .text.__sfp_lock_release
                0x00009046        0x2 /Users/william/Applications/openlpc/bin/../lib/gcc/arm-none-eabi/4.5.2/../../../../arm-none-eabi/lib/thumb2/libc.a(lib_a-findfp.o)
                0x00009046                __sfp_lock_release
 .text.__sinit_lock_acquire
                0x00009048        0x2 /Users/william/Applications/openlpc/bin/../lib/gcc/arm-none-eabi/4.5.2/../../../../arm-none-eabi/lib/thumb2/libc.a(lib_a-findfp.o)
                0x00009048                __sinit_lock_acquire
 .text.__sinit_lock_release
                0x0000904a        0x2 /Users/william/Applications/openlpc/bin/../lib/gcc/arm-none-eabi/4.5.2/../../../../arm-none-eabi/lib/thumb2/libc.a(lib_a-findfp.o)
                0x0000904a                __sinit_lock_release
 .text.__fp_lock_all
                0x0000904c       0x14 /Users/william/Applications/openlpc/bin/../lib/gcc/arm-none-eabi/4.5.2/../../../../arm-none-eabi/lib/thumb2/libc.a(lib_a-findfp.o)
                0x0000904c                __fp_lock_all
 .text.__fp_unlock_all
                0x00009060       0x14 /Users/william/Applications/openlpc/bin/../lib/gcc/arm-none-eabi/4.5.2/../../../../arm-none-eabi/lib/thumb2/libc.a(lib_a-findfp.o)
                0x00009060                __fp_unlock_all
 .text          0x00009074        0x0 /Users/william/Applications/openlpc/bin/../lib/gcc/arm-none-eabi/4.5.2/../../../../arm-none-eabi/lib/thumb2/libc.a(lib_a-freer.o)
 .text._malloc_trim_r
                0x00009074       0x98 /Users/william/Applications/openlpc/bin/../lib/gcc/arm-none-eabi/4.5.2/../../../../arm-none-eabi/lib/thumb2/libc.a(lib_a-freer.o)
                0x00009074                _malloc_trim_r
 .text._free_r  0x0000910c      0x180 /Users/william/Applications/openlpc/bin/../lib/gcc/arm-none-eabi/4.5.2/../../../../arm-none-eabi/lib/thumb2/libc.a(lib_a-freer.o)
                0x0000910c                _free_r
 .text          0x0000928c        0x0 /Users/william/Applications/openlpc/bin/../lib/gcc/arm-none-eabi/4.5.2/../../../../arm-none-eabi/lib/thumb2/libc.a(lib_a-fwalk.o)
 .text._fwalk   0x0000928c       0x44 /Users/william/Applications/openlpc/bin/../lib/gcc/arm-none-eabi/4.5.2/../../../../arm-none-eabi/lib/thumb2/libc.a(lib_a-fwalk.o)
                0x0000928c                _fwalk
 .text._fwalk_reent
                0x000092d0       0x48 /Users/william/Applications/openlpc/bin/../lib/gcc/arm-none-eabi/4.5.2/../../../../arm-none-eabi/lib/thumb2/libc.a(lib_a-fwalk.o)
                0x000092d0                _fwalk_reent
 .text          0x00009318        0x0 /Users/william/Applications/openlpc/bin/../lib/gcc/arm-none-eabi/4.5.2/../../../../arm-none-eabi/lib/thumb2/libc.a(lib_a-impure.o)
 .text          0x00009318        0x0 /Users/william/Applications/openlpc/bin/../lib/gcc/arm-none-eabi/4.5.2/../../../../arm-none-eabi/lib/thumb2/libc.a(lib_a-locale.o)
 .text._setlocale_r
                0x00009318       0x44 /Users/william/Applications/openlpc/bin/../lib/gcc/arm-none-eabi/4.5.2/../../../../arm-none-eabi/lib/thumb2/libc.a(lib_a-locale.o)
                0x00009318                _setlocale_r
 .text.__locale_charset
                0x0000935c        0x8 /Users/william/Applications/openlpc/bin/../lib/gcc/arm-none-eabi/4.5.2/../../../../arm-none-eabi/lib/thumb2/libc.a(lib_a-locale.o)
                0x0000935c                __locale_charset
 .text.__locale_mb_cur_max
                0x00009364        0xc /Users/william/Applications/openlpc/bin/../lib/gcc/arm-none-eabi/4.5.2/../../../../arm-none-eabi/lib/thumb2/libc.a(lib_a-locale.o)
                0x00009364                __locale_mb_cur_max
 .text.__locale_msgcharset
                0x00009370        0x8 /Users/william/Applications/openlpc/bin/../lib/gcc/arm-none-eabi/4.5.2/../../../../arm-none-eabi/lib/thumb2/libc.a(lib_a-locale.o)
                0x00009370                __locale_msgcharset
 .text.__locale_cjk_lang
                0x00009378        0x4 /Users/william/Applications/openlpc/bin/../lib/gcc/arm-none-eabi/4.5.2/../../../../arm-none-eabi/lib/thumb2/libc.a(lib_a-locale.o)
                0x00009378                __locale_cjk_lang
 .text._localeconv_r
                0x0000937c        0x8 /Users/william/Applications/openlpc/bin/../lib/gcc/arm-none-eabi/4.5.2/../../../../arm-none-eabi/lib/thumb2/libc.a(lib_a-locale.o)
                0x0000937c                _localeconv_r
 .text.setlocale
                0x00009384       0x14 /Users/william/Applications/openlpc/bin/../lib/gcc/arm-none-eabi/4.5.2/../../../../arm-none-eabi/lib/thumb2/libc.a(lib_a-locale.o)
                0x00009384                setlocale
 .text.localeconv
                0x00009398        0x8 /Users/william/Applications/openlpc/bin/../lib/gcc/arm-none-eabi/4.5.2/../../../../arm-none-eabi/lib/thumb2/libc.a(lib_a-locale.o)
                0x00009398                localeconv
 .text          0x000093a0        0x0 /Users/william/Applications/openlpc/bin/../lib/gcc/arm-none-eabi/4.5.2/../../../../arm-none-eabi/lib/thumb2/libc.a(lib_a-makebuf.o)
 .text.__smakebuf_r
                0x000093a0       0xe0 /Users/william/Applications/openlpc/bin/../lib/gcc/arm-none-eabi/4.5.2/../../../../arm-none-eabi/lib/thumb2/libc.a(lib_a-makebuf.o)
                0x000093a0                __smakebuf_r
 .text          0x00009480        0x0 /Users/william/Applications/openlpc/bin/../lib/gcc/arm-none-eabi/4.5.2/../../../../arm-none-eabi/lib/thumb2/libc.a(lib_a-malloc.o)
 .text.malloc   0x00009480       0x10 /Users/william/Applications/openlpc/bin/../lib/gcc/arm-none-eabi/4.5.2/../../../../arm-none-eabi/lib/thumb2/libc.a(lib_a-malloc.o)
                0x00009480                malloc
 .text.free     0x00009490       0x10 /Users/william/Applications/openlpc/bin/../lib/gcc/arm-none-eabi/4.5.2/../../../../arm-none-eabi/lib/thumb2/libc.a(lib_a-malloc.o)
                0x00009490                free
 .text          0x000094a0        0x0 /Users/william/Applications/openlpc/bin/../lib/gcc/arm-none-eabi/4.5.2/../../../../arm-none-eabi/lib/thumb2/libc.a(lib_a-mallocr.o)
 .text._malloc_r
                0x000094a0      0x418 /Users/william/Applications/openlpc/bin/../lib/gcc/arm-none-eabi/4.5.2/../../../../arm-none-eabi/lib/thumb2/libc.a(lib_a-mallocr.o)
                0x000094a0                _malloc_r
 .text          0x000098b8        0x0 /Users/william/Applications/openlpc/bin/../lib/gcc/arm-none-eabi/4.5.2/../../../../arm-none-eabi/lib/thumb2/libc.a(lib_a-memchr.o)
 .text.memchr   0x000098b8       0x1c /Users/william/Applications/openlpc/bin/../lib/gcc/arm-none-eabi/4.5.2/../../../../arm-none-eabi/lib/thumb2/libc.a(lib_a-memchr.o)
                0x000098b8                memchr
 .text          0x000098d4        0x0 /Users/william/Applications/openlpc/bin/../lib/gcc/arm-none-eabi/4.5.2/../../../../arm-none-eabi/lib/thumb2/libc.a(lib_a-memcpy.o)
 .text.memcpy   0x000098d4       0x16 /Users/william/Applications/openlpc/bin/../lib/gcc/arm-none-eabi/4.5.2/../../../../arm-none-eabi/lib/thumb2/libc.a(lib_a-memcpy.o)
                0x000098d4                memcpy
 .text          0x000098ea        0x0 /Users/william/Applications/openlpc/bin/../lib/gcc/arm-none-eabi/4.5.2/../../../../arm-none-eabi/lib/thumb2/libc.a(lib_a-memset.o)
 .text.memset   0x000098ea       0x10 /Users/william/Applications/openlpc/bin/../lib/gcc/arm-none-eabi/4.5.2/../../../../arm-none-eabi/lib/thumb2/libc.a(lib_a-memset.o)
                0x000098ea                memset
 .text          0x000098fa        0x0 /Users/william/Applications/openlpc/bin/../lib/gcc/arm-none-eabi/4.5.2/../../../../arm-none-eabi/lib/thumb2/libc.a(lib_a-mlock.o)
 .text.__malloc_lock
                0x000098fa        0x2 /Users/william/Applications/openlpc/bin/../lib/gcc/arm-none-eabi/4.5.2/../../../../arm-none-eabi/lib/thumb2/libc.a(lib_a-mlock.o)
                0x000098fa                __malloc_lock
 .text.__malloc_unlock
                0x000098fc        0x2 /Users/william/Applications/openlpc/bin/../lib/gcc/arm-none-eabi/4.5.2/../../../../arm-none-eabi/lib/thumb2/libc.a(lib_a-mlock.o)
                0x000098fc                __malloc_unlock
 .text          0x000098fe        0x0 /Users/william/Applications/openlpc/bin/../lib/gcc/arm-none-eabi/4.5.2/../../../../arm-none-eabi/lib/thumb2/libc.a(lib_a-mprec.o)
 .text._Balloc  0x000098fe       0x62 /Users/william/Applications/openlpc/bin/../lib/gcc/arm-none-eabi/4.5.2/../../../../arm-none-eabi/lib/thumb2/libc.a(lib_a-mprec.o)
                0x000098fe                _Balloc
 .text._Bfree   0x00009960       0x2e /Users/william/Applications/openlpc/bin/../lib/gcc/arm-none-eabi/4.5.2/../../../../arm-none-eabi/lib/thumb2/libc.a(lib_a-mprec.o)
                0x00009960                _Bfree
 .text.__multadd
                0x0000998e       0x7c /Users/william/Applications/openlpc/bin/../lib/gcc/arm-none-eabi/4.5.2/../../../../arm-none-eabi/lib/thumb2/libc.a(lib_a-mprec.o)
                0x0000998e                __multadd
 .text.__s2b    0x00009a0a       0x7c /Users/william/Applications/openlpc/bin/../lib/gcc/arm-none-eabi/4.5.2/../../../../arm-none-eabi/lib/thumb2/libc.a(lib_a-mprec.o)
                0x00009a0a                __s2b
 .text.__hi0bits
                0x00009a86       0x40 /Users/william/Applications/openlpc/bin/../lib/gcc/arm-none-eabi/4.5.2/../../../../arm-none-eabi/lib/thumb2/libc.a(lib_a-mprec.o)
                0x00009a86                __hi0bits
 .text.__lo0bits
                0x00009ac6       0x64 /Users/william/Applications/openlpc/bin/../lib/gcc/arm-none-eabi/4.5.2/../../../../arm-none-eabi/lib/thumb2/libc.a(lib_a-mprec.o)
                0x00009ac6                __lo0bits
 .text.__i2b    0x00009b2a       0x12 /Users/william/Applications/openlpc/bin/../lib/gcc/arm-none-eabi/4.5.2/../../../../arm-none-eabi/lib/thumb2/libc.a(lib_a-mprec.o)
                0x00009b2a                __i2b
 .text.__multiply
                0x00009b3c      0x124 /Users/william/Applications/openlpc/bin/../lib/gcc/arm-none-eabi/4.5.2/../../../../arm-none-eabi/lib/thumb2/libc.a(lib_a-mprec.o)
                0x00009b3c                __multiply
 .text.__pow5mult
                0x00009c60       0xa4 /Users/william/Applications/openlpc/bin/../lib/gcc/arm-none-eabi/4.5.2/../../../../arm-none-eabi/lib/thumb2/libc.a(lib_a-mprec.o)
                0x00009c60                __pow5mult
 .text.__lshift
                0x00009d04       0x98 /Users/william/Applications/openlpc/bin/../lib/gcc/arm-none-eabi/4.5.2/../../../../arm-none-eabi/lib/thumb2/libc.a(lib_a-mprec.o)
                0x00009d04                __lshift
 .text.__mcmp   0x00009d9c       0x3a /Users/william/Applications/openlpc/bin/../lib/gcc/arm-none-eabi/4.5.2/../../../../arm-none-eabi/lib/thumb2/libc.a(lib_a-mprec.o)
                0x00009d9c                __mcmp
 .text.__mdiff  0x00009dd6       0xc6 /Users/william/Applications/openlpc/bin/../lib/gcc/arm-none-eabi/4.5.2/../../../../arm-none-eabi/lib/thumb2/libc.a(lib_a-mprec.o)
                0x00009dd6                __mdiff
 .text.__ulp    0x00009e9c       0x40 /Users/william/Applications/openlpc/bin/../lib/gcc/arm-none-eabi/4.5.2/../../../../arm-none-eabi/lib/thumb2/libc.a(lib_a-mprec.o)
                0x00009e9c                __ulp
 .text.__b2d    0x00009edc       0xa4 /Users/william/Applications/openlpc/bin/../lib/gcc/arm-none-eabi/4.5.2/../../../../arm-none-eabi/lib/thumb2/libc.a(lib_a-mprec.o)
                0x00009edc                __b2d
 .text.__d2b    0x00009f80       0xbc /Users/william/Applications/openlpc/bin/../lib/gcc/arm-none-eabi/4.5.2/../../../../arm-none-eabi/lib/thumb2/libc.a(lib_a-mprec.o)
                0x00009f80                __d2b
 .text.__ratio  0x0000a03c       0x46 /Users/william/Applications/openlpc/bin/../lib/gcc/arm-none-eabi/4.5.2/../../../../arm-none-eabi/lib/thumb2/libc.a(lib_a-mprec.o)
                0x0000a03c                __ratio
 *fill*         0x0000a082        0x2 00
 .text._mprec_log10
                0x0000a084       0x34 /Users/william/Applications/openlpc/bin/../lib/gcc/arm-none-eabi/4.5.2/../../../../arm-none-eabi/lib/thumb2/libc.a(lib_a-mprec.o)
                0x0000a084                _mprec_log10
 .text.__copybits
                0x0000a0b8       0x32 /Users/william/Applications/openlpc/bin/../lib/gcc/arm-none-eabi/4.5.2/../../../../arm-none-eabi/lib/thumb2/libc.a(lib_a-mprec.o)
                0x0000a0b8                __copybits
 .text.__any_on
                0x0000a0ea       0x4a /Users/william/Applications/openlpc/bin/../lib/gcc/arm-none-eabi/4.5.2/../../../../arm-none-eabi/lib/thumb2/libc.a(lib_a-mprec.o)
                0x0000a0ea                __any_on
 .text          0x0000a134        0x0 /Users/william/Applications/openlpc/bin/../lib/gcc/arm-none-eabi/4.5.2/../../../../arm-none-eabi/lib/thumb2/libc.a(lib_a-s_fpclassify.o)
 .text.__fpclassifyd
                0x0000a134       0x64 /Users/william/Applications/openlpc/bin/../lib/gcc/arm-none-eabi/4.5.2/../../../../arm-none-eabi/lib/thumb2/libc.a(lib_a-s_fpclassify.o)
                0x0000a134                __fpclassifyd
 .text          0x0000a198        0x0 /Users/william/Applications/openlpc/bin/../lib/gcc/arm-none-eabi/4.5.2/../../../../arm-none-eabi/lib/thumb2/libc.a(lib_a-sbrkr.o)
 .text._sbrk_r  0x0000a198       0x24 /Users/william/Applications/openlpc/bin/../lib/gcc/arm-none-eabi/4.5.2/../../../../arm-none-eabi/lib/thumb2/libc.a(lib_a-sbrkr.o)
                0x0000a198                _sbrk_r
 .text          0x0000a1bc        0x0 /Users/william/Applications/openlpc/bin/../lib/gcc/arm-none-eabi/4.5.2/../../../../arm-none-eabi/lib/thumb2/libc.a(lib_a-stdio.o)
 .text.__sread  0x0000a1bc       0x22 /Users/william/Applications/openlpc/bin/../lib/gcc/arm-none-eabi/4.5.2/../../../../arm-none-eabi/lib/thumb2/libc.a(lib_a-stdio.o)
                0x0000a1bc                __sread
 .text.__seofread
                0x0000a1de        0x4 /Users/william/Applications/openlpc/bin/../lib/gcc/arm-none-eabi/4.5.2/../../../../arm-none-eabi/lib/thumb2/libc.a(lib_a-stdio.o)
                0x0000a1de                __seofread
 .text.__swrite
                0x0000a1e2       0x3a /Users/william/Applications/openlpc/bin/../lib/gcc/arm-none-eabi/4.5.2/../../../../arm-none-eabi/lib/thumb2/libc.a(lib_a-stdio.o)
                0x0000a1e2                __swrite
 .text.__sseek  0x0000a21c       0x26 /Users/william/Applications/openlpc/bin/../lib/gcc/arm-none-eabi/4.5.2/../../../../arm-none-eabi/lib/thumb2/libc.a(lib_a-stdio.o)
                0x0000a21c                __sseek
 .text.__sclose
                0x0000a242        0x8 /Users/william/Applications/openlpc/bin/../lib/gcc/arm-none-eabi/4.5.2/../../../../arm-none-eabi/lib/thumb2/libc.a(lib_a-stdio.o)
                0x0000a242                __sclose
 .text          0x0000a24a        0x0 /Users/william/Applications/openlpc/bin/../lib/gcc/arm-none-eabi/4.5.2/../../../../arm-none-eabi/lib/thumb2/libc.a(lib_a-strcmp.o)
 .text.strcmp   0x0000a24a       0x16 /Users/william/Applications/openlpc/bin/../lib/gcc/arm-none-eabi/4.5.2/../../../../arm-none-eabi/lib/thumb2/libc.a(lib_a-strcmp.o)
                0x0000a24a                strcmp
 .text          0x0000a260        0x0 /Users/william/Applications/openlpc/bin/../lib/gcc/arm-none-eabi/4.5.2/../../../../arm-none-eabi/lib/thumb2/libc.a(lib_a-strlen.o)
 .text.strlen   0x0000a260       0x10 /Users/william/Applications/openlpc/bin/../lib/gcc/arm-none-eabi/4.5.2/../../../../arm-none-eabi/lib/thumb2/libc.a(lib_a-strlen.o)
                0x0000a260                strlen
 .text          0x0000a270        0x0 /Users/william/Applications/openlpc/bin/../lib/gcc/arm-none-eabi/4.5.2/../../../../arm-none-eabi/lib/thumb2/libc.a(lib_a-vfiprintf.o)
 .text.__sprint_r
                0x0000a270       0x74 /Users/william/Applications/openlpc/bin/../lib/gcc/arm-none-eabi/4.5.2/../../../../arm-none-eabi/lib/thumb2/libc.a(lib_a-vfiprintf.o)
                0x0000a270                __sprint_r
 .text._vfiprintf_r
                0x0000a2e4      0x918 /Users/william/Applications/openlpc/bin/../lib/gcc/arm-none-eabi/4.5.2/../../../../arm-none-eabi/lib/thumb2/libc.a(lib_a-vfiprintf.o)
                0x0000a2e4                _vfiprintf_r
 .text.vfiprintf
                0x0000abfc       0x1c /Users/william/Applications/openlpc/bin/../lib/gcc/arm-none-eabi/4.5.2/../../../../arm-none-eabi/lib/thumb2/libc.a(lib_a-vfiprintf.o)
                0x0000abfc                vfiprintf
 .text          0x0000ac18        0x0 /Users/william/Applications/openlpc/bin/../lib/gcc/arm-none-eabi/4.5.2/../../../../arm-none-eabi/lib/thumb2/libc.a(lib_a-writer.o)
 .text._write_r
                0x0000ac18       0x28 /Users/william/Applications/openlpc/bin/../lib/gcc/arm-none-eabi/4.5.2/../../../../arm-none-eabi/lib/thumb2/libc.a(lib_a-writer.o)
                0x0000ac18                _write_r
 .text          0x0000ac40        0x0 /Users/william/Applications/openlpc/bin/../lib/gcc/arm-none-eabi/4.5.2/../../../../arm-none-eabi/lib/thumb2/libc.a(lib_a-callocr.o)
 .text._calloc_r
                0x0000ac40       0x58 /Users/william/Applications/openlpc/bin/../lib/gcc/arm-none-eabi/4.5.2/../../../../arm-none-eabi/lib/thumb2/libc.a(lib_a-callocr.o)
                0x0000ac40                _calloc_r
 .text          0x0000ac98        0x0 /Users/william/Applications/openlpc/bin/../lib/gcc/arm-none-eabi/4.5.2/../../../../arm-none-eabi/lib/thumb2/libc.a(lib_a-closer.o)
 .text._close_r
                0x0000ac98       0x24 /Users/william/Applications/openlpc/bin/../lib/gcc/arm-none-eabi/4.5.2/../../../../arm-none-eabi/lib/thumb2/libc.a(lib_a-closer.o)
                0x0000ac98                _close_r
 .text          0x0000acbc        0x0 /Users/william/Applications/openlpc/bin/../lib/gcc/arm-none-eabi/4.5.2/../../../../arm-none-eabi/lib/thumb2/libc.a(lib_a-fclose.o)
 .text._fclose_r
                0x0000acbc       0xac /Users/william/Applications/openlpc/bin/../lib/gcc/arm-none-eabi/4.5.2/../../../../arm-none-eabi/lib/thumb2/libc.a(lib_a-fclose.o)
                0x0000acbc                _fclose_r
 .text.fclose   0x0000ad68       0x10 /Users/william/Applications/openlpc/bin/../lib/gcc/arm-none-eabi/4.5.2/../../../../arm-none-eabi/lib/thumb2/libc.a(lib_a-fclose.o)
                0x0000ad68                fclose
 .text          0x0000ad78        0x0 /Users/william/Applications/openlpc/bin/../lib/gcc/arm-none-eabi/4.5.2/../../../../arm-none-eabi/lib/thumb2/libc.a(lib_a-fputwc.o)
 .text._fputwc_r
                0x0000ad78       0xbe /Users/william/Applications/openlpc/bin/../lib/gcc/arm-none-eabi/4.5.2/../../../../arm-none-eabi/lib/thumb2/libc.a(lib_a-fputwc.o)
                0x0000ad78                _fputwc_r
 *fill*         0x0000ae36        0x2 00
 .text.fputwc   0x0000ae38       0x54 /Users/william/Applications/openlpc/bin/../lib/gcc/arm-none-eabi/4.5.2/../../../../arm-none-eabi/lib/thumb2/libc.a(lib_a-fputwc.o)
                0x0000ae38                fputwc
 .text          0x0000ae8c        0x0 /Users/william/Applications/openlpc/bin/../lib/gcc/arm-none-eabi/4.5.2/../../../../arm-none-eabi/lib/thumb2/libc.a(lib_a-fstatr.o)
 .text._fstat_r
                0x0000ae8c       0x24 /Users/william/Applications/openlpc/bin/../lib/gcc/arm-none-eabi/4.5.2/../../../../arm-none-eabi/lib/thumb2/libc.a(lib_a-fstatr.o)
                0x0000ae8c                _fstat_r
 .text          0x0000aeb0        0x0 /Users/william/Applications/openlpc/bin/../lib/gcc/arm-none-eabi/4.5.2/../../../../arm-none-eabi/lib/thumb2/libc.a(lib_a-fvwrite.o)
 .text.__sfvwrite_r
                0x0000aeb0      0x296 /Users/william/Applications/openlpc/bin/../lib/gcc/arm-none-eabi/4.5.2/../../../../arm-none-eabi/lib/thumb2/libc.a(lib_a-fvwrite.o)
                0x0000aeb0                __sfvwrite_r
 .text          0x0000b146        0x0 /Users/william/Applications/openlpc/bin/../lib/gcc/arm-none-eabi/4.5.2/../../../../arm-none-eabi/lib/thumb2/libc.a(lib_a-isattyr.o)
 *fill*         0x0000b146        0x2 00
 .text._isatty_r
                0x0000b148       0x24 /Users/william/Applications/openlpc/bin/../lib/gcc/arm-none-eabi/4.5.2/../../../../arm-none-eabi/lib/thumb2/libc.a(lib_a-isattyr.o)
                0x0000b148                _isatty_r
 .text          0x0000b16c        0x0 /Users/william/Applications/openlpc/bin/../lib/gcc/arm-none-eabi/4.5.2/../../../../arm-none-eabi/lib/thumb2/libc.a(lib_a-lseekr.o)
 .text._lseek_r
                0x0000b16c       0x28 /Users/william/Applications/openlpc/bin/../lib/gcc/arm-none-eabi/4.5.2/../../../../arm-none-eabi/lib/thumb2/libc.a(lib_a-lseekr.o)
                0x0000b16c                _lseek_r
 .text          0x0000b194        0x0 /Users/william/Applications/openlpc/bin/../lib/gcc/arm-none-eabi/4.5.2/../../../../arm-none-eabi/lib/thumb2/libc.a(lib_a-memmove.o)
 .text.memmove  0x0000b194       0x30 /Users/william/Applications/openlpc/bin/../lib/gcc/arm-none-eabi/4.5.2/../../../../arm-none-eabi/lib/thumb2/libc.a(lib_a-memmove.o)
                0x0000b194                memmove
 .text          0x0000b1c4        0x0 /Users/william/Applications/openlpc/bin/../lib/gcc/arm-none-eabi/4.5.2/../../../../arm-none-eabi/lib/thumb2/libc.a(lib_a-readr.o)
 .text._read_r  0x0000b1c4       0x28 /Users/william/Applications/openlpc/bin/../lib/gcc/arm-none-eabi/4.5.2/../../../../arm-none-eabi/lib/thumb2/libc.a(lib_a-readr.o)
                0x0000b1c4                _read_r
 .text          0x0000b1ec        0x0 /Users/william/Applications/openlpc/bin/../lib/gcc/arm-none-eabi/4.5.2/../../../../arm-none-eabi/lib/thumb2/libc.a(lib_a-reallocr.o)
 .text._realloc_r
                0x0000b1ec      0x2f8 /Users/william/Applications/openlpc/bin/../lib/gcc/arm-none-eabi/4.5.2/../../../../arm-none-eabi/lib/thumb2/libc.a(lib_a-reallocr.o)
                0x0000b1ec                _realloc_r
 .text          0x0000b4e4        0x0 /Users/william/Applications/openlpc/bin/../lib/gcc/arm-none-eabi/4.5.2/../../../../arm-none-eabi/lib/thumb2/libc.a(lib_a-reent.o)
 .text.cleanup_glue
                0x0000b4e4       0x1a /Users/william/Applications/openlpc/bin/../lib/gcc/arm-none-eabi/4.5.2/../../../../arm-none-eabi/lib/thumb2/libc.a(lib_a-reent.o)
                0x0000b4e4                cleanup_glue
 *fill*         0x0000b4fe        0x2 00
 .text._reclaim_reent
                0x0000b500       0xb4 /Users/william/Applications/openlpc/bin/../lib/gcc/arm-none-eabi/4.5.2/../../../../arm-none-eabi/lib/thumb2/libc.a(lib_a-reent.o)
                0x0000b500                _reclaim_reent
 .text._wrapup_reent
                0x0000b5b4       0x34 /Users/william/Applications/openlpc/bin/../lib/gcc/arm-none-eabi/4.5.2/../../../../arm-none-eabi/lib/thumb2/libc.a(lib_a-reent.o)
                0x0000b5b4                _wrapup_reent
 .text          0x0000b5e8        0x0 /Users/william/Applications/openlpc/bin/../lib/gcc/arm-none-eabi/4.5.2/../../../../arm-none-eabi/lib/thumb2/libc.a(lib_a-wbuf.o)
 .text.__swbuf_r
                0x0000b5e8       0xcc /Users/william/Applications/openlpc/bin/../lib/gcc/arm-none-eabi/4.5.2/../../../../arm-none-eabi/lib/thumb2/libc.a(lib_a-wbuf.o)
                0x0000b5e8                __swbuf_r
 .text.__swbuf  0x0000b6b4       0x14 /Users/william/Applications/openlpc/bin/../lib/gcc/arm-none-eabi/4.5.2/../../../../arm-none-eabi/lib/thumb2/libc.a(lib_a-wbuf.o)
                0x0000b6b4                __swbuf
 .text          0x0000b6c8        0x0 /Users/william/Applications/openlpc/bin/../lib/gcc/arm-none-eabi/4.5.2/../../../../arm-none-eabi/lib/thumb2/libc.a(lib_a-wcrtomb.o)
 .text._wcrtomb_r
                0x0000b6c8       0x50 /Users/william/Applications/openlpc/bin/../lib/gcc/arm-none-eabi/4.5.2/../../../../arm-none-eabi/lib/thumb2/libc.a(lib_a-wcrtomb.o)
                0x0000b6c8                _wcrtomb_r
 .text.wcrtomb  0x0000b718       0x1c /Users/william/Applications/openlpc/bin/../lib/gcc/arm-none-eabi/4.5.2/../../../../arm-none-eabi/lib/thumb2/libc.a(lib_a-wcrtomb.o)
                0x0000b718                wcrtomb
 .text          0x0000b734        0x0 /Users/william/Applications/openlpc/bin/../lib/gcc/arm-none-eabi/4.5.2/../../../../arm-none-eabi/lib/thumb2/libc.a(lib_a-wctomb_r.o)
 .text.__ascii_wctomb
                0x0000b734       0x1a /Users/william/Applications/openlpc/bin/../lib/gcc/arm-none-eabi/4.5.2/../../../../arm-none-eabi/lib/thumb2/libc.a(lib_a-wctomb_r.o)
                0x0000b734                __ascii_wctomb
 *fill*         0x0000b74e        0x2 00
 .text._wctomb_r
                0x0000b750       0x2c /Users/william/Applications/openlpc/bin/../lib/gcc/arm-none-eabi/4.5.2/../../../../arm-none-eabi/lib/thumb2/libc.a(lib_a-wctomb_r.o)
                0x0000b750                _wctomb_r
 .text          0x0000b77c      0x104 /Users/william/Applications/openlpc/bin/../lib/gcc/arm-none-eabi/4.5.2/../../../../arm-none-eabi/lib/thumb2/libstartup.lpc17xx.a(syscalls.o)
                0x0000b77c                _sbrk
                0x0000b7a0                _read
                0x0000b7ec                _write
 .text          0x0000b880        0x4 /Users/william/Applications/openlpc/bin/../lib/gcc/arm-none-eabi/4.5.2/../../../../arm-none-eabi/lib/thumb2/libstartup.lpc17xx.a(startup_LPC17xx.o)
                0x0000b880                SysTick_Handler
                0x0000b882                RIT_IRQHandler
                0x0000b882                I2C0_IRQHandler
                0x0000b882                USBActivity_IRQHandler
                0x0000b882                PWM1_IRQHandler
                0x0000b882                I2C1_IRQHandler
                0x0000b882                EINT2_IRQHandler
                0x0000b882                UART1_IRQHandler
                0x0000b882                CANActivity_IRQHandler
                0x0000b882                UART0_IRQHandler
                0x0000b882                PLL0_IRQHandler
                0x0000b882                CAN_IRQHandler
                0x0000b882                PLL1_IRQHandler
                0x0000b882                SSP0_IRQHandler
                0x0000b882                I2S_IRQHandler
                0x0000b882                RTC_IRQHandler
                0x0000b882                TIMER0_IRQHandler
                0x0000b882                SPI_IRQHandler
                0x0000b882                EINT1_IRQHandler
                0x0000b882                TIMER1_IRQHandler
                0x0000b882                UART2_IRQHandler
                0x0000b882                Default_Handler
                0x0000b882                ADC_IRQHandler
                0x0000b882                SSP1_IRQHandler
                0x0000b882                BOD_IRQHandler
                0x0000b882                WDT_IRQHandler
                0x0000b882                QEI_IRQHandler
                0x0000b882                EINT0_IRQHandler
                0x0000b882                DMA_IRQHandler
                0x0000b882                UART3_IRQHandler
                0x0000b882                MCPWM_IRQHandler
                0x0000b882                TIMER2_IRQHandler
                0x0000b882                ENET_IRQHandler
 .text          0x0000b884       0x20 /Users/william/Applications/openlpc/bin/../lib/gcc/arm-none-eabi/4.5.2/../../../../arm-none-eabi/lib/thumb2/libstartup.lpc17xx.a(stubs.o)
                0x0000b884                _open
                0x0000b888                __write
                0x0000b88c                __read
                0x0000b890                _close
                0x0000b894                _lseek
                0x0000b898                _fstat
                0x0000b89c                _isatty
                0x0000b8a0                ioctl
 .text          0x0000b8a4        0x8 /Users/william/Applications/openlpc/bin/../lib/gcc/arm-none-eabi/4.5.2/../../../../arm-none-eabi/lib/thumb2/libstartup.lpc17xx.a(system_LPC17xx.o)
                0x0000b8a4                SystemCoreClockUpdate
                0x0000b8a8                SystemInit
 .text          0x0000b8ac      0x264 /Users/william/Applications/openlpc/bin/../lib/gcc/arm-none-eabi/4.5.2/../../../../arm-none-eabi/lib/thumb2/liblpc17xx.lpc17xx.a(openlpc.o)
                0x0000b960                openlpc_init
                0x0000b9c4                millis
                0x0000b9dc                submillis
                0x0000b9e8                delay_subms
                0x0000ba14                delay_ms
                0x0000ba1c                set_interval
                0x0000ba20                clear_interval
                0x0000baec                TIMER3_IRQHandler
                0x0000bb08                set_timeout
                0x0000bb0c                clear_timeout
 .text          0x0000bb10      0x278 /Users/william/Applications/openlpc/bin/../lib/gcc/arm-none-eabi/4.5.2/thumb2/libgcc.a(_udivsi3.o)
                0x0000bb10                __udivsi3
                0x0000bb10                __aeabi_uidiv
                0x0000bd6c                __aeabi_uidivmod
 .text          0x0000bd88      0x2b0 /Users/william/Applications/openlpc/bin/../lib/gcc/arm-none-eabi/4.5.2/thumb2/libgcc.a(_divsi3.o)
                0x0000bd88                __aeabi_idiv
                0x0000bd88                __divsi3
                0x0000c01c                __aeabi_idivmod
 .text          0x0000c038        0x4 /Users/william/Applications/openlpc/bin/../lib/gcc/arm-none-eabi/4.5.2/thumb2/libgcc.a(_dvmd_tls.o)
                0x0000c038                __aeabi_ldiv0
                0x0000c038                __aeabi_idiv0
 .text          0x0000c03c      0x370 /Users/william/Applications/openlpc/bin/../lib/gcc/arm-none-eabi/4.5.2/thumb2/libgcc.a(_arm_addsubdf3.o)
                0x0000c03c                __aeabi_drsub
                0x0000c044                __subdf3
                0x0000c044                __aeabi_dsub
                0x0000c048                __aeabi_dadd
                0x0000c048                __adddf3
                0x0000c2c0                __aeabi_ui2d
                0x0000c2c0                __floatunsidf
                0x0000c2e0                __floatsidf
                0x0000c2e0                __aeabi_i2d
                0x0000c304                __extendsfdf2
                0x0000c304                __aeabi_f2d
                0x0000c340                __aeabi_ul2d
                0x0000c340                __floatundidf
                0x0000c350                __aeabi_l2d
                0x0000c350                __floatdidf
 .text          0x0000c3ac      0x424 /Users/william/Applications/openlpc/bin/../lib/gcc/arm-none-eabi/4.5.2/thumb2/libgcc.a(_arm_muldivdf3.o)
                0x0000c3ac                __aeabi_dmul
                0x0000c3ac                __muldf3
                0x0000c600                __aeabi_ddiv
                0x0000c600                __divdf3
 .text          0x0000c7d0      0x110 /Users/william/Applications/openlpc/bin/../lib/gcc/arm-none-eabi/4.5.2/thumb2/libgcc.a(_arm_cmpdf2.o)
                0x0000c7d0                __gtdf2
                0x0000c7d0                __gedf2
                0x0000c7d8                __ltdf2
                0x0000c7d8                __ledf2
                0x0000c7e0                __eqdf2
                0x0000c7e0                __nedf2
                0x0000c7e0                __cmpdf2
                0x0000c85c                __aeabi_cdrcmple
                0x0000c86c                __aeabi_cdcmple
                0x0000c86c                __aeabi_cdcmpeq
                0x0000c87c                __aeabi_dcmpeq
                0x0000c890                __aeabi_dcmplt
                0x0000c8a4                __aeabi_dcmple
                0x0000c8b8                __aeabi_dcmpge
                0x0000c8cc                __aeabi_dcmpgt
 .text          0x0000c8e0       0x50 /Users/william/Applications/openlpc/bin/../lib/gcc/arm-none-eabi/4.5.2/thumb2/libgcc.a(_arm_fixdfsi.o)
                0x0000c8e0                __fixdfsi
                0x0000c8e0                __aeabi_d2iz
 .text          0x0000c930       0x40 /Users/william/Applications/openlpc/bin/../lib/gcc/arm-none-eabi/4.5.2/thumb2/libgcc.a(_arm_fixunsdfsi.o)
                0x0000c930                __fixunsdfsi
                0x0000c930                __aeabi_d2uiz
 .text          0x0000c970       0xa0 /Users/william/Applications/openlpc/bin/../lib/gcc/arm-none-eabi/4.5.2/thumb2/libgcc.a(_arm_truncdfsf2.o)
                0x0000c970                __aeabi_d2f
                0x0000c970                __truncdfsf2
 .text          0x0000ca10      0x21c /Users/william/Applications/openlpc/bin/../lib/gcc/arm-none-eabi/4.5.2/thumb2/libgcc.a(_arm_addsubsf3.o)
                0x0000ca10                __aeabi_frsub
                0x0000ca18                __aeabi_fsub
                0x0000ca18                __subsf3
                0x0000ca1c                __aeabi_fadd
                0x0000ca1c                __addsf3
                0x0000cb7c                __aeabi_ui2f
                0x0000cb7c                __floatunsisf
                0x0000cb84                __floatsisf
                0x0000cb84                __aeabi_i2f
                0x0000cba0                __aeabi_ul2f
                0x0000cba0                __floatundisf
                0x0000cbb0                __aeabi_l2f
                0x0000cbb0                __floatdisf
 .text          0x0000cc2c      0x2a0 /Users/william/Applications/openlpc/bin/../lib/gcc/arm-none-eabi/4.5.2/thumb2/libgcc.a(_arm_muldivsf3.o)
                0x0000cc2c                __mulsf3
                0x0000cc2c                __aeabi_fmul
                0x0000cd94                __divsf3
                0x0000cd94                __aeabi_fdiv
 .text          0x0000cecc       0xec /Users/william/Applications/openlpc/bin/../lib/gcc/arm-none-eabi/4.5.2/thumb2/libgcc.a(_arm_cmpsf2.o)
                0x0000cecc                __gesf2
                0x0000cecc                __gtsf2
                0x0000ced4                __ltsf2
                0x0000ced4                __lesf2
                0x0000cedc                __nesf2
                0x0000cedc                __eqsf2
                0x0000cedc                __cmpsf2
                0x0000cf3c                __aeabi_cfrcmple
                0x0000cf44                __aeabi_cfcmpeq
                0x0000cf44                __aeabi_cfcmple
                0x0000cf54                __aeabi_fcmpeq
                0x0000cf68                __aeabi_fcmplt
                0x0000cf7c                __aeabi_fcmple
                0x0000cf90                __aeabi_fcmpge
                0x0000cfa4                __aeabi_fcmpgt
 .text          0x0000cfb8       0x4c /Users/william/Applications/openlpc/bin/../lib/gcc/arm-none-eabi/4.5.2/thumb2/libgcc.a(_arm_fixsfsi.o)
                0x0000cfb8                __fixsfsi
                0x0000cfb8                __aeabi_f2iz
 .text          0x0000d004       0x2c /Users/william/Applications/openlpc/bin/../lib/gcc/arm-none-eabi/4.5.2/thumb2/libgcc.a(_aeabi_uldivmod.o)
                0x0000d004                __aeabi_uldivmod
 .text          0x0000d030       0x60 /Users/william/Applications/openlpc/bin/../lib/gcc/arm-none-eabi/4.5.2/thumb2/libgcc.a(bpabi.o)
                0x0000d030                __gnu_ldivmod_helper
                0x0000d060                __gnu_uldivmod_helper
 .text          0x0000d090      0x360 /Users/william/Applications/openlpc/bin/../lib/gcc/arm-none-eabi/4.5.2/thumb2/libgcc.a(_divdi3.o)
                0x0000d090                __divdi3
 .text          0x0000d3f0      0x308 /Users/william/Applications/openlpc/bin/../lib/gcc/arm-none-eabi/4.5.2/thumb2/libgcc.a(_udivdi3.o)
                0x0000d3f0                __udivdi3
 *(.plt)
 *(.gnu.warning)
 *(.glue_7t)
 .glue_7t       0x00000000        0x0 linker stubs
 *(.glue_7)
 .glue_7        0x00000000        0x0 linker stubs
 *(.vfp11_veneer)
 .vfp11_veneer  0x00000000        0x0 linker stubs
 *(.ARM.extab* .gnu.linkonce.armextab.*)
 .ARM.extab.reset
                0x0000d6f8        0x0 /Users/william/Applications/openlpc/bin/../lib/gcc/arm-none-eabi/4.5.2/../../../../arm-none-eabi/lib/thumb2/libstartup.lpc17xx.a(startup_LPC17xx.o)
 .ARM.extab     0x0000d6f8        0x0 /Users/william/Applications/openlpc/bin/../lib/gcc/arm-none-eabi/4.5.2/thumb2/libgcc.a(_divdi3.o)
 .ARM.extab     0x0000d6f8        0x0 /Users/william/Applications/openlpc/bin/../lib/gcc/arm-none-eabi/4.5.2/thumb2/libgcc.a(_udivdi3.o)
 *(.gcc_except_table)

.v4_bx          0x0000d6f8        0x0
 .v4_bx         0x00000000        0x0 linker stubs

.eh_frame_hdr
 *(.eh_frame_hdr)

.eh_frame
 *(.eh_frame)
                0x0000d6f8                PROVIDE (__exidx_start, .)

.ARM.exidx      0x0000d6f8        0x8
 *(.ARM.exidx* .gnu.linkonce.armexidx.*)
 .ARM.exidx.reset
                0x0000d6f8        0x8 /Users/william/Applications/openlpc/bin/../lib/gcc/arm-none-eabi/4.5.2/../../../../arm-none-eabi/lib/thumb2/libstartup.lpc17xx.a(startup_LPC17xx.o)
 .ARM.exidx     0x0000d700        0x0 /Users/william/Applications/openlpc/bin/../lib/gcc/arm-none-eabi/4.5.2/thumb2/libgcc.a(_divdi3.o)
                                  0x8 (size before relaxing)
 .ARM.exidx     0x0000d700        0x0 /Users/william/Applications/openlpc/bin/../lib/gcc/arm-none-eabi/4.5.2/thumb2/libgcc.a(_udivdi3.o)
                                  0x8 (size before relaxing)
                0x0000d700                PROVIDE (__exidx_end, .)

.rodata         0x0000d700      0x2e0
 *(.rodata .rodata.* .gnu.linkonce.r.*)
 .rodata.str1.4
                0x0000d700       0xac main.o
 .rodata.blanks.6613
                0x0000d7ac       0x10 /Users/william/Applications/openlpc/bin/../lib/gcc/arm-none-eabi/4.5.2/../../../../arm-none-eabi/lib/thumb2/libc.a(lib_a-vfprintf.o)
 .rodata.str1.1
                0x0000d7bc       0x34 /Users/william/Applications/openlpc/bin/../lib/gcc/arm-none-eabi/4.5.2/../../../../arm-none-eabi/lib/thumb2/libc.a(lib_a-vfprintf.o)
 .rodata.zeroes.6614
                0x0000d7f0       0x10 /Users/william/Applications/openlpc/bin/../lib/gcc/arm-none-eabi/4.5.2/../../../../arm-none-eabi/lib/thumb2/libc.a(lib_a-vfprintf.o)
 .rodata.str1.1
                0x0000d800        0xd /Users/william/Applications/openlpc/bin/../lib/gcc/arm-none-eabi/4.5.2/../../../../arm-none-eabi/lib/thumb2/libc.a(lib_a-dtoa.o)
                                  0xf (size before relaxing)
 *fill*         0x0000d80d        0x3 00
 .rodata.__sf_fake_stdin
                0x0000d810       0x20 /Users/william/Applications/openlpc/bin/../lib/gcc/arm-none-eabi/4.5.2/../../../../arm-none-eabi/lib/thumb2/libc.a(lib_a-findfp.o)
                0x0000d810                __sf_fake_stdin
 .rodata.__sf_fake_stdout
                0x0000d830       0x20 /Users/william/Applications/openlpc/bin/../lib/gcc/arm-none-eabi/4.5.2/../../../../arm-none-eabi/lib/thumb2/libc.a(lib_a-findfp.o)
                0x0000d830                __sf_fake_stdout
 .rodata.__sf_fake_stderr
                0x0000d850       0x20 /Users/william/Applications/openlpc/bin/../lib/gcc/arm-none-eabi/4.5.2/../../../../arm-none-eabi/lib/thumb2/libc.a(lib_a-findfp.o)
                0x0000d850                __sf_fake_stderr
 .rodata.str1.1
                0x0000d870        0x2 /Users/william/Applications/openlpc/bin/../lib/gcc/arm-none-eabi/4.5.2/../../../../arm-none-eabi/lib/thumb2/libc.a(lib_a-impure.o)
 *fill*         0x0000d872        0x2 00
 .rodata._global_impure_ptr
                0x0000d874        0x4 /Users/william/Applications/openlpc/bin/../lib/gcc/arm-none-eabi/4.5.2/../../../../arm-none-eabi/lib/thumb2/libc.a(lib_a-impure.o)
                0x0000d874                _global_impure_ptr
 .rodata.str1.1
                0x0000d878        0x8 /Users/william/Applications/openlpc/bin/../lib/gcc/arm-none-eabi/4.5.2/../../../../arm-none-eabi/lib/thumb2/libc.a(lib_a-locale.o)
                                  0xb (size before relaxing)
 .rodata.p05.5124
                0x0000d880        0xc /Users/william/Applications/openlpc/bin/../lib/gcc/arm-none-eabi/4.5.2/../../../../arm-none-eabi/lib/thumb2/libc.a(lib_a-mprec.o)
 *fill*         0x0000d88c        0x4 00
 .rodata.__mprec_tens
                0x0000d890       0xc8 /Users/william/Applications/openlpc/bin/../lib/gcc/arm-none-eabi/4.5.2/../../../../arm-none-eabi/lib/thumb2/libc.a(lib_a-mprec.o)
                0x0000d890                __mprec_tens
 .rodata.__mprec_bigtens
                0x0000d958       0x28 /Users/william/Applications/openlpc/bin/../lib/gcc/arm-none-eabi/4.5.2/../../../../arm-none-eabi/lib/thumb2/libc.a(lib_a-mprec.o)
                0x0000d958                __mprec_bigtens
 .rodata.__mprec_tinytens
                0x0000d980       0x28 /Users/william/Applications/openlpc/bin/../lib/gcc/arm-none-eabi/4.5.2/../../../../arm-none-eabi/lib/thumb2/libc.a(lib_a-mprec.o)
                0x0000d980                __mprec_tinytens
 .rodata.blanks.6556
                0x0000d9a8       0x10 /Users/william/Applications/openlpc/bin/../lib/gcc/arm-none-eabi/4.5.2/../../../../arm-none-eabi/lib/thumb2/libc.a(lib_a-vfiprintf.o)
 .rodata.str1.1
                0x00000000       0x22 /Users/william/Applications/openlpc/bin/../lib/gcc/arm-none-eabi/4.5.2/../../../../arm-none-eabi/lib/thumb2/libc.a(lib_a-vfiprintf.o)
 .rodata.zeroes.6557
                0x0000d9b8       0x10 /Users/william/Applications/openlpc/bin/../lib/gcc/arm-none-eabi/4.5.2/../../../../arm-none-eabi/lib/thumb2/libc.a(lib_a-vfiprintf.o)
                0x0000d9c8                . = ALIGN (0x4)
 *(.init)
                0x0000d9c8                . = ALIGN (0x4)
                0x0000d9c8                __preinit_array_start = .
 *(.preinit_array)
                0x0000d9c8                __preinit_array_end = .
                0x0000d9c8                . = ALIGN (0x4)
                0x0000d9c8                __init_array_start = .
 *(SORT(.init_array.*))
 *(.init_array)
                0x0000d9c8                __init_array_end = .
                0x0000d9c8                . = ALIGN (0x4)
 *(.fini)
                0x0000d9c8                . = ALIGN (0x4)
                0x0000d9c8                __fini_array_start = .
 *(.fini_array)
 *(SORT(.fini_array.*))
                0x0000d9c8                __fini_array_end = .
                0x0000d9c8                . = ALIGN (0x4)
 *crtbegin.o(.ctors)
 *(EXCLUDE_FILE(*crtend.o) .ctors)
 *(SORT(.ctors.*))
 *crtend.o(.ctors)
                0x0000d9c8                . = ALIGN (0x4)
 *crtbegin.o(.dtors)
 *(EXCLUDE_FILE(*crtend.o) .dtors)
 *(SORT(.dtors.*))
 *crtend.o(.dtors)
                0x0000d9c8                . = ALIGN (0x4)
                0x0000d9c8                __cs3_regions = .
                0x0000d9c8        0x4 LONG 0x0
                0x0000d9cc        0x4 LONG 0xd9e0 __cs3_region_init_ram
                0x0000d9d0        0x4 LONG 0x10000000 __cs3_region_start_ram
                0x0000d9d4        0x4 LONG 0x598 __cs3_region_init_size_ram
                0x0000d9d8        0x4 LONG 0x80 __cs3_region_zero_size_ram
                0x0000d9dc                __cs3_regions_end = .
                0x0000d9e0                . = ALIGN (0x8)
 *fill*         0x0000d9dc        0x4 00
 *(.rom)
 *(.rom.b .bss.rom)
                0x0000d9e0                _etext = .
                0x00080000                __cs3_region_end_rom = (__cs3_region_start_rom + 0x7a000)
                0x0007a000                __cs3_region_size_rom = 0x7a000

.data           0x10000000      0x598 load address 0x0000d9e0
                0x10000000                _data = .
                0x10000000                __cs3_region_start_ram = .
 *(.cs3.region-head.ram)
 *(.jcr)
 *(.got.plt)
 *(.got)
 *(.shdata)
 *(.data .data.* .gnu.linkonce.d.*)
 .data          0x10000000        0x8 main.o
                0x10000000                pause
                0x10000004                catch
 .data          0x10000008        0x0 /Users/william/Applications/openlpc/bin/../lib/gcc/arm-none-eabi/4.5.2/../../../../arm-none-eabi/lib/thumb2/libc.a(lib_a-printf.o)
 .data          0x10000008        0x0 /Users/william/Applications/openlpc/bin/../lib/gcc/arm-none-eabi/4.5.2/../../../../arm-none-eabi/lib/thumb2/libc.a(lib_a-vfprintf.o)
 .data          0x10000008        0x0 /Users/william/Applications/openlpc/bin/../lib/gcc/arm-none-eabi/4.5.2/../../../../arm-none-eabi/lib/thumb2/libc.a(lib_a-wsetup.o)
 .data          0x10000008        0x0 /Users/william/Applications/openlpc/bin/../lib/gcc/arm-none-eabi/4.5.2/../../../../arm-none-eabi/lib/thumb2/libc.a(lib_a-dtoa.o)
 .data          0x10000008        0x0 /Users/william/Applications/openlpc/bin/../lib/gcc/arm-none-eabi/4.5.2/../../../../arm-none-eabi/lib/thumb2/libc.a(lib_a-fflush.o)
 .data          0x10000008        0x0 /Users/william/Applications/openlpc/bin/../lib/gcc/arm-none-eabi/4.5.2/../../../../arm-none-eabi/lib/thumb2/libc.a(lib_a-findfp.o)
 .data          0x10000008        0x0 /Users/william/Applications/openlpc/bin/../lib/gcc/arm-none-eabi/4.5.2/../../../../arm-none-eabi/lib/thumb2/libc.a(lib_a-freer.o)
 .data          0x10000008        0x0 /Users/william/Applications/openlpc/bin/../lib/gcc/arm-none-eabi/4.5.2/../../../../arm-none-eabi/lib/thumb2/libc.a(lib_a-fwalk.o)
 .data          0x10000008        0x0 /Users/william/Applications/openlpc/bin/../lib/gcc/arm-none-eabi/4.5.2/../../../../arm-none-eabi/lib/thumb2/libc.a(lib_a-impure.o)
 .data.impure_data
                0x10000008       0xf0 /Users/william/Applications/openlpc/bin/../lib/gcc/arm-none-eabi/4.5.2/../../../../arm-none-eabi/lib/thumb2/libc.a(lib_a-impure.o)
 .data._impure_ptr
                0x100000f8        0x4 /Users/william/Applications/openlpc/bin/../lib/gcc/arm-none-eabi/4.5.2/../../../../arm-none-eabi/lib/thumb2/libc.a(lib_a-impure.o)
                0x100000f8                _impure_ptr
 .data          0x100000fc        0x0 /Users/william/Applications/openlpc/bin/../lib/gcc/arm-none-eabi/4.5.2/../../../../arm-none-eabi/lib/thumb2/libc.a(lib_a-locale.o)
 .data.lc_message_charset
                0x100000fc       0x20 /Users/william/Applications/openlpc/bin/../lib/gcc/arm-none-eabi/4.5.2/../../../../arm-none-eabi/lib/thumb2/libc.a(lib_a-locale.o)
 .data.lconv    0x1000011c       0x38 /Users/william/Applications/openlpc/bin/../lib/gcc/arm-none-eabi/4.5.2/../../../../arm-none-eabi/lib/thumb2/libc.a(lib_a-locale.o)
 .data.lc_ctype_charset
                0x10000154       0x20 /Users/william/Applications/openlpc/bin/../lib/gcc/arm-none-eabi/4.5.2/../../../../arm-none-eabi/lib/thumb2/libc.a(lib_a-locale.o)
 .data.__mb_cur_max
                0x10000174        0x4 /Users/william/Applications/openlpc/bin/../lib/gcc/arm-none-eabi/4.5.2/../../../../arm-none-eabi/lib/thumb2/libc.a(lib_a-locale.o)
                0x10000174                __mb_cur_max
 .data          0x10000178        0x0 /Users/william/Applications/openlpc/bin/../lib/gcc/arm-none-eabi/4.5.2/../../../../arm-none-eabi/lib/thumb2/libc.a(lib_a-makebuf.o)
 .data          0x10000178        0x0 /Users/william/Applications/openlpc/bin/../lib/gcc/arm-none-eabi/4.5.2/../../../../arm-none-eabi/lib/thumb2/libc.a(lib_a-malloc.o)
 .data          0x10000178        0x0 /Users/william/Applications/openlpc/bin/../lib/gcc/arm-none-eabi/4.5.2/../../../../arm-none-eabi/lib/thumb2/libc.a(lib_a-mallocr.o)
 .data.__malloc_av_
                0x10000178      0x408 /Users/william/Applications/openlpc/bin/../lib/gcc/arm-none-eabi/4.5.2/../../../../arm-none-eabi/lib/thumb2/libc.a(lib_a-mallocr.o)
                0x10000178                __malloc_av_
 .data.__malloc_trim_threshold
                0x10000580        0x4 /Users/william/Applications/openlpc/bin/../lib/gcc/arm-none-eabi/4.5.2/../../../../arm-none-eabi/lib/thumb2/libc.a(lib_a-mallocr.o)
                0x10000580                __malloc_trim_threshold
 .data.__malloc_sbrk_base
                0x10000584        0x4 /Users/william/Applications/openlpc/bin/../lib/gcc/arm-none-eabi/4.5.2/../../../../arm-none-eabi/lib/thumb2/libc.a(lib_a-mallocr.o)
                0x10000584                __malloc_sbrk_base
 .data          0x10000588        0x0 /Users/william/Applications/openlpc/bin/../lib/gcc/arm-none-eabi/4.5.2/../../../../arm-none-eabi/lib/thumb2/libc.a(lib_a-memchr.o)
 .data          0x10000588        0x0 /Users/william/Applications/openlpc/bin/../lib/gcc/arm-none-eabi/4.5.2/../../../../arm-none-eabi/lib/thumb2/libc.a(lib_a-memcpy.o)
 .data          0x10000588        0x0 /Users/william/Applications/openlpc/bin/../lib/gcc/arm-none-eabi/4.5.2/../../../../arm-none-eabi/lib/thumb2/libc.a(lib_a-memset.o)
 .data          0x10000588        0x0 /Users/william/Applications/openlpc/bin/../lib/gcc/arm-none-eabi/4.5.2/../../../../arm-none-eabi/lib/thumb2/libc.a(lib_a-mlock.o)
 .data          0x10000588        0x0 /Users/william/Applications/openlpc/bin/../lib/gcc/arm-none-eabi/4.5.2/../../../../arm-none-eabi/lib/thumb2/libc.a(lib_a-mprec.o)
 .data          0x10000588        0x0 /Users/william/Applications/openlpc/bin/../lib/gcc/arm-none-eabi/4.5.2/../../../../arm-none-eabi/lib/thumb2/libc.a(lib_a-s_fpclassify.o)
 .data          0x10000588        0x0 /Users/william/Applications/openlpc/bin/../lib/gcc/arm-none-eabi/4.5.2/../../../../arm-none-eabi/lib/thumb2/libc.a(lib_a-sbrkr.o)
 .data          0x10000588        0x0 /Users/william/Applications/openlpc/bin/../lib/gcc/arm-none-eabi/4.5.2/../../../../arm-none-eabi/lib/thumb2/libc.a(lib_a-stdio.o)
 .data          0x10000588        0x0 /Users/william/Applications/openlpc/bin/../lib/gcc/arm-none-eabi/4.5.2/../../../../arm-none-eabi/lib/thumb2/libc.a(lib_a-strcmp.o)
 .data          0x10000588        0x0 /Users/william/Applications/openlpc/bin/../lib/gcc/arm-none-eabi/4.5.2/../../../../arm-none-eabi/lib/thumb2/libc.a(lib_a-strlen.o)
 .data          0x10000588        0x0 /Users/william/Applications/openlpc/bin/../lib/gcc/arm-none-eabi/4.5.2/../../../../arm-none-eabi/lib/thumb2/libc.a(lib_a-vfiprintf.o)
 .data          0x10000588        0x0 /Users/william/Applications/openlpc/bin/../lib/gcc/arm-none-eabi/4.5.2/../../../../arm-none-eabi/lib/thumb2/libc.a(lib_a-writer.o)
 .data          0x10000588        0x0 /Users/william/Applications/openlpc/bin/../lib/gcc/arm-none-eabi/4.5.2/../../../../arm-none-eabi/lib/thumb2/libc.a(lib_a-callocr.o)
 .data          0x10000588        0x0 /Users/william/Applications/openlpc/bin/../lib/gcc/arm-none-eabi/4.5.2/../../../../arm-none-eabi/lib/thumb2/libc.a(lib_a-closer.o)
 .data          0x10000588        0x0 /Users/william/Applications/openlpc/bin/../lib/gcc/arm-none-eabi/4.5.2/../../../../arm-none-eabi/lib/thumb2/libc.a(lib_a-fclose.o)
 .data          0x10000588        0x0 /Users/william/Applications/openlpc/bin/../lib/gcc/arm-none-eabi/4.5.2/../../../../arm-none-eabi/lib/thumb2/libc.a(lib_a-fputwc.o)
 .data          0x10000588        0x0 /Users/william/Applications/openlpc/bin/../lib/gcc/arm-none-eabi/4.5.2/../../../../arm-none-eabi/lib/thumb2/libc.a(lib_a-fstatr.o)
 .data          0x10000588        0x0 /Users/william/Applications/openlpc/bin/../lib/gcc/arm-none-eabi/4.5.2/../../../../arm-none-eabi/lib/thumb2/libc.a(lib_a-fvwrite.o)
 .data          0x10000588        0x0 /Users/william/Applications/openlpc/bin/../lib/gcc/arm-none-eabi/4.5.2/../../../../arm-none-eabi/lib/thumb2/libc.a(lib_a-isattyr.o)
 .data          0x10000588        0x0 /Users/william/Applications/openlpc/bin/../lib/gcc/arm-none-eabi/4.5.2/../../../../arm-none-eabi/lib/thumb2/libc.a(lib_a-lseekr.o)
 .data          0x10000588        0x0 /Users/william/Applications/openlpc/bin/../lib/gcc/arm-none-eabi/4.5.2/../../../../arm-none-eabi/lib/thumb2/libc.a(lib_a-memmove.o)
 .data          0x10000588        0x0 /Users/william/Applications/openlpc/bin/../lib/gcc/arm-none-eabi/4.5.2/../../../../arm-none-eabi/lib/thumb2/libc.a(lib_a-readr.o)
 .data          0x10000588        0x0 /Users/william/Applications/openlpc/bin/../lib/gcc/arm-none-eabi/4.5.2/../../../../arm-none-eabi/lib/thumb2/libc.a(lib_a-reallocr.o)
 .data          0x10000588        0x0 /Users/william/Applications/openlpc/bin/../lib/gcc/arm-none-eabi/4.5.2/../../../../arm-none-eabi/lib/thumb2/libc.a(lib_a-reent.o)
 .data          0x10000588        0x0 /Users/william/Applications/openlpc/bin/../lib/gcc/arm-none-eabi/4.5.2/../../../../arm-none-eabi/lib/thumb2/libc.a(lib_a-wbuf.o)
 .data          0x10000588        0x0 /Users/william/Applications/openlpc/bin/../lib/gcc/arm-none-eabi/4.5.2/../../../../arm-none-eabi/lib/thumb2/libc.a(lib_a-wcrtomb.o)
 .data          0x10000588        0x0 /Users/william/Applications/openlpc/bin/../lib/gcc/arm-none-eabi/4.5.2/../../../../arm-none-eabi/lib/thumb2/libc.a(lib_a-wctomb_r.o)
 .data.__wctomb
                0x10000588        0x4 /Users/william/Applications/openlpc/bin/../lib/gcc/arm-none-eabi/4.5.2/../../../../arm-none-eabi/lib/thumb2/libc.a(lib_a-wctomb_r.o)
                0x10000588                __wctomb
 .data          0x1000058c        0x4 /Users/william/Applications/openlpc/bin/../lib/gcc/arm-none-eabi/4.5.2/../../../../arm-none-eabi/lib/thumb2/libstartup.lpc17xx.a(syscalls.o)
 .data          0x10000590        0x0 /Users/william/Applications/openlpc/bin/../lib/gcc/arm-none-eabi/4.5.2/../../../../arm-none-eabi/lib/thumb2/libstartup.lpc17xx.a(startup_LPC17xx.o)
 .data          0x10000590        0x0 /Users/william/Applications/openlpc/bin/../lib/gcc/arm-none-eabi/4.5.2/../../../../arm-none-eabi/lib/thumb2/libstartup.lpc17xx.a(stubs.o)
 .data          0x10000590        0x4 /Users/william/Applications/openlpc/bin/../lib/gcc/arm-none-eabi/4.5.2/../../../../arm-none-eabi/lib/thumb2/libstartup.lpc17xx.a(system_LPC17xx.o)
                0x10000590                SystemCoreClock
 .data          0x10000594        0x0 /Users/william/Applications/openlpc/bin/../lib/gcc/arm-none-eabi/4.5.2/../../../../arm-none-eabi/lib/thumb2/liblpc17xx.lpc17xx.a(openlpc.o)
 .data          0x10000594        0x0 /Users/william/Applications/openlpc/bin/../lib/gcc/arm-none-eabi/4.5.2/thumb2/libgcc.a(_udivsi3.o)
 .data          0x10000594        0x0 /Users/william/Applications/openlpc/bin/../lib/gcc/arm-none-eabi/4.5.2/thumb2/libgcc.a(_divsi3.o)
 .data          0x10000594        0x0 /Users/william/Applications/openlpc/bin/../lib/gcc/arm-none-eabi/4.5.2/thumb2/libgcc.a(_dvmd_tls.o)
 .data          0x10000594        0x0 /Users/william/Applications/openlpc/bin/../lib/gcc/arm-none-eabi/4.5.2/thumb2/libgcc.a(_arm_addsubdf3.o)
 .data          0x10000594        0x0 /Users/william/Applications/openlpc/bin/../lib/gcc/arm-none-eabi/4.5.2/thumb2/libgcc.a(_arm_muldivdf3.o)
 .data          0x10000594        0x0 /Users/william/Applications/openlpc/bin/../lib/gcc/arm-none-eabi/4.5.2/thumb2/libgcc.a(_arm_cmpdf2.o)
 .data          0x10000594        0x0 /Users/william/Applications/openlpc/bin/../lib/gcc/arm-none-eabi/4.5.2/thumb2/libgcc.a(_arm_fixdfsi.o)
 .data          0x10000594        0x0 /Users/william/Applications/openlpc/bin/../lib/gcc/arm-none-eabi/4.5.2/thumb2/libgcc.a(_arm_fixunsdfsi.o)
 .data          0x10000594        0x0 /Users/william/Applications/openlpc/bin/../lib/gcc/arm-none-eabi/4.5.2/thumb2/libgcc.a(_arm_truncdfsf2.o)
 .data          0x10000594        0x0 /Users/william/Applications/openlpc/bin/../lib/gcc/arm-none-eabi/4.5.2/thumb2/libgcc.a(_arm_addsubsf3.o)
 .data          0x10000594        0x0 /Users/william/Applications/openlpc/bin/../lib/gcc/arm-none-eabi/4.5.2/thumb2/libgcc.a(_arm_muldivsf3.o)
 .data          0x10000594        0x0 /Users/william/Applications/openlpc/bin/../lib/gcc/arm-none-eabi/4.5.2/thumb2/libgcc.a(_arm_cmpsf2.o)
 .data          0x10000594        0x0 /Users/william/Applications/openlpc/bin/../lib/gcc/arm-none-eabi/4.5.2/thumb2/libgcc.a(_arm_fixsfsi.o)
 .data          0x10000594        0x0 /Users/william/Applications/openlpc/bin/../lib/gcc/arm-none-eabi/4.5.2/thumb2/libgcc.a(_aeabi_uldivmod.o)
 .data          0x10000594        0x0 /Users/william/Applications/openlpc/bin/../lib/gcc/arm-none-eabi/4.5.2/thumb2/libgcc.a(bpabi.o)
 .data          0x10000594        0x0 /Users/william/Applications/openlpc/bin/../lib/gcc/arm-none-eabi/4.5.2/thumb2/libgcc.a(_divdi3.o)
 .data          0x10000594        0x0 /Users/william/Applications/openlpc/bin/../lib/gcc/arm-none-eabi/4.5.2/thumb2/libgcc.a(_udivdi3.o)
                0x10000598                . = ALIGN (0x8)
 *fill*         0x10000594        0x4 00
 *(.ram)
                0x10000598                _edata = .

.bss            0x10000598       0x80 load address 0x0000df78
                0x10000598                _bss = .
 *(.shbss)
 *(.bss .bss.* .gnu.linkonce.b.*)
 .bss           0x10000598       0x14 main.o
                0x10000598                debounce
                0x1000059c                i2c_resistor
                0x100005a0                i2c_wiper
                0x100005a4                i2c_address
                0x100005a8                state
 .bss           0x100005ac        0x0 /Users/william/Applications/openlpc/bin/../lib/gcc/arm-none-eabi/4.5.2/../../../../arm-none-eabi/lib/thumb2/libc.a(lib_a-printf.o)
 .bss           0x100005ac        0x0 /Users/william/Applications/openlpc/bin/../lib/gcc/arm-none-eabi/4.5.2/../../../../arm-none-eabi/lib/thumb2/libc.a(lib_a-vfprintf.o)
 .bss           0x100005ac        0x0 /Users/william/Applications/openlpc/bin/../lib/gcc/arm-none-eabi/4.5.2/../../../../arm-none-eabi/lib/thumb2/libc.a(lib_a-wsetup.o)
 .bss           0x100005ac        0x0 /Users/william/Applications/openlpc/bin/../lib/gcc/arm-none-eabi/4.5.2/../../../../arm-none-eabi/lib/thumb2/libc.a(lib_a-dtoa.o)
 .bss           0x100005ac        0x0 /Users/william/Applications/openlpc/bin/../lib/gcc/arm-none-eabi/4.5.2/../../../../arm-none-eabi/lib/thumb2/libc.a(lib_a-fflush.o)
 .bss           0x100005ac        0x0 /Users/william/Applications/openlpc/bin/../lib/gcc/arm-none-eabi/4.5.2/../../../../arm-none-eabi/lib/thumb2/libc.a(lib_a-findfp.o)
 .bss           0x100005ac        0x0 /Users/william/Applications/openlpc/bin/../lib/gcc/arm-none-eabi/4.5.2/../../../../arm-none-eabi/lib/thumb2/libc.a(lib_a-freer.o)
 .bss           0x100005ac        0x0 /Users/william/Applications/openlpc/bin/../lib/gcc/arm-none-eabi/4.5.2/../../../../arm-none-eabi/lib/thumb2/libc.a(lib_a-fwalk.o)
 .bss           0x100005ac        0x0 /Users/william/Applications/openlpc/bin/../lib/gcc/arm-none-eabi/4.5.2/../../../../arm-none-eabi/lib/thumb2/libc.a(lib_a-impure.o)
 .bss           0x100005ac        0x0 /Users/william/Applications/openlpc/bin/../lib/gcc/arm-none-eabi/4.5.2/../../../../arm-none-eabi/lib/thumb2/libc.a(lib_a-locale.o)
 .bss._PathLocale
                0x100005ac        0x4 /Users/william/Applications/openlpc/bin/../lib/gcc/arm-none-eabi/4.5.2/../../../../arm-none-eabi/lib/thumb2/libc.a(lib_a-locale.o)
                0x100005ac                _PathLocale
 .bss.__nlocale_changed
                0x100005b0        0x4 /Users/william/Applications/openlpc/bin/../lib/gcc/arm-none-eabi/4.5.2/../../../../arm-none-eabi/lib/thumb2/libc.a(lib_a-locale.o)
                0x100005b0                __nlocale_changed
 .bss.__mlocale_changed
                0x100005b4        0x4 /Users/william/Applications/openlpc/bin/../lib/gcc/arm-none-eabi/4.5.2/../../../../arm-none-eabi/lib/thumb2/libc.a(lib_a-locale.o)
                0x100005b4                __mlocale_changed
 .bss           0x100005b8        0x0 /Users/william/Applications/openlpc/bin/../lib/gcc/arm-none-eabi/4.5.2/../../../../arm-none-eabi/lib/thumb2/libc.a(lib_a-makebuf.o)
 .bss           0x100005b8        0x0 /Users/william/Applications/openlpc/bin/../lib/gcc/arm-none-eabi/4.5.2/../../../../arm-none-eabi/lib/thumb2/libc.a(lib_a-malloc.o)
 .bss           0x100005b8        0x0 /Users/william/Applications/openlpc/bin/../lib/gcc/arm-none-eabi/4.5.2/../../../../arm-none-eabi/lib/thumb2/libc.a(lib_a-mallocr.o)
 .bss.__malloc_max_total_mem
                0x100005b8        0x4 /Users/william/Applications/openlpc/bin/../lib/gcc/arm-none-eabi/4.5.2/../../../../arm-none-eabi/lib/thumb2/libc.a(lib_a-mallocr.o)
                0x100005b8                __malloc_max_total_mem
 .bss.__malloc_max_sbrked_mem
                0x100005bc        0x4 /Users/william/Applications/openlpc/bin/../lib/gcc/arm-none-eabi/4.5.2/../../../../arm-none-eabi/lib/thumb2/libc.a(lib_a-mallocr.o)
                0x100005bc                __malloc_max_sbrked_mem
 .bss.__malloc_top_pad
                0x100005c0        0x4 /Users/william/Applications/openlpc/bin/../lib/gcc/arm-none-eabi/4.5.2/../../../../arm-none-eabi/lib/thumb2/libc.a(lib_a-mallocr.o)
                0x100005c0                __malloc_top_pad
 .bss.__malloc_current_mallinfo
                0x100005c4       0x28 /Users/william/Applications/openlpc/bin/../lib/gcc/arm-none-eabi/4.5.2/../../../../arm-none-eabi/lib/thumb2/libc.a(lib_a-mallocr.o)
                0x100005c4                __malloc_current_mallinfo
 .bss           0x100005ec        0x0 /Users/william/Applications/openlpc/bin/../lib/gcc/arm-none-eabi/4.5.2/../../../../arm-none-eabi/lib/thumb2/libc.a(lib_a-memchr.o)
 .bss           0x100005ec        0x0 /Users/william/Applications/openlpc/bin/../lib/gcc/arm-none-eabi/4.5.2/../../../../arm-none-eabi/lib/thumb2/libc.a(lib_a-memcpy.o)
 .bss           0x100005ec        0x0 /Users/william/Applications/openlpc/bin/../lib/gcc/arm-none-eabi/4.5.2/../../../../arm-none-eabi/lib/thumb2/libc.a(lib_a-memset.o)
 .bss           0x100005ec        0x0 /Users/william/Applications/openlpc/bin/../lib/gcc/arm-none-eabi/4.5.2/../../../../arm-none-eabi/lib/thumb2/libc.a(lib_a-mlock.o)
 .bss           0x100005ec        0x0 /Users/william/Applications/openlpc/bin/../lib/gcc/arm-none-eabi/4.5.2/../../../../arm-none-eabi/lib/thumb2/libc.a(lib_a-mprec.o)
 .bss           0x100005ec        0x0 /Users/william/Applications/openlpc/bin/../lib/gcc/arm-none-eabi/4.5.2/../../../../arm-none-eabi/lib/thumb2/libc.a(lib_a-s_fpclassify.o)
 .bss           0x100005ec        0x0 /Users/william/Applications/openlpc/bin/../lib/gcc/arm-none-eabi/4.5.2/../../../../arm-none-eabi/lib/thumb2/libc.a(lib_a-sbrkr.o)
 .bss           0x100005ec        0x0 /Users/william/Applications/openlpc/bin/../lib/gcc/arm-none-eabi/4.5.2/../../../../arm-none-eabi/lib/thumb2/libc.a(lib_a-stdio.o)
 .bss           0x100005ec        0x0 /Users/william/Applications/openlpc/bin/../lib/gcc/arm-none-eabi/4.5.2/../../../../arm-none-eabi/lib/thumb2/libc.a(lib_a-strcmp.o)
 .bss           0x100005ec        0x0 /Users/william/Applications/openlpc/bin/../lib/gcc/arm-none-eabi/4.5.2/../../../../arm-none-eabi/lib/thumb2/libc.a(lib_a-strlen.o)
 .bss           0x100005ec        0x0 /Users/william/Applications/openlpc/bin/../lib/gcc/arm-none-eabi/4.5.2/../../../../arm-none-eabi/lib/thumb2/libc.a(lib_a-vfiprintf.o)
 .bss           0x100005ec        0x0 /Users/william/Applications/openlpc/bin/../lib/gcc/arm-none-eabi/4.5.2/../../../../arm-none-eabi/lib/thumb2/libc.a(lib_a-writer.o)
 .bss           0x100005ec        0x0 /Users/william/Applications/openlpc/bin/../lib/gcc/arm-none-eabi/4.5.2/../../../../arm-none-eabi/lib/thumb2/libc.a(lib_a-callocr.o)
 .bss           0x100005ec        0x0 /Users/william/Applications/openlpc/bin/../lib/gcc/arm-none-eabi/4.5.2/../../../../arm-none-eabi/lib/thumb2/libc.a(lib_a-closer.o)
 .bss           0x100005ec        0x0 /Users/william/Applications/openlpc/bin/../lib/gcc/arm-none-eabi/4.5.2/../../../../arm-none-eabi/lib/thumb2/libc.a(lib_a-fclose.o)
 .bss           0x100005ec        0x0 /Users/william/Applications/openlpc/bin/../lib/gcc/arm-none-eabi/4.5.2/../../../../arm-none-eabi/lib/thumb2/libc.a(lib_a-fputwc.o)
 .bss           0x100005ec        0x0 /Users/william/Applications/openlpc/bin/../lib/gcc/arm-none-eabi/4.5.2/../../../../arm-none-eabi/lib/thumb2/libc.a(lib_a-fstatr.o)
 .bss           0x100005ec        0x0 /Users/william/Applications/openlpc/bin/../lib/gcc/arm-none-eabi/4.5.2/../../../../arm-none-eabi/lib/thumb2/libc.a(lib_a-fvwrite.o)
 .bss           0x100005ec        0x0 /Users/william/Applications/openlpc/bin/../lib/gcc/arm-none-eabi/4.5.2/../../../../arm-none-eabi/lib/thumb2/libc.a(lib_a-isattyr.o)
 .bss           0x100005ec        0x0 /Users/william/Applications/openlpc/bin/../lib/gcc/arm-none-eabi/4.5.2/../../../../arm-none-eabi/lib/thumb2/libc.a(lib_a-lseekr.o)
 .bss           0x100005ec        0x0 /Users/william/Applications/openlpc/bin/../lib/gcc/arm-none-eabi/4.5.2/../../../../arm-none-eabi/lib/thumb2/libc.a(lib_a-memmove.o)
 .bss           0x100005ec        0x0 /Users/william/Applications/openlpc/bin/../lib/gcc/arm-none-eabi/4.5.2/../../../../arm-none-eabi/lib/thumb2/libc.a(lib_a-readr.o)
 .bss           0x100005ec        0x0 /Users/william/Applications/openlpc/bin/../lib/gcc/arm-none-eabi/4.5.2/../../../../arm-none-eabi/lib/thumb2/libc.a(lib_a-reallocr.o)
 .bss           0x100005ec        0x0 /Users/william/Applications/openlpc/bin/../lib/gcc/arm-none-eabi/4.5.2/../../../../arm-none-eabi/lib/thumb2/libc.a(lib_a-reent.o)
 .bss           0x100005ec        0x0 /Users/william/Applications/openlpc/bin/../lib/gcc/arm-none-eabi/4.5.2/../../../../arm-none-eabi/lib/thumb2/libc.a(lib_a-wbuf.o)
 .bss           0x100005ec        0x0 /Users/william/Applications/openlpc/bin/../lib/gcc/arm-none-eabi/4.5.2/../../../../arm-none-eabi/lib/thumb2/libc.a(lib_a-wcrtomb.o)
 .bss           0x100005ec        0x0 /Users/william/Applications/openlpc/bin/../lib/gcc/arm-none-eabi/4.5.2/../../../../arm-none-eabi/lib/thumb2/libc.a(lib_a-wctomb_r.o)
 .bss           0x100005ec        0x4 /Users/william/Applications/openlpc/bin/../lib/gcc/arm-none-eabi/4.5.2/../../../../arm-none-eabi/lib/thumb2/libstartup.lpc17xx.a(syscalls.o)
 .bss           0x100005f0        0x0 /Users/william/Applications/openlpc/bin/../lib/gcc/arm-none-eabi/4.5.2/../../../../arm-none-eabi/lib/thumb2/libstartup.lpc17xx.a(startup_LPC17xx.o)
 .bss           0x100005f0        0x0 /Users/william/Applications/openlpc/bin/../lib/gcc/arm-none-eabi/4.5.2/../../../../arm-none-eabi/lib/thumb2/libstartup.lpc17xx.a(stubs.o)
 .bss           0x100005f0        0x0 /Users/william/Applications/openlpc/bin/../lib/gcc/arm-none-eabi/4.5.2/../../../../arm-none-eabi/lib/thumb2/libstartup.lpc17xx.a(system_LPC17xx.o)
 .bss           0x100005f0       0x24 /Users/william/Applications/openlpc/bin/../lib/gcc/arm-none-eabi/4.5.2/../../../../arm-none-eabi/lib/thumb2/liblpc17xx.lpc17xx.a(openlpc.o)
 .bss           0x10000614        0x0 /Users/william/Applications/openlpc/bin/../lib/gcc/arm-none-eabi/4.5.2/thumb2/libgcc.a(_udivsi3.o)
 .bss           0x10000614        0x0 /Users/william/Applications/openlpc/bin/../lib/gcc/arm-none-eabi/4.5.2/thumb2/libgcc.a(_divsi3.o)
 .bss           0x10000614        0x0 /Users/william/Applications/openlpc/bin/../lib/gcc/arm-none-eabi/4.5.2/thumb2/libgcc.a(_dvmd_tls.o)
 .bss           0x10000614        0x0 /Users/william/Applications/openlpc/bin/../lib/gcc/arm-none-eabi/4.5.2/thumb2/libgcc.a(_arm_addsubdf3.o)
 .bss           0x10000614        0x0 /Users/william/Applications/openlpc/bin/../lib/gcc/arm-none-eabi/4.5.2/thumb2/libgcc.a(_arm_muldivdf3.o)
 .bss           0x10000614        0x0 /Users/william/Applications/openlpc/bin/../lib/gcc/arm-none-eabi/4.5.2/thumb2/libgcc.a(_arm_cmpdf2.o)
 .bss           0x10000614        0x0 /Users/william/Applications/openlpc/bin/../lib/gcc/arm-none-eabi/4.5.2/thumb2/libgcc.a(_arm_fixdfsi.o)
 .bss           0x10000614        0x0 /Users/william/Applications/openlpc/bin/../lib/gcc/arm-none-eabi/4.5.2/thumb2/libgcc.a(_arm_fixunsdfsi.o)
 .bss           0x10000614        0x0 /Users/william/Applications/openlpc/bin/../lib/gcc/arm-none-eabi/4.5.2/thumb2/libgcc.a(_arm_truncdfsf2.o)
 .bss           0x10000614        0x0 /Users/william/Applications/openlpc/bin/../lib/gcc/arm-none-eabi/4.5.2/thumb2/libgcc.a(_arm_addsubsf3.o)
 .bss           0x10000614        0x0 /Users/william/Applications/openlpc/bin/../lib/gcc/arm-none-eabi/4.5.2/thumb2/libgcc.a(_arm_muldivsf3.o)
 .bss           0x10000614        0x0 /Users/william/Applications/openlpc/bin/../lib/gcc/arm-none-eabi/4.5.2/thumb2/libgcc.a(_arm_cmpsf2.o)
 .bss           0x10000614        0x0 /Users/william/Applications/openlpc/bin/../lib/gcc/arm-none-eabi/4.5.2/thumb2/libgcc.a(_arm_fixsfsi.o)
 .bss           0x10000614        0x0 /Users/william/Applications/openlpc/bin/../lib/gcc/arm-none-eabi/4.5.2/thumb2/libgcc.a(_aeabi_uldivmod.o)
 .bss           0x10000614        0x0 /Users/william/Applications/openlpc/bin/../lib/gcc/arm-none-eabi/4.5.2/thumb2/libgcc.a(bpabi.o)
 .bss           0x10000614        0x0 /Users/william/Applications/openlpc/bin/../lib/gcc/arm-none-eabi/4.5.2/thumb2/libgcc.a(_divdi3.o)
 .bss           0x10000614        0x0 /Users/william/Applications/openlpc/bin/../lib/gcc/arm-none-eabi/4.5.2/thumb2/libgcc.a(_udivdi3.o)
 *(COMMON)
 COMMON         0x10000614        0x4 /Users/william/Applications/openlpc/bin/../lib/gcc/arm-none-eabi/4.5.2/../../../../arm-none-eabi/lib/thumb2/libc.a(lib_a-reent.o)
                0x10000614                errno
                0x10000618                . = ALIGN (0x8)
 *(.ram.b .bss.ram)
                0x10000618                _end = .
                0x10000618                __end = .
                0x10008000                __cs3_region_end_ram = (__cs3_region_start_ram + 0x8000)
                0x00008000                __cs3_region_size_ram = 0x8000
                0x0000d9e0                __cs3_region_init_ram = LOADADDR (.data)
                0x00000598                __cs3_region_init_size_ram = (_edata - ADDR (.data))
                0x00000080                __cs3_region_zero_size_ram = (_end - _edata)

.stab
 *(.stab)

.stabstr
 *(.stabstr)

.debug
 *(.debug)

.line
 *(.line)

.debug_srcinfo
 *(.debug_srcinfo)

.debug_sfnames
 *(.debug_sfnames)

.comment        0x00000000       0x3c
 .comment       0x00000000       0x2a main.o
                                 0x2b (size before relaxing)
 .comment       0x00000000       0x2b /Users/william/Applications/openlpc/bin/../lib/gcc/arm-none-eabi/4.5.2/../../../../arm-none-eabi/lib/thumb2/libc.a(lib_a-printf.o)
 .comment       0x00000000       0x2b /Users/william/Applications/openlpc/bin/../lib/gcc/arm-none-eabi/4.5.2/../../../../arm-none-eabi/lib/thumb2/libc.a(lib_a-vfprintf.o)
 .comment       0x00000000       0x2b /Users/william/Applications/openlpc/bin/../lib/gcc/arm-none-eabi/4.5.2/../../../../arm-none-eabi/lib/thumb2/libc.a(lib_a-wsetup.o)
 .comment       0x00000000       0x2b /Users/william/Applications/openlpc/bin/../lib/gcc/arm-none-eabi/4.5.2/../../../../arm-none-eabi/lib/thumb2/libc.a(lib_a-dtoa.o)
 .comment       0x00000000       0x2b /Users/william/Applications/openlpc/bin/../lib/gcc/arm-none-eabi/4.5.2/../../../../arm-none-eabi/lib/thumb2/libc.a(lib_a-fflush.o)
 .comment       0x00000000       0x2b /Users/william/Applications/openlpc/bin/../lib/gcc/arm-none-eabi/4.5.2/../../../../arm-none-eabi/lib/thumb2/libc.a(lib_a-findfp.o)
 .comment       0x00000000       0x2b /Users/william/Applications/openlpc/bin/../lib/gcc/arm-none-eabi/4.5.2/../../../../arm-none-eabi/lib/thumb2/libc.a(lib_a-freer.o)
 .comment       0x00000000       0x2b /Users/william/Applications/openlpc/bin/../lib/gcc/arm-none-eabi/4.5.2/../../../../arm-none-eabi/lib/thumb2/libc.a(lib_a-fwalk.o)
 .comment       0x00000000       0x2b /Users/william/Applications/openlpc/bin/../lib/gcc/arm-none-eabi/4.5.2/../../../../arm-none-eabi/lib/thumb2/libc.a(lib_a-impure.o)
 .comment       0x00000000       0x2b /Users/william/Applications/openlpc/bin/../lib/gcc/arm-none-eabi/4.5.2/../../../../arm-none-eabi/lib/thumb2/libc.a(lib_a-locale.o)
 .comment       0x00000000       0x2b /Users/william/Applications/openlpc/bin/../lib/gcc/arm-none-eabi/4.5.2/../../../../arm-none-eabi/lib/thumb2/libc.a(lib_a-makebuf.o)
 .comment       0x00000000       0x2b /Users/william/Applications/openlpc/bin/../lib/gcc/arm-none-eabi/4.5.2/../../../../arm-none-eabi/lib/thumb2/libc.a(lib_a-malloc.o)
 .comment       0x00000000       0x2b /Users/william/Applications/openlpc/bin/../lib/gcc/arm-none-eabi/4.5.2/../../../../arm-none-eabi/lib/thumb2/libc.a(lib_a-mallocr.o)
 .comment       0x00000000       0x2b /Users/william/Applications/openlpc/bin/../lib/gcc/arm-none-eabi/4.5.2/../../../../arm-none-eabi/lib/thumb2/libc.a(lib_a-memchr.o)
 .comment       0x00000000       0x2b /Users/william/Applications/openlpc/bin/../lib/gcc/arm-none-eabi/4.5.2/../../../../arm-none-eabi/lib/thumb2/libc.a(lib_a-memcpy.o)
 .comment       0x00000000       0x2b /Users/william/Applications/openlpc/bin/../lib/gcc/arm-none-eabi/4.5.2/../../../../arm-none-eabi/lib/thumb2/libc.a(lib_a-memset.o)
 .comment       0x00000000       0x2b /Users/william/Applications/openlpc/bin/../lib/gcc/arm-none-eabi/4.5.2/../../../../arm-none-eabi/lib/thumb2/libc.a(lib_a-mlock.o)
 .comment       0x00000000       0x2b /Users/william/Applications/openlpc/bin/../lib/gcc/arm-none-eabi/4.5.2/../../../../arm-none-eabi/lib/thumb2/libc.a(lib_a-mprec.o)
 .comment       0x00000000       0x2b /Users/william/Applications/openlpc/bin/../lib/gcc/arm-none-eabi/4.5.2/../../../../arm-none-eabi/lib/thumb2/libc.a(lib_a-s_fpclassify.o)
 .comment       0x00000000       0x2b /Users/william/Applications/openlpc/bin/../lib/gcc/arm-none-eabi/4.5.2/../../../../arm-none-eabi/lib/thumb2/libc.a(lib_a-sbrkr.o)
 .comment       0x00000000       0x2b /Users/william/Applications/openlpc/bin/../lib/gcc/arm-none-eabi/4.5.2/../../../../arm-none-eabi/lib/thumb2/libc.a(lib_a-stdio.o)
 .comment       0x00000000       0x2b /Users/william/Applications/openlpc/bin/../lib/gcc/arm-none-eabi/4.5.2/../../../../arm-none-eabi/lib/thumb2/libc.a(lib_a-strcmp.o)
 .comment       0x00000000       0x2b /Users/william/Applications/openlpc/bin/../lib/gcc/arm-none-eabi/4.5.2/../../../../arm-none-eabi/lib/thumb2/libc.a(lib_a-strlen.o)
 .comment       0x00000000       0x2b /Users/william/Applications/openlpc/bin/../lib/gcc/arm-none-eabi/4.5.2/../../../../arm-none-eabi/lib/thumb2/libc.a(lib_a-vfiprintf.o)
 .comment       0x00000000       0x2b /Users/william/Applications/openlpc/bin/../lib/gcc/arm-none-eabi/4.5.2/../../../../arm-none-eabi/lib/thumb2/libc.a(lib_a-writer.o)
 .comment       0x00000000       0x2b /Users/william/Applications/openlpc/bin/../lib/gcc/arm-none-eabi/4.5.2/../../../../arm-none-eabi/lib/thumb2/libc.a(lib_a-callocr.o)
 .comment       0x00000000       0x2b /Users/william/Applications/openlpc/bin/../lib/gcc/arm-none-eabi/4.5.2/../../../../arm-none-eabi/lib/thumb2/libc.a(lib_a-closer.o)
 .comment       0x00000000       0x2b /Users/william/Applications/openlpc/bin/../lib/gcc/arm-none-eabi/4.5.2/../../../../arm-none-eabi/lib/thumb2/libc.a(lib_a-fclose.o)
 .comment       0x00000000       0x2b /Users/william/Applications/openlpc/bin/../lib/gcc/arm-none-eabi/4.5.2/../../../../arm-none-eabi/lib/thumb2/libc.a(lib_a-fputwc.o)
 .comment       0x00000000       0x2b /Users/william/Applications/openlpc/bin/../lib/gcc/arm-none-eabi/4.5.2/../../../../arm-none-eabi/lib/thumb2/libc.a(lib_a-fstatr.o)
 .comment       0x00000000       0x2b /Users/william/Applications/openlpc/bin/../lib/gcc/arm-none-eabi/4.5.2/../../../../arm-none-eabi/lib/thumb2/libc.a(lib_a-fvwrite.o)
 .comment       0x00000000       0x2b /Users/william/Applications/openlpc/bin/../lib/gcc/arm-none-eabi/4.5.2/../../../../arm-none-eabi/lib/thumb2/libc.a(lib_a-isattyr.o)
 .comment       0x00000000       0x2b /Users/william/Applications/openlpc/bin/../lib/gcc/arm-none-eabi/4.5.2/../../../../arm-none-eabi/lib/thumb2/libc.a(lib_a-lseekr.o)
 .comment       0x00000000       0x2b /Users/william/Applications/openlpc/bin/../lib/gcc/arm-none-eabi/4.5.2/../../../../arm-none-eabi/lib/thumb2/libc.a(lib_a-memmove.o)
 .comment       0x00000000       0x2b /Users/william/Applications/openlpc/bin/../lib/gcc/arm-none-eabi/4.5.2/../../../../arm-none-eabi/lib/thumb2/libc.a(lib_a-readr.o)
 .comment       0x00000000       0x2b /Users/william/Applications/openlpc/bin/../lib/gcc/arm-none-eabi/4.5.2/../../../../arm-none-eabi/lib/thumb2/libc.a(lib_a-reallocr.o)
 .comment       0x00000000       0x2b /Users/william/Applications/openlpc/bin/../lib/gcc/arm-none-eabi/4.5.2/../../../../arm-none-eabi/lib/thumb2/libc.a(lib_a-reent.o)
 .comment       0x00000000       0x2b /Users/william/Applications/openlpc/bin/../lib/gcc/arm-none-eabi/4.5.2/../../../../arm-none-eabi/lib/thumb2/libc.a(lib_a-wbuf.o)
 .comment       0x00000000       0x2b /Users/william/Applications/openlpc/bin/../lib/gcc/arm-none-eabi/4.5.2/../../../../arm-none-eabi/lib/thumb2/libc.a(lib_a-wcrtomb.o)
 .comment       0x00000000       0x2b /Users/william/Applications/openlpc/bin/../lib/gcc/arm-none-eabi/4.5.2/../../../../arm-none-eabi/lib/thumb2/libc.a(lib_a-wctomb_r.o)
 .comment       0x0000002a       0x12 /Users/william/Applications/openlpc/bin/../lib/gcc/arm-none-eabi/4.5.2/../../../../arm-none-eabi/lib/thumb2/libstartup.lpc17xx.a(syscalls.o)
 .comment       0x00000000       0x2b /Users/william/Applications/openlpc/bin/../lib/gcc/arm-none-eabi/4.5.2/../../../../arm-none-eabi/lib/thumb2/libstartup.lpc17xx.a(system_LPC17xx.o)
 .comment       0x00000000       0x2b /Users/william/Applications/openlpc/bin/../lib/gcc/arm-none-eabi/4.5.2/../../../../arm-none-eabi/lib/thumb2/liblpc17xx.lpc17xx.a(openlpc.o)
 .comment       0x00000000       0x2b /Users/william/Applications/openlpc/bin/../lib/gcc/arm-none-eabi/4.5.2/thumb2/libgcc.a(bpabi.o)
 .comment       0x00000000       0x2b /Users/william/Applications/openlpc/bin/../lib/gcc/arm-none-eabi/4.5.2/thumb2/libgcc.a(_divdi3.o)
 .comment       0x00000000       0x2b /Users/william/Applications/openlpc/bin/../lib/gcc/arm-none-eabi/4.5.2/thumb2/libgcc.a(_udivdi3.o)

.debug_aranges  0x00000000      0x220
 *(.debug_aranges)
 .debug_aranges
                0x00000000       0x20 /Users/william/Applications/openlpc/bin/../lib/gcc/arm-none-eabi/4.5.2/thumb2/libgcc.a(_udivsi3.o)
 .debug_aranges
                0x00000020       0x20 /Users/william/Applications/openlpc/bin/../lib/gcc/arm-none-eabi/4.5.2/thumb2/libgcc.a(_divsi3.o)
 .debug_aranges
                0x00000040       0x20 /Users/william/Applications/openlpc/bin/../lib/gcc/arm-none-eabi/4.5.2/thumb2/libgcc.a(_dvmd_tls.o)
 .debug_aranges
                0x00000060       0x20 /Users/william/Applications/openlpc/bin/../lib/gcc/arm-none-eabi/4.5.2/thumb2/libgcc.a(_arm_addsubdf3.o)
 .debug_aranges
                0x00000080       0x20 /Users/william/Applications/openlpc/bin/../lib/gcc/arm-none-eabi/4.5.2/thumb2/libgcc.a(_arm_muldivdf3.o)
 .debug_aranges
                0x000000a0       0x20 /Users/william/Applications/openlpc/bin/../lib/gcc/arm-none-eabi/4.5.2/thumb2/libgcc.a(_arm_cmpdf2.o)
 .debug_aranges
                0x000000c0       0x20 /Users/william/Applications/openlpc/bin/../lib/gcc/arm-none-eabi/4.5.2/thumb2/libgcc.a(_arm_fixdfsi.o)
 .debug_aranges
                0x000000e0       0x20 /Users/william/Applications/openlpc/bin/../lib/gcc/arm-none-eabi/4.5.2/thumb2/libgcc.a(_arm_fixunsdfsi.o)
 .debug_aranges
                0x00000100       0x20 /Users/william/Applications/openlpc/bin/../lib/gcc/arm-none-eabi/4.5.2/thumb2/libgcc.a(_arm_truncdfsf2.o)
 .debug_aranges
                0x00000120       0x20 /Users/william/Applications/openlpc/bin/../lib/gcc/arm-none-eabi/4.5.2/thumb2/libgcc.a(_arm_addsubsf3.o)
 .debug_aranges
                0x00000140       0x20 /Users/william/Applications/openlpc/bin/../lib/gcc/arm-none-eabi/4.5.2/thumb2/libgcc.a(_arm_muldivsf3.o)
 .debug_aranges
                0x00000160       0x20 /Users/william/Applications/openlpc/bin/../lib/gcc/arm-none-eabi/4.5.2/thumb2/libgcc.a(_arm_cmpsf2.o)
 .debug_aranges
                0x00000180       0x20 /Users/william/Applications/openlpc/bin/../lib/gcc/arm-none-eabi/4.5.2/thumb2/libgcc.a(_arm_fixsfsi.o)
 .debug_aranges
                0x000001a0       0x20 /Users/william/Applications/openlpc/bin/../lib/gcc/arm-none-eabi/4.5.2/thumb2/libgcc.a(_aeabi_uldivmod.o)
 .debug_aranges
                0x000001c0       0x20 /Users/william/Applications/openlpc/bin/../lib/gcc/arm-none-eabi/4.5.2/thumb2/libgcc.a(bpabi.o)
 .debug_aranges
                0x000001e0       0x20 /Users/william/Applications/openlpc/bin/../lib/gcc/arm-none-eabi/4.5.2/thumb2/libgcc.a(_divdi3.o)
 .debug_aranges
                0x00000200       0x20 /Users/william/Applications/openlpc/bin/../lib/gcc/arm-none-eabi/4.5.2/thumb2/libgcc.a(_udivdi3.o)

.debug_pubnames
                0x00000000       0x84
 *(.debug_pubnames)
 .debug_pubnames
                0x00000000       0x45 /Users/william/Applications/openlpc/bin/../lib/gcc/arm-none-eabi/4.5.2/thumb2/libgcc.a(bpabi.o)
 .debug_pubnames
                0x00000045       0x1f /Users/william/Applications/openlpc/bin/../lib/gcc/arm-none-eabi/4.5.2/thumb2/libgcc.a(_divdi3.o)
 .debug_pubnames
                0x00000064       0x20 /Users/william/Applications/openlpc/bin/../lib/gcc/arm-none-eabi/4.5.2/thumb2/libgcc.a(_udivdi3.o)

.debug_info     0x00000000     0x1773
 *(.debug_info .gnu.linkonce.wi.*)
 .debug_info    0x00000000       0xb2 /Users/william/Applications/openlpc/bin/../lib/gcc/arm-none-eabi/4.5.2/thumb2/libgcc.a(_udivsi3.o)
 .debug_info    0x000000b2       0xb2 /Users/william/Applications/openlpc/bin/../lib/gcc/arm-none-eabi/4.5.2/thumb2/libgcc.a(_divsi3.o)
 .debug_info    0x00000164       0xb2 /Users/william/Applications/openlpc/bin/../lib/gcc/arm-none-eabi/4.5.2/thumb2/libgcc.a(_dvmd_tls.o)
 .debug_info    0x00000216       0xb1 /Users/william/Applications/openlpc/bin/../lib/gcc/arm-none-eabi/4.5.2/thumb2/libgcc.a(_arm_addsubdf3.o)
 .debug_info    0x000002c7       0xb1 /Users/william/Applications/openlpc/bin/../lib/gcc/arm-none-eabi/4.5.2/thumb2/libgcc.a(_arm_muldivdf3.o)
 .debug_info    0x00000378       0xb1 /Users/william/Applications/openlpc/bin/../lib/gcc/arm-none-eabi/4.5.2/thumb2/libgcc.a(_arm_cmpdf2.o)
 .debug_info    0x00000429       0xb1 /Users/william/Applications/openlpc/bin/../lib/gcc/arm-none-eabi/4.5.2/thumb2/libgcc.a(_arm_fixdfsi.o)
 .debug_info    0x000004da       0xb1 /Users/william/Applications/openlpc/bin/../lib/gcc/arm-none-eabi/4.5.2/thumb2/libgcc.a(_arm_fixunsdfsi.o)
 .debug_info    0x0000058b       0xb1 /Users/william/Applications/openlpc/bin/../lib/gcc/arm-none-eabi/4.5.2/thumb2/libgcc.a(_arm_truncdfsf2.o)
 .debug_info    0x0000063c       0xb1 /Users/william/Applications/openlpc/bin/../lib/gcc/arm-none-eabi/4.5.2/thumb2/libgcc.a(_arm_addsubsf3.o)
 .debug_info    0x000006ed       0xb1 /Users/william/Applications/openlpc/bin/../lib/gcc/arm-none-eabi/4.5.2/thumb2/libgcc.a(_arm_muldivsf3.o)
 .debug_info    0x0000079e       0xb1 /Users/william/Applications/openlpc/bin/../lib/gcc/arm-none-eabi/4.5.2/thumb2/libgcc.a(_arm_cmpsf2.o)
 .debug_info    0x0000084f       0xb1 /Users/william/Applications/openlpc/bin/../lib/gcc/arm-none-eabi/4.5.2/thumb2/libgcc.a(_arm_fixsfsi.o)
 .debug_info    0x00000900       0xac /Users/william/Applications/openlpc/bin/../lib/gcc/arm-none-eabi/4.5.2/thumb2/libgcc.a(_aeabi_uldivmod.o)
 .debug_info    0x000009ac       0xf0 /Users/william/Applications/openlpc/bin/../lib/gcc/arm-none-eabi/4.5.2/thumb2/libgcc.a(bpabi.o)
 .debug_info    0x00000a9c      0x68c /Users/william/Applications/openlpc/bin/../lib/gcc/arm-none-eabi/4.5.2/thumb2/libgcc.a(_divdi3.o)
 .debug_info    0x00001128      0x64b /Users/william/Applications/openlpc/bin/../lib/gcc/arm-none-eabi/4.5.2/thumb2/libgcc.a(_udivdi3.o)

.debug_abbrev   0x00000000      0x43b
 *(.debug_abbrev)
 .debug_abbrev  0x00000000       0x14 /Users/william/Applications/openlpc/bin/../lib/gcc/arm-none-eabi/4.5.2/thumb2/libgcc.a(_udivsi3.o)
 .debug_abbrev  0x00000014       0x14 /Users/william/Applications/openlpc/bin/../lib/gcc/arm-none-eabi/4.5.2/thumb2/libgcc.a(_divsi3.o)
 .debug_abbrev  0x00000028       0x14 /Users/william/Applications/openlpc/bin/../lib/gcc/arm-none-eabi/4.5.2/thumb2/libgcc.a(_dvmd_tls.o)
 .debug_abbrev  0x0000003c       0x14 /Users/william/Applications/openlpc/bin/../lib/gcc/arm-none-eabi/4.5.2/thumb2/libgcc.a(_arm_addsubdf3.o)
 .debug_abbrev  0x00000050       0x14 /Users/william/Applications/openlpc/bin/../lib/gcc/arm-none-eabi/4.5.2/thumb2/libgcc.a(_arm_muldivdf3.o)
 .debug_abbrev  0x00000064       0x14 /Users/william/Applications/openlpc/bin/../lib/gcc/arm-none-eabi/4.5.2/thumb2/libgcc.a(_arm_cmpdf2.o)
 .debug_abbrev  0x00000078       0x14 /Users/william/Applications/openlpc/bin/../lib/gcc/arm-none-eabi/4.5.2/thumb2/libgcc.a(_arm_fixdfsi.o)
 .debug_abbrev  0x0000008c       0x14 /Users/william/Applications/openlpc/bin/../lib/gcc/arm-none-eabi/4.5.2/thumb2/libgcc.a(_arm_fixunsdfsi.o)
 .debug_abbrev  0x000000a0       0x14 /Users/william/Applications/openlpc/bin/../lib/gcc/arm-none-eabi/4.5.2/thumb2/libgcc.a(_arm_truncdfsf2.o)
 .debug_abbrev  0x000000b4       0x14 /Users/william/Applications/openlpc/bin/../lib/gcc/arm-none-eabi/4.5.2/thumb2/libgcc.a(_arm_addsubsf3.o)
 .debug_abbrev  0x000000c8       0x14 /Users/william/Applications/openlpc/bin/../lib/gcc/arm-none-eabi/4.5.2/thumb2/libgcc.a(_arm_muldivsf3.o)
 .debug_abbrev  0x000000dc       0x14 /Users/william/Applications/openlpc/bin/../lib/gcc/arm-none-eabi/4.5.2/thumb2/libgcc.a(_arm_cmpsf2.o)
 .debug_abbrev  0x000000f0       0x14 /Users/william/Applications/openlpc/bin/../lib/gcc/arm-none-eabi/4.5.2/thumb2/libgcc.a(_arm_fixsfsi.o)
 .debug_abbrev  0x00000104       0x14 /Users/william/Applications/openlpc/bin/../lib/gcc/arm-none-eabi/4.5.2/thumb2/libgcc.a(_aeabi_uldivmod.o)
 .debug_abbrev  0x00000118       0x6e /Users/william/Applications/openlpc/bin/../lib/gcc/arm-none-eabi/4.5.2/thumb2/libgcc.a(bpabi.o)
 .debug_abbrev  0x00000186      0x162 /Users/william/Applications/openlpc/bin/../lib/gcc/arm-none-eabi/4.5.2/thumb2/libgcc.a(_divdi3.o)
 .debug_abbrev  0x000002e8      0x153 /Users/william/Applications/openlpc/bin/../lib/gcc/arm-none-eabi/4.5.2/thumb2/libgcc.a(_udivdi3.o)

.debug_line     0x00000000      0xe3e
 *(.debug_line)
 .debug_line    0x00000000       0x85 /Users/william/Applications/openlpc/bin/../lib/gcc/arm-none-eabi/4.5.2/thumb2/libgcc.a(_udivsi3.o)
 .debug_line    0x00000085       0x96 /Users/william/Applications/openlpc/bin/../lib/gcc/arm-none-eabi/4.5.2/thumb2/libgcc.a(_divsi3.o)
 .debug_line    0x0000011b       0x62 /Users/william/Applications/openlpc/bin/../lib/gcc/arm-none-eabi/4.5.2/thumb2/libgcc.a(_dvmd_tls.o)
 .debug_line    0x0000017d      0x1fe /Users/william/Applications/openlpc/bin/../lib/gcc/arm-none-eabi/4.5.2/thumb2/libgcc.a(_arm_addsubdf3.o)